2025-05-17T17:12:28.9031649Z Current runner version: '2.324.0'
2025-05-17T17:12:28.9065094Z ##[group]Runner Image Provisioner
2025-05-17T17:12:28.9066292Z Hosted Compute Agent
2025-05-17T17:12:28.9067391Z Version: 20250508.323
2025-05-17T17:12:28.9068332Z Commit: 81b259f29879f73b4213d199e42d8c3465dae986
2025-05-17T17:12:28.9069529Z Build Date: 2025-05-08T19:40:08Z
2025-05-17T17:12:28.9070410Z ##[endgroup]
2025-05-17T17:12:28.9071259Z ##[group]Operating System
2025-05-17T17:12:28.9072105Z Ubuntu
2025-05-17T17:12:28.9072880Z 24.04.2
2025-05-17T17:12:28.9073728Z LTS
2025-05-17T17:12:28.9074531Z ##[endgroup]
2025-05-17T17:12:28.9075238Z ##[group]Runner Image
2025-05-17T17:12:28.9076115Z Image: ubuntu-24.04
2025-05-17T17:12:28.9077184Z Version: 20250511.1.0
2025-05-17T17:12:28.9078842Z Included Software: https://github.com/actions/runner-images/blob/ubuntu24/20250511.1/images/ubuntu/Ubuntu2404-Readme.md
2025-05-17T17:12:28.9081636Z Image Release: https://github.com/actions/runner-images/releases/tag/ubuntu24%2F20250511.1
2025-05-17T17:12:28.9083209Z ##[endgroup]
2025-05-17T17:12:28.9087724Z ##[group]GITHUB_TOKEN Permissions
2025-05-17T17:12:28.9090358Z Actions: write
2025-05-17T17:12:28.9091324Z Attestations: write
2025-05-17T17:12:28.9092160Z Checks: write
2025-05-17T17:12:28.9092898Z Contents: write
2025-05-17T17:12:28.9093804Z Deployments: write
2025-05-17T17:12:28.9094603Z Discussions: write
2025-05-17T17:12:28.9095315Z Issues: write
2025-05-17T17:12:28.9096154Z Metadata: read
2025-05-17T17:12:28.9097144Z Models: read
2025-05-17T17:12:28.9097910Z Packages: write
2025-05-17T17:12:28.9098678Z Pages: write
2025-05-17T17:12:28.9099477Z PullRequests: write
2025-05-17T17:12:28.9100324Z RepositoryProjects: write
2025-05-17T17:12:28.9101275Z SecurityEvents: write
2025-05-17T17:12:28.9102285Z Statuses: write
2025-05-17T17:12:28.9103054Z ##[endgroup]
2025-05-17T17:12:28.9106039Z Secret source: Actions
2025-05-17T17:12:28.9107255Z Prepare workflow directory
2025-05-17T17:12:28.9565322Z Prepare all required actions
2025-05-17T17:12:28.9622242Z Getting action download info
2025-05-17T17:12:29.2062980Z ##[group]Download immutable action package 'actions/checkout@v4'
2025-05-17T17:12:29.2064007Z Version: 4.2.2
2025-05-17T17:12:29.2065090Z Digest: sha256:ccb2698953eaebd21c7bf6268a94f9c26518a7e38e27e0b83c1fe1ad049819b1
2025-05-17T17:12:29.2066282Z Source commit SHA: 11bd71901bbe5b1630ceea73d27597364c9af683
2025-05-17T17:12:29.2067190Z ##[endgroup]
2025-05-17T17:12:29.2738205Z ##[group]Download immutable action package 'actions/upload-artifact@v4'
2025-05-17T17:12:29.2739053Z Version: 4.6.2
2025-05-17T17:12:29.2739730Z Digest: sha256:290722aa3281d5caf23d0acdc3dbeb3424786a1a01a9cc97e72f147225e37c38
2025-05-17T17:12:29.2740867Z Source commit SHA: ea165f8d65b6e75b540449e92b4886f43607fa02
2025-05-17T17:12:29.2741519Z ##[endgroup]
2025-05-17T17:12:29.4679002Z Complete job name: Test source distribution
2025-05-17T17:12:29.5349623Z ##[group]Run actions/checkout@v4
2025-05-17T17:12:29.5350489Z with:
2025-05-17T17:12:29.5350865Z   fetch-depth: 0
2025-05-17T17:12:29.5351319Z   repository: petrasvestartas/compas_occt
2025-05-17T17:12:29.5352013Z   token: ***
2025-05-17T17:12:29.5352392Z   ssh-strict: true
2025-05-17T17:12:29.5352772Z   ssh-user: git
2025-05-17T17:12:29.5353173Z   persist-credentials: true
2025-05-17T17:12:29.5353610Z   clean: true
2025-05-17T17:12:29.5354008Z   sparse-checkout-cone-mode: true
2025-05-17T17:12:29.5354466Z   fetch-tags: false
2025-05-17T17:12:29.5354857Z   show-progress: true
2025-05-17T17:12:29.5355242Z   lfs: false
2025-05-17T17:12:29.5355609Z   submodules: false
2025-05-17T17:12:29.5355997Z   set-safe-directory: true
2025-05-17T17:12:29.5356643Z ##[endgroup]
2025-05-17T17:12:29.6447244Z Syncing repository: petrasvestartas/compas_occt
2025-05-17T17:12:29.6449418Z ##[group]Getting Git version info
2025-05-17T17:12:29.6450377Z Working directory is '/home/runner/work/compas_occt/compas_occt'
2025-05-17T17:12:29.6451361Z [command]/usr/bin/git version
2025-05-17T17:12:29.6477985Z git version 2.49.0
2025-05-17T17:12:29.6505016Z ##[endgroup]
2025-05-17T17:12:29.6520135Z Temporarily overriding HOME='/home/runner/work/_temp/3681e310-63c2-4e3b-a9f8-b0a9710350e7' before making global git config changes
2025-05-17T17:12:29.6521612Z Adding repository directory to the temporary git global config as a safe directory
2025-05-17T17:12:29.6533597Z [command]/usr/bin/git config --global --add safe.directory /home/runner/work/compas_occt/compas_occt
2025-05-17T17:12:29.6569747Z Deleting the contents of '/home/runner/work/compas_occt/compas_occt'
2025-05-17T17:12:29.6573531Z ##[group]Initializing the repository
2025-05-17T17:12:29.6577605Z [command]/usr/bin/git init /home/runner/work/compas_occt/compas_occt
2025-05-17T17:12:29.6640222Z hint: Using 'master' as the name for the initial branch. This default branch name
2025-05-17T17:12:29.6641953Z hint: is subject to change. To configure the initial branch name to use in all
2025-05-17T17:12:29.6643480Z hint: of your new repositories, which will suppress this warning, call:
2025-05-17T17:12:29.6644635Z hint:
2025-05-17T17:12:29.6645416Z hint: 	git config --global init.defaultBranch <name>
2025-05-17T17:12:29.6646343Z hint:
2025-05-17T17:12:29.6647326Z hint: Names commonly chosen instead of 'master' are 'main', 'trunk' and
2025-05-17T17:12:29.6648261Z hint: 'development'. The just-created branch can be renamed via this command:
2025-05-17T17:12:29.6648976Z hint:
2025-05-17T17:12:29.6649365Z hint: 	git branch -m <name>
2025-05-17T17:12:29.6650117Z Initialized empty Git repository in /home/runner/work/compas_occt/compas_occt/.git/
2025-05-17T17:12:29.6657593Z [command]/usr/bin/git remote add origin https://github.com/petrasvestartas/compas_occt
2025-05-17T17:12:29.6690365Z ##[endgroup]
2025-05-17T17:12:29.6691189Z ##[group]Disabling automatic garbage collection
2025-05-17T17:12:29.6694555Z [command]/usr/bin/git config --local gc.auto 0
2025-05-17T17:12:29.6724496Z ##[endgroup]
2025-05-17T17:12:29.6725253Z ##[group]Setting up auth
2025-05-17T17:12:29.6731444Z [command]/usr/bin/git config --local --name-only --get-regexp core\.sshCommand
2025-05-17T17:12:29.6762512Z [command]/usr/bin/git submodule foreach --recursive sh -c "git config --local --name-only --get-regexp 'core\.sshCommand' && git config --local --unset-all 'core.sshCommand' || :"
2025-05-17T17:12:29.7033736Z [command]/usr/bin/git config --local --name-only --get-regexp http\.https\:\/\/github\.com\/\.extraheader
2025-05-17T17:12:29.7064201Z [command]/usr/bin/git submodule foreach --recursive sh -c "git config --local --name-only --get-regexp 'http\.https\:\/\/github\.com\/\.extraheader' && git config --local --unset-all 'http.https://github.com/.extraheader' || :"
2025-05-17T17:12:29.7287839Z [command]/usr/bin/git config --local http.https://github.com/.extraheader AUTHORIZATION: basic ***
2025-05-17T17:12:29.7325592Z ##[endgroup]
2025-05-17T17:12:29.7326419Z ##[group]Fetching the repository
2025-05-17T17:12:29.7335537Z [command]/usr/bin/git -c protocol.version=2 fetch --prune --no-recurse-submodules origin +refs/heads/*:refs/remotes/origin/* +refs/tags/*:refs/tags/*
2025-05-17T17:12:30.0058860Z From https://github.com/petrasvestartas/compas_occt
2025-05-17T17:12:30.0062323Z  * [new branch]      gh-pages   -> origin/gh-pages
2025-05-17T17:12:30.0063505Z  * [new branch]      main       -> origin/main
2025-05-17T17:12:30.0064318Z  * [new tag]         v0.1.1     -> v0.1.1
2025-05-17T17:12:30.0108278Z [command]/usr/bin/git branch --list --remote origin/main
2025-05-17T17:12:30.0132365Z   origin/main
2025-05-17T17:12:30.0143316Z [command]/usr/bin/git rev-parse refs/remotes/origin/main
2025-05-17T17:12:30.0166283Z 8707a75ea12599d6bc1bfaf9a359c5bf1d6998c4
2025-05-17T17:12:30.0172790Z ##[endgroup]
2025-05-17T17:12:30.0173942Z ##[group]Determining the checkout info
2025-05-17T17:12:30.0174900Z ##[endgroup]
2025-05-17T17:12:30.0179291Z [command]/usr/bin/git sparse-checkout disable
2025-05-17T17:12:30.0219590Z [command]/usr/bin/git config --local --unset-all extensions.worktreeConfig
2025-05-17T17:12:30.0245798Z ##[group]Checking out the ref
2025-05-17T17:12:30.0250053Z [command]/usr/bin/git checkout --progress --force -B main refs/remotes/origin/main
2025-05-17T17:12:30.0305509Z Switched to a new branch 'main'
2025-05-17T17:12:30.0307992Z branch 'main' set up to track 'origin/main'.
2025-05-17T17:12:30.0315652Z ##[endgroup]
2025-05-17T17:12:30.0353806Z [command]/usr/bin/git log -1 --format=%H
2025-05-17T17:12:30.0378510Z 8707a75ea12599d6bc1bfaf9a359c5bf1d6998c4
2025-05-17T17:12:30.0565028Z ##[group]Run pipx run build --sdist
2025-05-17T17:12:30.0565717Z [36;1mpipx run build --sdist[0m
2025-05-17T17:12:30.0739561Z shell: /usr/bin/bash -e {0}
2025-05-17T17:12:30.0740178Z ##[endgroup]
2025-05-17T17:12:30.4535293Z creating virtual environment...
2025-05-17T17:12:30.6807110Z installing build...
2025-05-17T17:12:33.3375083Z * Creating isolated environment: venv+pip...
2025-05-17T17:12:33.3415259Z * Installing packages in isolated environment:
2025-05-17T17:12:34.5746384Z   - nanobind >=1.3.2
2025-05-17T17:12:34.5747361Z   - scikit-build-core >=0.10
2025-05-17T17:12:34.5747945Z * Getting build dependencies for sdist...
2025-05-17T17:12:34.7595703Z * Building sdist...
2025-05-17T17:12:34.9311847Z *** scikit-build-core 0.11.3 (sdist)
2025-05-17T17:12:34.9827083Z Successfully built compas_occt-0.1.1.tar.gz
2025-05-17T17:12:35.0032335Z ##[group]Run actions/upload-artifact@v4
2025-05-17T17:12:35.0032639Z with:
2025-05-17T17:12:35.0032802Z   name: sdist
2025-05-17T17:12:35.0032988Z   path: dist/*.tar.gz
2025-05-17T17:12:35.0033196Z   if-no-files-found: warn
2025-05-17T17:12:35.0033420Z   compression-level: 6
2025-05-17T17:12:35.0033620Z   overwrite: false
2025-05-17T17:12:35.0033807Z   include-hidden-files: false
2025-05-17T17:12:35.0034019Z ##[endgroup]
2025-05-17T17:12:35.2152655Z With the provided path, there will be 1 file uploaded
2025-05-17T17:12:35.2158689Z Artifact name is valid!
2025-05-17T17:12:35.2159854Z Root directory input is valid!
2025-05-17T17:12:35.3232343Z Beginning upload of artifact content to blob storage
2025-05-17T17:12:35.3984845Z Uploaded bytes 15908
2025-05-17T17:12:35.4193941Z Finished uploading artifact content to blob storage!
2025-05-17T17:12:35.4197575Z SHA256 digest of uploaded artifact zip is 7b2ea04b6cce08a95c3524f9d1a5bc6d08aa768e0a48967868a9bde06d341f29
2025-05-17T17:12:35.4199523Z Finalizing artifact upload
2025-05-17T17:12:35.4922249Z Artifact sdist.zip successfully finalized. Artifact ID 3144857709
2025-05-17T17:12:35.4923625Z Artifact sdist has been successfully uploaded! Final size is 15908 bytes. Artifact ID is 3144857709
2025-05-17T17:12:35.4931138Z Artifact download URL: https://github.com/petrasvestartas/compas_occt/actions/runs/15087355097/artifacts/3144857709
2025-05-17T17:12:35.5080858Z Post job cleanup.
2025-05-17T17:12:35.6012305Z [command]/usr/bin/git version
2025-05-17T17:12:35.6048003Z git version 2.49.0
2025-05-17T17:12:35.6090169Z Temporarily overriding HOME='/home/runner/work/_temp/ecfb0928-eda7-4ff9-801b-4271ff8823be' before making global git config changes
2025-05-17T17:12:35.6091246Z Adding repository directory to the temporary git global config as a safe directory
2025-05-17T17:12:35.6095337Z [command]/usr/bin/git config --global --add safe.directory /home/runner/work/compas_occt/compas_occt
2025-05-17T17:12:35.6130857Z [command]/usr/bin/git config --local --name-only --get-regexp core\.sshCommand
2025-05-17T17:12:35.6163501Z [command]/usr/bin/git submodule foreach --recursive sh -c "git config --local --name-only --get-regexp 'core\.sshCommand' && git config --local --unset-all 'core.sshCommand' || :"
2025-05-17T17:12:35.6391722Z [command]/usr/bin/git config --local --name-only --get-regexp http\.https\:\/\/github\.com\/\.extraheader
2025-05-17T17:12:35.6412223Z http.https://github.com/.extraheader
2025-05-17T17:12:35.6424407Z [command]/usr/bin/git config --local --unset-all http.https://github.com/.extraheader
2025-05-17T17:12:35.6454271Z [command]/usr/bin/git submodule foreach --recursive sh -c "git config --local --name-only --get-regexp 'http\.https\:\/\/github\.com\/\.extraheader' && git config --local --unset-all 'http.https://github.com/.extraheader' || :"
2025-05-17T17:12:35.6784979Z Cleaning up orphan processes
