2025-05-17T17:13:11.7810130Z ##[group]Run compas-dev/compas-actions.build@v4
2025-05-17T17:13:11.7810370Z with:
2025-05-17T17:13:11.7810480Z   invoke_lint: true
2025-05-17T17:13:11.7810610Z   use_conda: true
2025-05-17T17:13:11.7810730Z   check_import: true
2025-05-17T17:13:11.7810870Z   python: 3.10
2025-05-17T17:13:11.7810990Z   invoke_test: true
2025-05-17T17:13:11.7811130Z   build_ghpython_components: false
2025-05-17T17:13:11.7811310Z   gh_source: src/compas_ghpython/components
2025-05-17T17:13:11.7811520Z   gh_target: src/compas_ghpython/components/ghuser
2025-05-17T17:13:11.7811710Z   gh_interpreter: ironpython
2025-05-17T17:13:11.7811910Z   submodules: true
2025-05-17T17:13:11.7812030Z env:
2025-05-17T17:13:11.7812130Z   INPUT_RUN_POST: true
2025-05-17T17:13:11.7812280Z   CONDA: /Users/runner/miniconda3
2025-05-17T17:13:11.7812430Z ##[endgroup]
2025-05-17T17:13:11.7896370Z ##[group]Run actions/checkout@v4
2025-05-17T17:13:11.7896540Z with:
2025-05-17T17:13:11.7896680Z   submodules: true
2025-05-17T17:13:11.7896820Z   repository: petrasvestartas/compas_occt
2025-05-17T17:13:11.7897170Z   token: ***
2025-05-17T17:13:11.7897300Z   ssh-strict: true
2025-05-17T17:13:11.7897420Z   ssh-user: git
2025-05-17T17:13:11.7897550Z   persist-credentials: true
2025-05-17T17:13:11.7897700Z   clean: true
2025-05-17T17:13:11.7897830Z   sparse-checkout-cone-mode: true
2025-05-17T17:13:11.7897990Z   fetch-depth: 1
2025-05-17T17:13:11.7898100Z   fetch-tags: false
2025-05-17T17:13:11.7898240Z   show-progress: true
2025-05-17T17:13:11.7898370Z   lfs: false
2025-05-17T17:13:11.7898500Z   set-safe-directory: true
2025-05-17T17:13:11.7898640Z env:
2025-05-17T17:13:11.7898760Z   INPUT_RUN_POST: true
2025-05-17T17:13:11.7898900Z   CONDA: /Users/runner/miniconda3
2025-05-17T17:13:11.7899050Z ##[endgroup]
2025-05-17T17:13:11.8708440Z Syncing repository: petrasvestartas/compas_occt
2025-05-17T17:13:11.8708920Z ##[group]Getting Git version info
2025-05-17T17:13:11.8709200Z Working directory is '/Users/runner/work/compas_occt/compas_occt'
2025-05-17T17:13:11.8732760Z [command]/opt/homebrew/bin/git version
2025-05-17T17:13:11.8910730Z git version 2.49.0
2025-05-17T17:13:11.8925970Z ##[endgroup]
2025-05-17T17:13:11.8931640Z Copying '/Users/runner/.gitconfig' to '/Users/runner/work/_temp/634eb8f7-a88b-44cb-bf5e-8043c1db6a4c/.gitconfig'
2025-05-17T17:13:11.8937460Z Temporarily overriding HOME='/Users/runner/work/_temp/634eb8f7-a88b-44cb-bf5e-8043c1db6a4c' before making global git config changes
2025-05-17T17:13:11.8938040Z Adding repository directory to the temporary git global config as a safe directory
2025-05-17T17:13:11.8945210Z [command]/opt/homebrew/bin/git config --global --add safe.directory /Users/runner/work/compas_occt/compas_occt
2025-05-17T17:13:11.9033390Z [command]/opt/homebrew/bin/git config --local --get remote.origin.url
2025-05-17T17:13:11.9063550Z https://github.com/petrasvestartas/compas_occt
2025-05-17T17:13:11.9073460Z ##[group]Removing previously created refs, to avoid conflicts
2025-05-17T17:13:11.9076220Z [command]/opt/homebrew/bin/git rev-parse --symbolic-full-name --verify --quiet HEAD
2025-05-17T17:13:11.9116240Z refs/heads/main
2025-05-17T17:13:11.9123090Z [command]/opt/homebrew/bin/git checkout --detach
2025-05-17T17:13:11.9240910Z HEAD is now at 8707a75 CI mac
2025-05-17T17:13:11.9295100Z [command]/opt/homebrew/bin/git branch --delete --force main
2025-05-17T17:13:11.9339060Z Deleted branch main (was 8707a75).
2025-05-17T17:13:11.9388910Z ##[endgroup]
2025-05-17T17:13:11.9392420Z [command]/opt/homebrew/bin/git submodule status
2025-05-17T17:13:11.9887300Z ##[group]Cleaning the repository
2025-05-17T17:13:11.9891190Z [command]/opt/homebrew/bin/git clean -ffdx
2025-05-17T17:13:11.9936690Z [command]/opt/homebrew/bin/git reset --hard HEAD
2025-05-17T17:13:11.9982660Z HEAD is now at 8707a75 CI mac
2025-05-17T17:13:11.9985340Z ##[endgroup]
2025-05-17T17:13:11.9987610Z ##[group]Disabling automatic garbage collection
2025-05-17T17:13:11.9990350Z [command]/opt/homebrew/bin/git config --local gc.auto 0
2025-05-17T17:13:12.0025850Z ##[endgroup]
2025-05-17T17:13:12.0026480Z ##[group]Setting up auth
2025-05-17T17:13:12.0029920Z [command]/opt/homebrew/bin/git config --local --name-only --get-regexp core\.sshCommand
2025-05-17T17:13:12.0064170Z [command]/opt/homebrew/bin/git submodule foreach --recursive sh -c "git config --local --name-only --get-regexp 'core\.sshCommand' && git config --local --unset-all 'core.sshCommand' || :"
2025-05-17T17:13:12.0540720Z [command]/opt/homebrew/bin/git config --local --name-only --get-regexp http\.https\:\/\/github\.com\/\.extraheader
2025-05-17T17:13:12.0690350Z http.https://github.com/.extraheader
2025-05-17T17:13:12.0949170Z [command]/opt/homebrew/bin/git config --local --unset-all http.https://github.com/.extraheader
2025-05-17T17:13:12.1220510Z [command]/opt/homebrew/bin/git submodule foreach --recursive sh -c "git config --local --name-only --get-regexp 'http\.https\:\/\/github\.com\/\.extraheader' && git config --local --unset-all 'http.https://github.com/.extraheader' || :"
2025-05-17T17:13:12.1601210Z [command]/opt/homebrew/bin/git config --local http.https://github.com/.extraheader AUTHORIZATION: basic ***
2025-05-17T17:13:12.1703300Z ##[endgroup]
2025-05-17T17:13:12.1705320Z ##[group]Fetching the repository
2025-05-17T17:13:12.1709330Z [command]/opt/homebrew/bin/git -c protocol.version=2 fetch --no-tags --prune --no-recurse-submodules --depth=1 origin +8707a75ea12599d6bc1bfaf9a359c5bf1d6998c4:refs/remotes/origin/main
2025-05-17T17:13:12.8841400Z ##[endgroup]
2025-05-17T17:13:12.8841730Z ##[group]Determining the checkout info
2025-05-17T17:13:12.8842320Z ##[endgroup]
2025-05-17T17:13:12.8847170Z [command]/opt/homebrew/bin/git sparse-checkout disable
2025-05-17T17:13:12.8913840Z [command]/opt/homebrew/bin/git config --local --unset-all extensions.worktreeConfig
2025-05-17T17:13:12.8954730Z ##[group]Checking out the ref
2025-05-17T17:13:12.8958030Z [command]/opt/homebrew/bin/git checkout --progress --force -B main refs/remotes/origin/main
2025-05-17T17:13:12.9021060Z Switched to a new branch 'main'
2025-05-17T17:13:12.9024020Z branch 'main' set up to track 'origin/main'.
2025-05-17T17:13:12.9027720Z ##[endgroup]
2025-05-17T17:13:12.9028100Z ##[group]Setting up auth for fetching submodules
2025-05-17T17:13:12.9031660Z [command]/opt/homebrew/bin/git config --global http.https://github.com/.extraheader AUTHORIZATION: basic ***
2025-05-17T17:13:12.9073930Z [command]/opt/homebrew/bin/git config --global --unset-all url.https://github.com/.insteadOf
2025-05-17T17:13:12.9109880Z [command]/opt/homebrew/bin/git config --global --add url.https://github.com/.insteadOf git@github.com:
2025-05-17T17:13:12.9144400Z [command]/opt/homebrew/bin/git config --global --add url.https://github.com/.insteadOf org-18013985@github.com:
2025-05-17T17:13:12.9178160Z ##[endgroup]
2025-05-17T17:13:12.9178500Z ##[group]Fetching submodules
2025-05-17T17:13:12.9180980Z [command]/opt/homebrew/bin/git submodule sync
2025-05-17T17:13:12.9618180Z [command]/opt/homebrew/bin/git -c protocol.version=2 submodule update --init --force --depth=1
2025-05-17T17:13:13.0050890Z [command]/opt/homebrew/bin/git submodule foreach git config --local gc.auto 0
2025-05-17T17:13:13.0503700Z ##[endgroup]
2025-05-17T17:13:13.0504150Z ##[group]Persisting credentials for submodules
2025-05-17T17:13:13.0507680Z [command]/opt/homebrew/bin/git submodule foreach --recursive sh -c "git config --local --name-only --get-regexp 'url\.https\:\/\/github\.com\/\.insteadOf' && git config --local --unset-all 'url.https://github.com/.insteadOf' || :"
2025-05-17T17:13:13.1971880Z [command]/opt/homebrew/bin/git submodule foreach sh -c "git config --local 'http.https://github.com/.extraheader' 'AUTHORIZATION: basic ***' && git config --local --show-origin --name-only --get-regexp remote.origin.url"
2025-05-17T17:13:13.3363910Z [command]/opt/homebrew/bin/git submodule foreach git config --local --add 'url.https://github.com/.insteadOf' 'git@github.com:'
2025-05-17T17:13:13.4269860Z [command]/opt/homebrew/bin/git submodule foreach git config --local --add 'url.https://github.com/.insteadOf' 'org-18013985@github.com:'
2025-05-17T17:13:13.4885600Z ##[endgroup]
2025-05-17T17:13:13.4926040Z [command]/opt/homebrew/bin/git log -1 --format=%H
2025-05-17T17:13:13.4975700Z 8707a75ea12599d6bc1bfaf9a359c5bf1d6998c4
2025-05-17T17:13:13.5082870Z ##[group]Run conda-incubator/setup-miniconda@v2
2025-05-17T17:13:13.5083070Z with:
2025-05-17T17:13:13.5083180Z   miniconda-version: latest
2025-05-17T17:13:13.5083320Z   channels: conda-forge
2025-05-17T17:13:13.5083460Z   activate-environment: compas
2025-05-17T17:13:13.5083600Z   python-version: 3.10
2025-05-17T17:13:13.5083730Z   auto-activate-base: true
2025-05-17T17:13:13.5083880Z   auto-update-conda: false
2025-05-17T17:13:13.5084020Z   remove-profiles: true
2025-05-17T17:13:13.5084150Z   architecture: x64
2025-05-17T17:13:13.5084280Z   clean-patched-environment-file: true
2025-05-17T17:13:13.5084440Z   run-post: true
2025-05-17T17:13:13.5084550Z env:
2025-05-17T17:13:13.5084650Z   INPUT_RUN_POST: true
2025-05-17T17:13:13.5084780Z   CONDA: /Users/runner/miniconda3
2025-05-17T17:13:13.5084930Z ##[endgroup]
2025-05-17T17:13:13.5754450Z ##[group]Gathering Inputs...
2025-05-17T17:13:13.5761860Z ##[endgroup]
2025-05-17T17:13:13.5762610Z ##[group]Creating bootstrap condarc file in /Users/runner/.condarc...
2025-05-17T17:13:13.5771800Z ##[endgroup]
2025-05-17T17:13:13.5772200Z ##[group]Ensuring installer...
2025-05-17T17:13:13.5772480Z Can we use bundled Miniconda?
2025-05-17T17:13:13.5773120Z Can we download a custom installer by URL?
2025-05-17T17:13:13.5773410Z Can we download Miniconda?
2025-05-17T17:13:13.5774340Z ... will download Miniconda.
2025-05-17T17:13:13.5775100Z Miniconda3-latest-MacOSX-x86_64.sh
2025-05-17T17:13:13.7829690Z Ensuring Installer...
2025-05-17T17:13:13.7830490Z Checking for cached Miniconda3@latest...
2025-05-17T17:13:13.7831410Z Did not find Miniconda3-latest-MacOSX-x86_64.sh latest in cache
2025-05-17T17:13:14.5868010Z Downloaded Miniconda3-latest-MacOSX-x86_64.sh, ensuring extension .sh
2025-05-17T17:13:14.5868360Z Caching Miniconda3@latest...
2025-05-17T17:13:14.6756860Z Cached Miniconda3@latest: /Users/runner/hostedtoolcache/Miniconda3/latest/x86_64!
2025-05-17T17:13:14.6757640Z ##[endgroup]
2025-05-17T17:13:14.6758000Z ##[group]Running installer...
2025-05-17T17:13:14.6788950Z [command]/bin/bash /Users/runner/work/_temp/ead5e045-83d0-43cf-8422-2ee61066ca1a.sh -f -b -p /Users/runner/miniconda3
2025-05-17T17:13:14.7025410Z PREFIX=/Users/runner/miniconda3
2025-05-17T17:13:15.1136780Z Unpacking payload ...
2025-05-17T17:13:23.2540980Z ##[warning]entry_point.py:256: DeprecationWarning: Python 3.14 will, by default, filter extracted tar archives and reject files or modify their metadata. Use the filter argument to control this behavior.

2025-05-17T17:13:23.2542720Z entry_point.py:256: DeprecationWarning: Python 3.14 will, by default, filter extracted tar archives and reject files or modify their metadata. Use the filter argument to control this behavior.
2025-05-17T17:13:30.9739440Z ##[warning]entry_point.py:256: DeprecationWarning: Python 3.14 will, by default, filter extracted tar archives and reject files or modify their metadata. Use the filter argument to control this behavior.

2025-05-17T17:13:30.9740560Z entry_point.py:256: DeprecationWarning: Python 3.14 will, by default, filter extracted tar archives and reject files or modify their metadata. Use the filter argument to control this behavior.
2025-05-17T17:13:47.9569310Z 
2025-05-17T17:13:47.9571420Z Installing base environment...
2025-05-17T17:13:47.9573800Z 
2025-05-17T17:14:02.7768140Z Preparing transaction: ...working... done
2025-05-17T17:14:25.0308210Z Executing transaction: ...working... 
2025-05-17T17:14:25.0313960Z Removed 3 cache files.
2025-05-17T17:14:25.0314290Z Removed 0 Terms of Service files.
2025-05-17T17:14:25.0314400Z 
2025-05-17T17:14:25.0314520Z done
2025-05-17T17:14:36.0270030Z ##[warning]entry_point.py:256: DeprecationWarning: Python 3.14 will, by default, filter extracted tar archives and reject files or modify their metadata. Use the filter argument to control this behavior.

2025-05-17T17:14:36.0307600Z entry_point.py:256: DeprecationWarning: Python 3.14 will, by default, filter extracted tar archives and reject files or modify their metadata. Use the filter argument to control this behavior.
2025-05-17T17:14:36.2803000Z installation finished.
2025-05-17T17:14:36.2882180Z ##[endgroup]
2025-05-17T17:14:36.2883040Z ##[group]Setup environment variables...
2025-05-17T17:14:36.2883430Z Add "/Users/runner/miniconda3/condabin" to PATH
2025-05-17T17:14:36.2883880Z Set 'CONDA="/Users/runner/miniconda3"'
2025-05-17T17:14:36.2884420Z ##[endgroup]
2025-05-17T17:14:36.2884990Z ##[group]Parsing environment...
2025-05-17T17:14:36.2885460Z ##[endgroup]
2025-05-17T17:14:36.2885920Z ##[group]Configuring conda package cache...
2025-05-17T17:14:36.2886520Z [command]/Users/runner/miniconda3/condabin/conda config --add pkgs_dirs /Users/runner/conda_pkgs_dir
2025-05-17T17:14:38.8252900Z ##[endgroup]
2025-05-17T17:14:38.8253430Z ##[group]Applying initial configuration...
2025-05-17T17:14:38.8254980Z Adding channel 'conda-forge'
2025-05-17T17:14:38.8256960Z [command]/Users/runner/miniconda3/condabin/conda config --add channels conda-forge
2025-05-17T17:14:39.6127120Z ##[warning]/Users/runner/miniconda3/lib/python3.13/site-packages/conda/base/context.py:198: FutureWarning: Adding 'defaults' to channel list implicitly is deprecated and will be removed in 25.9. 

To remove this warning, please choose a default channel explicitly with conda's regular configuration system, e.g. by adding 'defaults' to the list of channels:

  conda config --add channels defaults

For more information see https://docs.conda.io/projects/conda/en/stable/user-guide/configuration/use-condarc.html

  deprecated.topic(

2025-05-17T17:14:39.6129100Z /Users/runner/miniconda3/lib/python3.13/site-packages/conda/base/context.py:198: FutureWarning: Adding 'defaults' to channel list implicitly is deprecated and will be removed in 25.9. 
2025-05-17T17:14:39.6129720Z 
2025-05-17T17:14:39.6130170Z To remove this warning, please choose a default channel explicitly with conda's regular configuration system, e.g. by adding 'defaults' to the list of channels:
2025-05-17T17:14:39.6130720Z 
2025-05-17T17:14:39.6130920Z   conda config --add channels defaults
2025-05-17T17:14:39.6132210Z 
2025-05-17T17:14:39.6132630Z For more information see https://docs.conda.io/projects/conda/en/stable/user-guide/configuration/use-condarc.html
2025-05-17T17:14:39.6133080Z 
2025-05-17T17:14:39.6133170Z   deprecated.topic(
2025-05-17T17:14:39.6751250Z auto_activate_base: true
2025-05-17T17:14:39.6752620Z [command]/Users/runner/miniconda3/condabin/conda config --set auto_activate_base true
2025-05-17T17:14:40.5123270Z auto_update_conda: false
2025-05-17T17:14:40.5125180Z [command]/Users/runner/miniconda3/condabin/conda config --set auto_update_conda false
2025-05-17T17:14:41.3895000Z always_yes: true
2025-05-17T17:14:41.3896400Z [command]/Users/runner/miniconda3/condabin/conda config --set always_yes true
2025-05-17T17:14:42.1428000Z changeps1: false
2025-05-17T17:14:42.1429800Z [command]/Users/runner/miniconda3/condabin/conda config --set changeps1 false
2025-05-17T17:14:42.8830560Z [command]/Users/runner/miniconda3/condabin/conda config --show-sources
2025-05-17T17:14:43.6112510Z ==> /Users/runner/miniconda3/.condarc <==
2025-05-17T17:14:43.6113080Z channels:
2025-05-17T17:14:43.6113290Z   - defaults
2025-05-17T17:14:43.6113450Z 
2025-05-17T17:14:43.6113510Z ==> /Users/runner/.condarc <==
2025-05-17T17:14:43.6113870Z auto_update_conda: False
2025-05-17T17:14:43.6114100Z auto_activate_base: True
2025-05-17T17:14:43.6114350Z notify_outdated_conda: False
2025-05-17T17:14:43.6115110Z changeps1: False
2025-05-17T17:14:43.6115420Z pkgs_dirs:
2025-05-17T17:14:43.6115620Z   - /Users/runner/conda_pkgs_dir
2025-05-17T17:14:43.6115860Z channels:
2025-05-17T17:14:43.6116070Z   - conda-forge
2025-05-17T17:14:43.6116410Z   - defaults
2025-05-17T17:14:43.6116600Z always_yes: True
2025-05-17T17:14:43.6116760Z 
2025-05-17T17:14:43.6627540Z [command]/Users/runner/miniconda3/condabin/conda config --show
2025-05-17T17:14:44.3260580Z add_anaconda_token: True
2025-05-17T17:14:44.3261130Z add_pip_as_python_dependency: True
2025-05-17T17:14:44.3261620Z aggressive_update_packages:
2025-05-17T17:14:44.3261970Z   - ca-certificates
2025-05-17T17:14:44.3262270Z   - certifi
2025-05-17T17:14:44.3262550Z   - openssl
2025-05-17T17:14:44.3262950Z allow_conda_downgrades: False
2025-05-17T17:14:44.3263330Z allow_cycles: True
2025-05-17T17:14:44.3263670Z allow_non_channel_urls: False
2025-05-17T17:14:44.3264090Z allow_softlinks: False
2025-05-17T17:14:44.3264390Z allowlist_channels: []
2025-05-17T17:14:44.3264750Z always_copy: False
2025-05-17T17:14:44.3265050Z always_softlink: False
2025-05-17T17:14:44.3265430Z always_yes: True
2025-05-17T17:14:44.3265710Z anaconda_anon_usage: True
2025-05-17T17:14:44.3266040Z anaconda_heartbeat: False
2025-05-17T17:14:44.3266420Z anaconda_upload: None
2025-05-17T17:14:44.3266750Z auto_activate_base: True
2025-05-17T17:14:44.3267070Z auto_stack: 0
2025-05-17T17:14:44.3267360Z auto_update_conda: False
2025-05-17T17:14:44.3267700Z bld_path: 
2025-05-17T17:14:44.3268010Z changeps1: False
2025-05-17T17:14:44.3268450Z channel_alias: https://conda.anaconda.org
2025-05-17T17:14:44.3268820Z channel_priority: flexible
2025-05-17T17:14:44.3269150Z channel_settings: []
2025-05-17T17:14:44.3269530Z channels:
2025-05-17T17:14:44.3269810Z   - conda-forge
2025-05-17T17:14:44.3270210Z   - defaults
2025-05-17T17:14:44.3270500Z client_ssl_cert: None
2025-05-17T17:14:44.3270780Z client_ssl_cert_key: None
2025-05-17T17:14:44.3271170Z clobber: False
2025-05-17T17:14:44.3271460Z conda_build: {}
2025-05-17T17:14:44.3271750Z console: classic
2025-05-17T17:14:44.3272070Z create_default_packages: []
2025-05-17T17:14:44.3272500Z croot: /Users/runner/miniconda3/conda-bld
2025-05-17T17:14:44.3272830Z custom_channels:
2025-05-17T17:14:44.3273130Z   pkgs/main: https://repo.anaconda.com
2025-05-17T17:14:44.3273530Z   pkgs/r: https://repo.anaconda.com
2025-05-17T17:14:44.3273930Z   pkgs/pro: https://repo.anaconda.com
2025-05-17T17:14:44.3274310Z custom_multichannels:
2025-05-17T17:14:44.3274600Z   defaults: 
2025-05-17T17:14:44.3274960Z     - https://repo.anaconda.com/pkgs/main
2025-05-17T17:14:44.3275350Z     - https://repo.anaconda.com/pkgs/r
2025-05-17T17:14:44.3281460Z   local: 
2025-05-17T17:14:44.3416980Z debug: False
2025-05-17T17:14:44.3518050Z default_channels:
2025-05-17T17:14:44.3520110Z   - https://repo.anaconda.com/pkgs/main
2025-05-17T17:14:44.3522280Z   - https://repo.anaconda.com/pkgs/r
2025-05-17T17:14:44.3531270Z default_python: 3.13
2025-05-17T17:14:44.3531660Z default_threads: None
2025-05-17T17:14:44.3532010Z denylist_channels: []
2025-05-17T17:14:44.3532500Z deps_modifier: not_set
2025-05-17T17:14:44.3532840Z dev: False
2025-05-17T17:14:44.3533150Z disallowed_packages: []
2025-05-17T17:14:44.3533710Z download_only: False
2025-05-17T17:14:44.3534000Z dry_run: False
2025-05-17T17:14:44.3534230Z enable_private_envs: False
2025-05-17T17:14:44.3534490Z env_prompt: ({default_env}) 
2025-05-17T17:14:44.3534780Z envs_dirs:
2025-05-17T17:14:44.3553070Z   - /Users/runner/miniconda3/envs
2025-05-17T17:14:44.3654320Z   - /Users/runner/.conda/envs
2025-05-17T17:14:44.3755380Z envvars_force_uppercase: True
2025-05-17T17:14:44.3856470Z error_upload_url: https://conda.io/conda-post/unexpected-error
2025-05-17T17:14:44.3957830Z execute_threads: 1
2025-05-17T17:14:44.4058860Z experimental: []
2025-05-17T17:14:44.4160160Z extra_safety_checks: False
2025-05-17T17:14:44.4261090Z fetch_threads: 5
2025-05-17T17:14:44.4362240Z force: False
2025-05-17T17:14:44.4463080Z force_32bit: False
2025-05-17T17:14:44.4564430Z force_reinstall: False
2025-05-17T17:14:44.4665610Z force_remove: False
2025-05-17T17:14:44.4766620Z ignore_pinned: False
2025-05-17T17:14:44.4867580Z json: False
2025-05-17T17:14:44.4968570Z local_repodata_ttl: 1
2025-05-17T17:14:44.5069610Z migrated_channel_aliases: []
2025-05-17T17:14:44.5170670Z migrated_custom_channels: {}
2025-05-17T17:14:44.5271560Z no_lock: False
2025-05-17T17:14:44.5362280Z no_plugins: False
2025-05-17T17:14:44.5366310Z non_admin_enabled: True
2025-05-17T17:14:44.5368270Z notify_outdated_conda: False
2025-05-17T17:14:44.5369110Z number_channel_notices: 5
2025-05-17T17:14:44.5373630Z offline: False
2025-05-17T17:14:44.5383250Z override_channels_enabled: True
2025-05-17T17:14:44.5394300Z path_conflict: clobber
2025-05-17T17:14:44.5397830Z pinned_packages: []
2025-05-17T17:14:44.5399780Z pip_interop_enabled: False
2025-05-17T17:14:44.5404630Z pkgs_dirs:
2025-05-17T17:14:44.5415470Z   - /Users/runner/conda_pkgs_dir
2025-05-17T17:14:44.5418280Z proxy_servers: {}
2025-05-17T17:14:44.5423070Z quiet: False
2025-05-17T17:14:44.5426930Z register_envs: True
2025-05-17T17:14:44.5458920Z remote_backoff_factor: 1
2025-05-17T17:14:44.5459150Z remote_connect_timeout_secs: 9.15
2025-05-17T17:14:44.5459470Z remote_max_retries: 3
2025-05-17T17:14:44.5459770Z remote_read_timeout_secs: 60.0
2025-05-17T17:14:44.5460000Z repodata_fns:
2025-05-17T17:14:44.5460260Z   - current_repodata.json
2025-05-17T17:14:44.5460470Z   - repodata.json
2025-05-17T17:14:44.5460630Z repodata_threads: None
2025-05-17T17:14:44.5460770Z repodata_use_zst: True
2025-05-17T17:14:44.5461080Z report_errors: None
2025-05-17T17:14:44.5461270Z restore_free_channel: False
2025-05-17T17:14:44.5461580Z rollback_enabled: True
2025-05-17T17:14:44.5461730Z root_prefix: /Users/runner/miniconda3
2025-05-17T17:14:44.5462040Z safety_checks: warn
2025-05-17T17:14:44.5462240Z sat_solver: pycosat
2025-05-17T17:14:44.5462430Z separate_format_cache: False
2025-05-17T17:14:44.5462700Z shortcuts: True
2025-05-17T17:14:44.5462870Z shortcuts_only: []
2025-05-17T17:14:44.5463070Z show_channel_urls: None
2025-05-17T17:14:44.5463270Z signing_metadata_url_base: None
2025-05-17T17:14:44.5463530Z solver: libmamba
2025-05-17T17:14:44.5463710Z solver_ignore_timestamps: False
2025-05-17T17:14:44.5464020Z ssl_verify: True
2025-05-17T17:14:44.5464210Z subdir: osx-64
2025-05-17T17:14:44.5464390Z subdirs:
2025-05-17T17:14:44.5464560Z   - osx-64
2025-05-17T17:14:44.5464790Z   - noarch
2025-05-17T17:14:44.5464970Z target_prefix_override: 
2025-05-17T17:14:44.5465190Z trace: False
2025-05-17T17:14:44.5465370Z track_features: []
2025-05-17T17:14:44.5465500Z unsatisfiable_hints: True
2025-05-17T17:14:44.5465720Z unsatisfiable_hints_check_depth: 2
2025-05-17T17:14:44.5465890Z update_modifier: update_specs
2025-05-17T17:14:44.5466050Z use_index_cache: False
2025-05-17T17:14:44.5466180Z use_local: False
2025-05-17T17:14:44.5466300Z use_only_tar_bz2: None
2025-05-17T17:14:44.5466430Z verbosity: 0
2025-05-17T17:14:44.5466540Z verify_threads: 1
2025-05-17T17:14:44.5466950Z ##[endgroup]
2025-05-17T17:14:44.5467200Z ##[group]Initializing conda shell integration...
2025-05-17T17:14:44.5467430Z Removing "/Users/runner/.config/fish/config.fish"
2025-05-17T17:14:44.5467640Z Removing "/Users/runner/.profile"
2025-05-17T17:14:44.5467810Z Removing "/Users/runner/.tcshrc"
2025-05-17T17:14:44.5467970Z Removing "/Users/runner/.xonshrc"
2025-05-17T17:14:44.5468200Z Removing "/Users/runner/.zshrc"
2025-05-17T17:14:44.5468410Z Removing "/Users/runner/.config/powershell/profile.ps1"
2025-05-17T17:14:44.5468690Z [command]/Users/runner/miniconda3/condabin/conda init --all
2025-05-17T17:14:45.8574930Z no change     /Users/runner/miniconda3/condabin/conda
2025-05-17T17:14:45.8575320Z no change     /Users/runner/miniconda3/bin/conda
2025-05-17T17:14:45.8575630Z no change     /Users/runner/miniconda3/bin/conda-env
2025-05-17T17:14:45.8575940Z no change     /Users/runner/miniconda3/bin/activate
2025-05-17T17:14:45.8576350Z no change     /Users/runner/miniconda3/bin/deactivate
2025-05-17T17:14:45.8576890Z no change     /Users/runner/miniconda3/etc/profile.d/conda.sh
2025-05-17T17:14:45.8577170Z no change     /Users/runner/miniconda3/etc/fish/conf.d/conda.fish
2025-05-17T17:14:45.8577460Z no change     /Users/runner/miniconda3/shell/condabin/Conda.psm1
2025-05-17T17:14:45.8577770Z no change     /Users/runner/miniconda3/shell/condabin/conda-hook.ps1
2025-05-17T17:14:45.8578120Z no change     /Users/runner/miniconda3/lib/python3.13/site-packages/xontrib/conda.xsh
2025-05-17T17:14:45.8578740Z no change     /Users/runner/miniconda3/etc/profile.d/conda.csh
2025-05-17T17:14:45.8579040Z modified      /Users/runner/.bash_profile
2025-05-17T17:14:45.8579230Z modified      /Users/runner/.zshrc
2025-05-17T17:14:45.8579500Z modified      /Users/runner/.config/fish/config.fish
2025-05-17T17:14:45.8579840Z modified      /Users/runner/.xonshrc
2025-05-17T17:14:45.8580050Z modified      /Users/runner/.tcshrc
2025-05-17T17:14:45.8580320Z modified      /Users/runner/.config/powershell/profile.ps1
2025-05-17T17:14:45.8580540Z 
2025-05-17T17:14:45.8580720Z ==> For changes to take effect, close and re-open your current shell. <==
2025-05-17T17:14:45.8580910Z 
2025-05-17T17:14:45.9744020Z Renaming "/Users/runner/.bash_profile" to "/Users/runner/.profile"
2025-05-17T17:14:45.9773440Z 
2025-05-17T17:14:45.9782020Z Append to "/Users/runner/.profile":
2025-05-17T17:14:45.9783100Z  
2025-05-17T17:14:45.9783410Z   # ----------------------------------------------------------------------------
2025-05-17T17:14:45.9783800Z   # Conda Setup Action: Basic configuration
2025-05-17T17:14:45.9784110Z   set -eo pipefail
2025-05-17T17:14:45.9784420Z   # Conda Setup Action: Custom activation
2025-05-17T17:14:45.9784980Z   conda activate "compas"
2025-05-17T17:14:45.9785460Z   # ---------------------------------------------------------------------------- 
2025-05-17T17:14:45.9785840Z 
2025-05-17T17:14:45.9786170Z Append to "/Users/runner/.zshrc":
2025-05-17T17:14:45.9786430Z  
2025-05-17T17:14:45.9786790Z   # ----------------------------------------------------------------------------
2025-05-17T17:14:45.9787110Z   # Conda Setup Action: Basic configuration
2025-05-17T17:14:45.9787410Z   set -eo pipefail
2025-05-17T17:14:45.9787710Z   # Conda Setup Action: Custom activation
2025-05-17T17:14:45.9787930Z   conda activate "compas"
2025-05-17T17:14:45.9788250Z   # ---------------------------------------------------------------------------- 
2025-05-17T17:14:45.9788450Z 
2025-05-17T17:14:45.9788700Z Append to "/Users/runner/.config/fish/config.fish":
2025-05-17T17:14:45.9788970Z  
2025-05-17T17:14:45.9789180Z   # ----------------------------------------------------------------------------
2025-05-17T17:14:45.9789460Z   # Conda Setup Action: Basic configuration
2025-05-17T17:14:45.9789780Z   set -eo pipefail
2025-05-17T17:14:45.9789980Z   # Conda Setup Action: Custom activation
2025-05-17T17:14:45.9790210Z   conda activate "compas"
2025-05-17T17:14:45.9790450Z   # ---------------------------------------------------------------------------- 
2025-05-17T17:14:45.9790680Z 
2025-05-17T17:14:45.9790740Z Append to "/Users/runner/.tcshrc":
2025-05-17T17:14:45.9790890Z  
2025-05-17T17:14:45.9791110Z   # ----------------------------------------------------------------------------
2025-05-17T17:14:45.9791400Z   # Conda Setup Action: Basic configuration
2025-05-17T17:14:45.9791630Z   set -eo pipefail
2025-05-17T17:14:45.9791770Z   # Conda Setup Action: Custom activation
2025-05-17T17:14:45.9791990Z   conda activate "compas"
2025-05-17T17:14:45.9792190Z   # ---------------------------------------------------------------------------- 
2025-05-17T17:14:45.9792360Z 
2025-05-17T17:14:45.9792420Z Append to "/Users/runner/.xonshrc":
2025-05-17T17:14:45.9792660Z  
2025-05-17T17:14:45.9792900Z   # ----------------------------------------------------------------------------
2025-05-17T17:14:45.9793150Z   # Conda Setup Action: Basic configuration
2025-05-17T17:14:45.9793370Z   set -eo pipefail
2025-05-17T17:14:45.9793510Z   # Conda Setup Action: Custom activation
2025-05-17T17:14:45.9793940Z   conda activate "compas"
2025-05-17T17:14:45.9794140Z   # ---------------------------------------------------------------------------- 
2025-05-17T17:14:45.9794380Z 
2025-05-17T17:14:45.9794480Z Append to "/Users/runner/.config/powershell/profile.ps1":
2025-05-17T17:14:45.9794680Z  
2025-05-17T17:14:45.9794910Z   # ----------------------------------------------------------------------------
2025-05-17T17:14:45.9795190Z   # Conda Setup Action: Custom activation
2025-05-17T17:14:45.9795640Z   conda activate "compas"
2025-05-17T17:14:45.9795840Z   # ---------------------------------------------------------------------------- 
2025-05-17T17:14:45.9796000Z 
2025-05-17T17:14:45.9796260Z ##[endgroup]
2025-05-17T17:14:45.9796490Z ##[group]Adding tools to 'base' env...
2025-05-17T17:14:45.9796660Z Do we need to update conda?
2025-05-17T17:14:45.9796800Z Do we need to update mamba?
2025-05-17T17:14:45.9796950Z Do we need to update python?
2025-05-17T17:14:45.9797120Z Do we need to update conda-build?
2025-05-17T17:14:45.9797300Z No tools were installed in 'base' env.
2025-05-17T17:14:45.9797500Z No post-install actions were taken on 'base' env.
2025-05-17T17:14:45.9797780Z ##[endgroup]
2025-05-17T17:14:45.9797990Z ##[group]Ensuring environment...
2025-05-17T17:14:45.9798160Z Can we conda create (from explicit)?
2025-05-17T17:14:45.9798330Z Can we conda create (simple)?
2025-05-17T17:14:45.9798490Z ... will conda create (simple).
2025-05-17T17:14:45.9798640Z Adding spec: python=3.10
2025-05-17T17:14:45.9798930Z ##[group]Updating 'compas' env from conda create (simple)...
2025-05-17T17:14:45.9799260Z [command]/Users/runner/miniconda3/condabin/conda create --name compas python=3.10
2025-05-17T17:14:48.6266350Z Channels:
2025-05-17T17:14:48.6267650Z  - conda-forge
2025-05-17T17:14:48.6267990Z  - defaults
2025-05-17T17:14:48.6268210Z Platform: osx-64
2025-05-17T17:15:04.1428260Z Collecting package metadata (repodata.json): - \ | / - \ | / - \ | / - \ | / done
2025-05-17T17:15:04.8899250Z Solving environment: \ | done
2025-05-17T17:15:05.1381700Z 
2025-05-17T17:15:05.1382220Z ## Package Plan ##
2025-05-17T17:15:05.1382330Z 
2025-05-17T17:15:05.1382490Z   environment location: /Users/runner/miniconda3/envs/compas
2025-05-17T17:15:05.1382740Z 
2025-05-17T17:15:05.1382800Z   added / updated specs:
2025-05-17T17:15:05.1383090Z     - python=3.10
2025-05-17T17:15:05.1383200Z 
2025-05-17T17:15:05.1383200Z 
2025-05-17T17:15:05.1383420Z The following packages will be downloaded:
2025-05-17T17:15:05.1383620Z 
2025-05-17T17:15:05.1383690Z     package                    |            build
2025-05-17T17:15:05.1383930Z     ---------------------------|-----------------
2025-05-17T17:15:05.1384250Z     bzip2-1.0.8                |       hfdf4475_7         131 KB  conda-forge
2025-05-17T17:15:05.1384580Z     libexpat-2.7.0             |       h240833e_0          70 KB  conda-forge
2025-05-17T17:15:05.1384910Z     libffi-3.4.6               |       h281671d_1          50 KB  conda-forge
2025-05-17T17:15:05.1385360Z     liblzma-5.8.1              |       hd471939_1         102 KB  conda-forge
2025-05-17T17:15:05.1385830Z     libsqlite-3.49.2           |       hdb6dae5_0         954 KB  conda-forge
2025-05-17T17:15:05.1386200Z     libzlib-1.3.1              |       hd23fc13_2          56 KB  conda-forge
2025-05-17T17:15:05.1386520Z     ncurses-6.5                |       h0622a9a_3         803 KB  conda-forge
2025-05-17T17:15:05.1386900Z     openssl-3.5.0              |       hc426f3f_1         2.6 MB  conda-forge
2025-05-17T17:15:05.1387250Z     python-3.10.17             |h93e8a92_0_cpython        12.3 MB  conda-forge
2025-05-17T17:15:05.1387570Z     readline-8.2               |       h7cca4af_2         251 KB  conda-forge
2025-05-17T17:15:05.1387960Z     tk-8.6.13                  |       h1abcd95_1         3.1 MB  conda-forge
2025-05-17T17:15:05.1388250Z     ------------------------------------------------------------
2025-05-17T17:15:05.1388540Z                                            Total:        20.4 MB
2025-05-17T17:15:05.1389190Z 
2025-05-17T17:15:05.1389330Z The following NEW packages will be INSTALLED:
2025-05-17T17:15:05.1389470Z 
2025-05-17T17:15:05.1389770Z   bzip2              conda-forge/osx-64::bzip2-1.0.8-hfdf4475_7 
2025-05-17T17:15:05.1390150Z   ca-certificates    conda-forge/noarch::ca-certificates-2025.4.26-hbd8a1cb_0 
2025-05-17T17:15:05.1390510Z   libexpat           conda-forge/osx-64::libexpat-2.7.0-h240833e_0 
2025-05-17T17:15:05.1397420Z   libffi             conda-forge/osx-64::libffi-3.4.6-h281671d_1 
2025-05-17T17:15:05.1397780Z   liblzma            conda-forge/osx-64::liblzma-5.8.1-hd471939_1 
2025-05-17T17:15:05.1398180Z   libsqlite          conda-forge/osx-64::libsqlite-3.49.2-hdb6dae5_0 
2025-05-17T17:15:05.1398620Z   libzlib            conda-forge/osx-64::libzlib-1.3.1-hd23fc13_2 
2025-05-17T17:15:05.1398960Z   ncurses            conda-forge/osx-64::ncurses-6.5-h0622a9a_3 
2025-05-17T17:15:05.1399320Z   openssl            conda-forge/osx-64::openssl-3.5.0-hc426f3f_1 
2025-05-17T17:15:05.1399650Z   pip                conda-forge/noarch::pip-25.1.1-pyh8b19718_0 
2025-05-17T17:15:05.1400030Z   python             conda-forge/osx-64::python-3.10.17-h93e8a92_0_cpython 
2025-05-17T17:15:05.1400380Z   readline           conda-forge/osx-64::readline-8.2-h7cca4af_2 
2025-05-17T17:15:05.1400710Z   setuptools         conda-forge/noarch::setuptools-80.1.0-pyhff2d567_0 
2025-05-17T17:15:05.1401090Z   tk                 conda-forge/osx-64::tk-8.6.13-h1abcd95_1 
2025-05-17T17:15:05.1401390Z   tzdata             conda-forge/noarch::tzdata-2025b-h78e105d_0 
2025-05-17T17:15:05.1401700Z   wheel              conda-forge/noarch::wheel-0.45.1-pyhd8ed1ab_1 
2025-05-17T17:15:05.1401930Z 
2025-05-17T17:15:05.1401930Z 
2025-05-17T17:15:05.1401930Z 
2025-05-17T17:15:05.1402070Z Downloading and Extracting Packages: ...working...
2025-05-17T17:15:05.1402380Z python-3.10.17       | 12.3 MB   |            |   0% 
2025-05-17T17:15:05.1402570Z 
2025-05-17T17:15:05.1407930Z tk-8.6.13            | 3.1 MB    |            |   0% [A
2025-05-17T17:15:05.1410570Z 
2025-05-17T17:15:05.1410580Z 
2025-05-17T17:15:05.1433610Z openssl-3.5.0        | 2.6 MB    |            |   0% [A[A
2025-05-17T17:15:05.1463450Z 
2025-05-17T17:15:05.1467880Z 
2025-05-17T17:15:05.1468910Z 
2025-05-17T17:15:05.1469550Z libsqlite-3.49.2     | 954 KB    |            |   0% [A[A[A
2025-05-17T17:15:05.1470130Z 
2025-05-17T17:15:05.1470210Z 
2025-05-17T17:15:05.1470290Z 
2025-05-17T17:15:05.1470390Z 
2025-05-17T17:15:05.1470620Z ncurses-6.5          | 803 KB    |            |   0% [A[A[A[A
2025-05-17T17:15:05.1491910Z 
2025-05-17T17:15:05.1492460Z 
2025-05-17T17:15:05.1521950Z 
2025-05-17T17:15:05.1522130Z 
2025-05-17T17:15:05.1522850Z 
2025-05-17T17:15:05.1523400Z readline-8.2         | 251 KB    |            |   0% [A[A[A[A[A
2025-05-17T17:15:05.1523680Z 
2025-05-17T17:15:05.1523680Z 
2025-05-17T17:15:05.1523680Z 
2025-05-17T17:15:05.1523690Z 
2025-05-17T17:15:05.1523690Z 
2025-05-17T17:15:05.1523690Z 
2025-05-17T17:15:05.1524020Z bzip2-1.0.8          | 131 KB    |            |   0% [A[A[A[A[A[A
2025-05-17T17:15:05.1524210Z 
2025-05-17T17:15:05.1524210Z 
2025-05-17T17:15:05.1524210Z 
2025-05-17T17:15:05.1524220Z 
2025-05-17T17:15:05.1524220Z 
2025-05-17T17:15:05.1524220Z 
2025-05-17T17:15:05.1524310Z 
2025-05-17T17:15:05.1524450Z liblzma-5.8.1        | 102 KB    |            |   0% [A[A[A[A[A[A[A
2025-05-17T17:15:05.1524700Z 
2025-05-17T17:15:05.1524710Z 
2025-05-17T17:15:05.1524720Z 
2025-05-17T17:15:05.1524720Z 
2025-05-17T17:15:05.1524720Z 
2025-05-17T17:15:05.1524720Z 
2025-05-17T17:15:05.1524720Z 
2025-05-17T17:15:05.1589020Z 
2025-05-17T17:15:05.1611650Z libexpat-2.7.0       | 70 KB     |            |   0% [A[A[A[A[A[A[A[A
2025-05-17T17:15:05.1612730Z 
2025-05-17T17:15:05.1612830Z 
2025-05-17T17:15:05.1612930Z 
2025-05-17T17:15:05.1620960Z 
2025-05-17T17:15:05.1621070Z 
2025-05-17T17:15:05.1621160Z 
2025-05-17T17:15:05.1621250Z 
2025-05-17T17:15:05.1621340Z 
2025-05-17T17:15:05.1621510Z 
2025-05-17T17:15:05.1622100Z libzlib-1.3.1        | 56 KB     |            |   0% [A[A[A[A[A[A[A[A[A
2025-05-17T17:15:05.1650770Z 
2025-05-17T17:15:05.1650940Z 
2025-05-17T17:15:05.1651040Z 
2025-05-17T17:15:05.1651130Z 
2025-05-17T17:15:05.1652240Z 
2025-05-17T17:15:05.1652340Z 
2025-05-17T17:15:05.1652340Z 
2025-05-17T17:15:05.1652340Z 
2025-05-17T17:15:05.1652340Z 
2025-05-17T17:15:05.1652350Z 
2025-05-17T17:15:05.2474220Z libffi-3.4.6         | 50 KB     |            |   0% [A[A[A[A[A[A[A[A[A[A
2025-05-17T17:15:05.2576120Z 
2025-05-17T17:15:05.2677050Z tk-8.6.13            | 3.1 MB    |            |   1% [A
2025-05-17T17:15:05.2776870Z 
2025-05-17T17:15:05.2877500Z 
2025-05-17T17:15:05.2979560Z openssl-3.5.0        | 2.6 MB    |            |   1% [A[A
2025-05-17T17:15:05.3079990Z 
2025-05-17T17:15:05.3180970Z 
2025-05-17T17:15:05.3281680Z 
2025-05-17T17:15:05.3382200Z 
2025-05-17T17:15:05.3463570Z ncurses-6.5          | 803 KB    | 1          |   2% [A[A[A[A
2025-05-17T17:15:05.3466140Z 
2025-05-17T17:15:05.3466310Z 
2025-05-17T17:15:05.3468110Z 
2025-05-17T17:15:05.3468550Z libsqlite-3.49.2     | 954 KB    | 1          |   2% [A[A[A
2025-05-17T17:15:05.3468900Z python-3.10.17       | 12.3 MB   |            |   0% 
2025-05-17T17:15:05.3469180Z 
2025-05-17T17:15:05.3469190Z 
2025-05-17T17:15:05.3469190Z 
2025-05-17T17:15:05.3469190Z 
2025-05-17T17:15:05.3473670Z ncurses-6.5          | 803 KB    | ########## | 100% [A[A[A[A
2025-05-17T17:15:05.3482380Z 
2025-05-17T17:15:05.3497960Z tk-8.6.13            | 3.1 MB    | ######8    |  69% [A
2025-05-17T17:15:05.3498130Z 
2025-05-17T17:15:05.3499240Z 
2025-05-17T17:15:05.3600670Z openssl-3.5.0        | 2.6 MB    | #######7   |  77% [A[A
2025-05-17T17:15:05.3601260Z 
2025-05-17T17:15:05.3601360Z 
2025-05-17T17:15:05.3605180Z 
2025-05-17T17:15:05.3780660Z libsqlite-3.49.2     | 954 KB    | ########## | 100% [A[A[A
2025-05-17T17:15:05.3963250Z python-3.10.17       | 12.3 MB   | #6         |  17% 
2025-05-17T17:15:05.3965390Z 
2025-05-17T17:15:05.3966570Z 
2025-05-17T17:15:05.3966630Z 
2025-05-17T17:15:05.3966640Z 
2025-05-17T17:15:05.3966740Z 
2025-05-17T17:15:05.4142660Z readline-8.2         | 251 KB    | 6          |   6% [A[A[A[A[A
2025-05-17T17:15:05.4144950Z 
2025-05-17T17:15:05.4145110Z 
2025-05-17T17:15:05.4145220Z 
2025-05-17T17:15:05.4145320Z 
2025-05-17T17:15:05.4146280Z 
2025-05-17T17:15:05.4213990Z readline-8.2         | 251 KB    | ########## | 100% [A[A[A[A[A
2025-05-17T17:15:05.4214950Z 
2025-05-17T17:15:05.4214960Z 
2025-05-17T17:15:05.4214960Z 
2025-05-17T17:15:05.4214960Z 
2025-05-17T17:15:05.4214970Z 
2025-05-17T17:15:05.4224010Z 
2025-05-17T17:15:05.4418190Z bzip2-1.0.8          | 131 KB    | #2         |  12% [A[A[A[A[A[A
2025-05-17T17:15:05.4421510Z 
2025-05-17T17:15:05.4435790Z 
2025-05-17T17:15:05.4436000Z 
2025-05-17T17:15:05.4439180Z 
2025-05-17T17:15:05.4440430Z 
2025-05-17T17:15:05.4440850Z 
2025-05-17T17:15:05.4728490Z bzip2-1.0.8          | 131 KB    | ########## | 100% [A[A[A[A[A[A
2025-05-17T17:15:05.4797770Z 
2025-05-17T17:15:05.4830420Z 
2025-05-17T17:15:05.4830900Z 
2025-05-17T17:15:05.4831040Z 
2025-05-17T17:15:05.4831150Z 
2025-05-17T17:15:05.4831230Z 
2025-05-17T17:15:05.4831530Z 
2025-05-17T17:15:05.4832060Z liblzma-5.8.1        | 102 KB    | #5         |  16% [A[A[A[A[A[A[A
2025-05-17T17:15:05.4949190Z python-3.10.17       | 12.3 MB   | ###5       |  35% 
2025-05-17T17:15:05.5020350Z 
2025-05-17T17:15:05.5121230Z 
2025-05-17T17:15:05.5133180Z 
2025-05-17T17:15:05.5133460Z 
2025-05-17T17:15:05.5135050Z 
2025-05-17T17:15:05.5136260Z 
2025-05-17T17:15:05.5136990Z 
2025-05-17T17:15:05.5137700Z liblzma-5.8.1        | 102 KB    | ########## | 100% [A[A[A[A[A[A[A
2025-05-17T17:15:05.5138980Z 
2025-05-17T17:15:05.5141190Z 
2025-05-17T17:15:05.5142950Z openssl-3.5.0        | 2.6 MB    | ########## | 100% [A[A
2025-05-17T17:15:05.5148160Z 
2025-05-17T17:15:05.5150150Z 
2025-05-17T17:15:05.5152030Z 
2025-05-17T17:15:05.5153870Z 
2025-05-17T17:15:05.5155910Z 
2025-05-17T17:15:05.5159450Z 
2025-05-17T17:15:05.5160570Z 
2025-05-17T17:15:05.5160700Z 
2025-05-17T17:15:05.5272220Z libexpat-2.7.0       | 70 KB     | ##2        |  23% [A[A[A[A[A[A[A[A
2025-05-17T17:15:05.5285210Z 
2025-05-17T17:15:05.5285330Z 
2025-05-17T17:15:05.5285420Z 
2025-05-17T17:15:05.5286820Z 
2025-05-17T17:15:05.5290610Z 
2025-05-17T17:15:05.5290860Z 
2025-05-17T17:15:05.5291100Z 
2025-05-17T17:15:05.5293680Z 
2025-05-17T17:15:05.5294150Z libexpat-2.7.0       | 70 KB     | ########## | 100% [A[A[A[A[A[A[A[A
2025-05-17T17:15:05.5295460Z 
2025-05-17T17:15:05.5295880Z 
2025-05-17T17:15:05.5302430Z 
2025-05-17T17:15:05.5313020Z libsqlite-3.49.2     | 954 KB    | ########## | 100% [A[A[A
2025-05-17T17:15:05.5315260Z 
2025-05-17T17:15:05.5315520Z 
2025-05-17T17:15:05.5317790Z 
2025-05-17T17:15:05.5318630Z libsqlite-3.49.2     | 954 KB    | ########## | 100% [A[A[A
2025-05-17T17:15:05.5320800Z 
2025-05-17T17:15:05.5429670Z tk-8.6.13            | 3.1 MB    | ########## | 100% [A
2025-05-17T17:15:05.5431220Z 
2025-05-17T17:15:05.5432820Z 
2025-05-17T17:15:05.5432910Z 
2025-05-17T17:15:05.5432920Z 
2025-05-17T17:15:05.5432920Z 
2025-05-17T17:15:05.5432970Z 
2025-05-17T17:15:05.5432980Z 
2025-05-17T17:15:05.5432980Z 
2025-05-17T17:15:05.5436360Z 
2025-05-17T17:15:05.5466730Z libzlib-1.3.1        | 56 KB     | ##8        |  29% [A[A[A[A[A[A[A[A[A
2025-05-17T17:15:05.5467030Z 
2025-05-17T17:15:05.5468040Z 
2025-05-17T17:15:05.5468190Z 
2025-05-17T17:15:05.5468830Z 
2025-05-17T17:15:05.5469200Z 
2025-05-17T17:15:05.5469220Z 
2025-05-17T17:15:05.5469220Z 
2025-05-17T17:15:05.5469220Z 
2025-05-17T17:15:05.5469220Z 
2025-05-17T17:15:05.5469230Z 
2025-05-17T17:15:05.5509140Z libffi-3.4.6         | 50 KB     | ###1       |  32% [A[A[A[A[A[A[A[A[A[A
2025-05-17T17:15:05.5509490Z 
2025-05-17T17:15:05.5509580Z 
2025-05-17T17:15:05.5509800Z 
2025-05-17T17:15:05.5510530Z 
2025-05-17T17:15:05.5510540Z 
2025-05-17T17:15:05.5510540Z 
2025-05-17T17:15:05.5510540Z 
2025-05-17T17:15:05.5510540Z 
2025-05-17T17:15:05.5516970Z 
2025-05-17T17:15:05.5546310Z libzlib-1.3.1        | 56 KB     | ########## | 100% [A[A[A[A[A[A[A[A[A
2025-05-17T17:15:05.5546680Z 
2025-05-17T17:15:05.5546700Z 
2025-05-17T17:15:05.5546700Z 
2025-05-17T17:15:05.5546700Z 
2025-05-17T17:15:05.5546700Z 
2025-05-17T17:15:05.5546700Z 
2025-05-17T17:15:05.5546710Z 
2025-05-17T17:15:05.5546710Z 
2025-05-17T17:15:05.5546710Z 
2025-05-17T17:15:05.5547240Z 
2025-05-17T17:15:05.5785280Z libffi-3.4.6         | 50 KB     | ########## | 100% [A[A[A[A[A[A[A[A[A[A
2025-05-17T17:15:05.5821230Z python-3.10.17       | 12.3 MB   | #####6     |  57% 
2025-05-17T17:15:05.5822230Z 
2025-05-17T17:15:05.5822810Z 
2025-05-17T17:15:05.5822820Z 
2025-05-17T17:15:05.5822820Z 
2025-05-17T17:15:05.5822910Z 
2025-05-17T17:15:05.5832480Z readline-8.2         | 251 KB    | ########## | 100% [A[A[A[A[A
2025-05-17T17:15:05.5846720Z 
2025-05-17T17:15:05.5846820Z 
2025-05-17T17:15:05.5846900Z 
2025-05-17T17:15:05.5846990Z 
2025-05-17T17:15:05.5847430Z 
2025-05-17T17:15:05.6376100Z readline-8.2         | 251 KB    | ########## | 100% [A[A[A[A[A
2025-05-17T17:15:05.6376450Z 
2025-05-17T17:15:05.6376930Z 
2025-05-17T17:15:05.6378290Z 
2025-05-17T17:15:05.6378410Z 
2025-05-17T17:15:05.6378510Z 
2025-05-17T17:15:05.6380400Z 
2025-05-17T17:15:05.6391500Z bzip2-1.0.8          | 131 KB    | ########## | 100% [A[A[A[A[A[A
2025-05-17T17:15:05.6391710Z 
2025-05-17T17:15:05.6391820Z 
2025-05-17T17:15:05.6391900Z 
2025-05-17T17:15:05.6391990Z 
2025-05-17T17:15:05.6392070Z 
2025-05-17T17:15:05.6393690Z 
2025-05-17T17:15:05.6510090Z bzip2-1.0.8          | 131 KB    | ########## | 100% [A[A[A[A[A[A
2025-05-17T17:15:05.6510820Z 
2025-05-17T17:15:05.6510910Z 
2025-05-17T17:15:05.6510990Z 
2025-05-17T17:15:05.6511060Z 
2025-05-17T17:15:05.6511460Z 
2025-05-17T17:15:05.6511980Z 
2025-05-17T17:15:05.6513630Z 
2025-05-17T17:15:05.6529950Z liblzma-5.8.1        | 102 KB    | ########## | 100% [A[A[A[A[A[A[A
2025-05-17T17:15:05.6531220Z 
2025-05-17T17:15:05.6531320Z 
2025-05-17T17:15:05.6532630Z 
2025-05-17T17:15:05.6534260Z 
2025-05-17T17:15:05.6536900Z 
2025-05-17T17:15:05.6537120Z 
2025-05-17T17:15:05.6538440Z 
2025-05-17T17:15:05.6788710Z liblzma-5.8.1        | 102 KB    | ########## | 100% [A[A[A[A[A[A[A
2025-05-17T17:15:05.7015990Z python-3.10.17       | 12.3 MB   | ########7  |  88% 
2025-05-17T17:15:05.7037400Z 
2025-05-17T17:15:05.7114200Z 
2025-05-17T17:15:05.7128910Z 
2025-05-17T17:15:05.7140810Z 
2025-05-17T17:15:05.7152970Z 
2025-05-17T17:15:05.7199450Z 
2025-05-17T17:15:05.7214300Z 
2025-05-17T17:15:05.7215120Z 
2025-05-17T17:15:05.7217230Z libexpat-2.7.0       | 70 KB     | ########## | 100% [A[A[A[A[A[A[A[A
2025-05-17T17:15:05.7218610Z 
2025-05-17T17:15:05.7220050Z 
2025-05-17T17:15:05.7220710Z 
2025-05-17T17:15:05.7220720Z 
2025-05-17T17:15:05.7220720Z 
2025-05-17T17:15:05.7220720Z 
2025-05-17T17:15:05.7220720Z 
2025-05-17T17:15:05.7220730Z 
2025-05-17T17:15:06.0390710Z libexpat-2.7.0       | 70 KB     | ########## | 100% [A[A[A[A[A[A[A[A
2025-05-17T17:15:06.2091220Z python-3.10.17       | 12.3 MB   | ########## | 100% 
2025-05-17T17:15:06.2103760Z 
2025-05-17T17:15:06.2104570Z 
2025-05-17T17:15:06.2423680Z openssl-3.5.0        | 2.6 MB    | ########## | 100% [A[A
2025-05-17T17:15:06.2424010Z 
2025-05-17T17:15:06.2424010Z 
2025-05-17T17:15:06.2424010Z 
2025-05-17T17:15:06.2424020Z 
2025-05-17T17:15:06.2424020Z 
2025-05-17T17:15:06.2424020Z 
2025-05-17T17:15:06.2424020Z 
2025-05-17T17:15:06.2424050Z 
2025-05-17T17:15:06.2424060Z 
2025-05-17T17:15:06.2429590Z libzlib-1.3.1        | 56 KB     | ########## | 100% [A[A[A[A[A[A[A[A[A
2025-05-17T17:15:06.2430000Z 
2025-05-17T17:15:06.2430480Z 
2025-05-17T17:15:06.2430690Z 
2025-05-17T17:15:06.2430860Z 
2025-05-17T17:15:06.2430860Z 
2025-05-17T17:15:06.2430860Z 
2025-05-17T17:15:06.2430870Z 
2025-05-17T17:15:06.2430870Z 
2025-05-17T17:15:06.2430870Z 
2025-05-17T17:15:06.3015640Z libzlib-1.3.1        | 56 KB     | ########## | 100% [A[A[A[A[A[A[A[A[A
2025-05-17T17:15:06.3116640Z 
2025-05-17T17:15:06.3186470Z 
2025-05-17T17:15:06.3286730Z 
2025-05-17T17:15:06.3387600Z 
2025-05-17T17:15:06.3488090Z 
2025-05-17T17:15:06.3588520Z 
2025-05-17T17:15:06.3689070Z 
2025-05-17T17:15:06.3711830Z 
2025-05-17T17:15:06.3812130Z 
2025-05-17T17:15:06.3913000Z 
2025-05-17T17:15:06.4013870Z libffi-3.4.6         | 50 KB     | ########## | 100% [A[A[A[A[A[A[A[A[A[A
2025-05-17T17:15:06.4114600Z 
2025-05-17T17:15:06.4215160Z 
2025-05-17T17:15:06.4315890Z 
2025-05-17T17:15:06.4341670Z 
2025-05-17T17:15:06.4442010Z 
2025-05-17T17:15:06.4542710Z 
2025-05-17T17:15:06.4643100Z 
2025-05-17T17:15:06.4743500Z 
2025-05-17T17:15:06.4767710Z 
2025-05-17T17:15:06.4771310Z 
2025-05-17T17:15:06.7388920Z libffi-3.4.6         | 50 KB     | ########## | 100% [A[A[A[A[A[A[A[A[A[A
2025-05-17T17:15:06.7391340Z 
2025-05-17T17:15:08.0813270Z tk-8.6.13            | 3.1 MB    | ########## | 100% [A
2025-05-17T17:15:08.0813500Z 
2025-05-17T17:15:08.0813500Z 
2025-05-17T17:15:08.0813500Z 
2025-05-17T17:15:08.0813510Z 
2025-05-17T17:15:08.0820840Z ncurses-6.5          | 803 KB    | ########## | 100% [A[A[A[A
2025-05-17T17:15:08.0821070Z 
2025-05-17T17:15:08.0821080Z 
2025-05-17T17:15:08.0821080Z 
2025-05-17T17:15:08.0821690Z 
2025-05-17T17:15:08.2603160Z ncurses-6.5          | 803 KB    | ########## | 100% [A[A[A[A
2025-05-17T17:15:08.2610160Z python-3.10.17       | 12.3 MB   | ########## | 100% 
2025-05-17T17:15:08.2648260Z                                                      
2025-05-17T17:15:08.2648830Z 
2025-05-17T17:15:08.2649280Z                                                      [A
2025-05-17T17:15:08.2649710Z 
2025-05-17T17:15:08.2649870Z 
2025-05-17T17:15:08.2650260Z                                                      [A[A
2025-05-17T17:15:08.2650690Z 
2025-05-17T17:15:08.2650860Z 
2025-05-17T17:15:08.2651010Z 
2025-05-17T17:15:08.2651330Z                                                      [A[A[A
2025-05-17T17:15:08.2651710Z 
2025-05-17T17:15:08.2651900Z 
2025-05-17T17:15:08.2652080Z 
2025-05-17T17:15:08.2652600Z 
2025-05-17T17:15:08.2652980Z                                                      [A[A[A[A
2025-05-17T17:15:08.2653280Z 
2025-05-17T17:15:08.2653440Z 
2025-05-17T17:15:08.2653530Z 
2025-05-17T17:15:08.2653740Z 
2025-05-17T17:15:08.2653830Z 
2025-05-17T17:15:08.2654100Z                                                      [A[A[A[A[A
2025-05-17T17:15:08.2654450Z 
2025-05-17T17:15:08.2654590Z 
2025-05-17T17:15:08.2655030Z 
2025-05-17T17:15:08.2655160Z 
2025-05-17T17:15:08.2655250Z 
2025-05-17T17:15:08.2655340Z 
2025-05-17T17:15:08.2655790Z                                                      [A[A[A[A[A[A
2025-05-17T17:15:08.2656080Z 
2025-05-17T17:15:08.2656190Z 
2025-05-17T17:15:08.2656300Z 
2025-05-17T17:15:08.2656390Z 
2025-05-17T17:15:08.2656480Z 
2025-05-17T17:15:08.2656580Z 
2025-05-17T17:15:08.2656670Z 
2025-05-17T17:15:08.2657010Z                                                      [A[A[A[A[A[A[A
2025-05-17T17:15:08.2657410Z 
2025-05-17T17:15:08.2657430Z 
2025-05-17T17:15:08.2657440Z 
2025-05-17T17:15:08.2657440Z 
2025-05-17T17:15:08.2657440Z 
2025-05-17T17:15:08.2657440Z 
2025-05-17T17:15:08.2657450Z 
2025-05-17T17:15:08.2657450Z 
2025-05-17T17:15:08.2657740Z                                                      [A[A[A[A[A[A[A[A
2025-05-17T17:15:08.2657990Z 
2025-05-17T17:15:08.2657990Z 
2025-05-17T17:15:08.2657990Z 
2025-05-17T17:15:08.2658000Z 
2025-05-17T17:15:08.2658000Z 
2025-05-17T17:15:08.2658000Z 
2025-05-17T17:15:08.2658000Z 
2025-05-17T17:15:08.2658010Z 
2025-05-17T17:15:08.2658010Z 
2025-05-17T17:15:08.2658130Z                                                      [A[A[A[A[A[A[A[A[A
2025-05-17T17:15:08.2658340Z 
2025-05-17T17:15:08.2658350Z 
2025-05-17T17:15:08.2658350Z 
2025-05-17T17:15:08.2658350Z 
2025-05-17T17:15:08.2658350Z 
2025-05-17T17:15:08.2658360Z 
2025-05-17T17:15:08.2658360Z 
2025-05-17T17:15:08.2658360Z 
2025-05-17T17:15:08.2658360Z 
2025-05-17T17:15:08.2658360Z 
2025-05-17T17:15:08.2658520Z                                                      [A[A[A[A[A[A[A[A[A[A done
2025-05-17T17:15:08.6420830Z Preparing transaction: - \ done
2025-05-17T17:15:09.8915170Z Verifying transaction: / - \ | / - \ done
2025-05-17T17:15:17.1585560Z Executing transaction: / - \ | / - \ | / - \ | / - \ | / - \ | / - \ | / - \ | / - \ | / - \ | / - \ | / - done
2025-05-17T17:15:17.2481260Z #
2025-05-17T17:15:17.2481830Z # To activate this environment, use
2025-05-17T17:15:17.2482220Z #
2025-05-17T17:15:17.2482470Z #     $ conda activate compas
2025-05-17T17:15:17.2482810Z #
2025-05-17T17:15:17.2483160Z # To deactivate an active environment, use
2025-05-17T17:15:17.2483610Z #
2025-05-17T17:15:17.2483950Z #     $ conda deactivate
2025-05-17T17:15:17.2484230Z 
2025-05-17T17:15:17.4642390Z ##[endgroup]
2025-05-17T17:15:17.4643670Z ##[endgroup]
2025-05-17T17:15:17.4646390Z setup-miniconda ran successfully
2025-05-17T17:15:17.4770190Z ##[group]Run echo "This is a conda package."
2025-05-17T17:15:17.4770580Z [36;1mecho "This is a conda package."[0m
2025-05-17T17:15:17.4770830Z [36;1m[0m
2025-05-17T17:15:17.4771020Z [36;1mif [[ macOS == "Windows" && -f env_win.yml ]]; then[0m
2025-05-17T17:15:17.4771260Z [36;1m  echo using env_win.yml[0m
2025-05-17T17:15:17.4771500Z [36;1m  conda env update -f env_win.yml -n compas[0m
2025-05-17T17:15:17.4771770Z [36;1melif [[ macOS == "macOS" && -f env_osx.yml ]]; then[0m
2025-05-17T17:15:17.4772030Z [36;1m  echo using env_osx.yml[0m
2025-05-17T17:15:17.4772260Z [36;1m  conda env update -f env_osx.yml -n compas[0m
2025-05-17T17:15:17.4772630Z [36;1melif [[ macOS == "Linux" && -f env_linux.yml ]]; then[0m
2025-05-17T17:15:17.4772870Z [36;1m  echo using env_linux.yml[0m
2025-05-17T17:15:17.4773100Z [36;1m  conda env update -f env_linux.yml -n compas[0m
2025-05-17T17:15:17.4773460Z [36;1melif [[ -f environment.yml ]]; then[0m
2025-05-17T17:15:17.4773690Z [36;1m  echo using environment.yml[0m
2025-05-17T17:15:17.4774160Z [36;1m  conda env update -f environment.yml -n compas[0m
2025-05-17T17:15:17.4774390Z [36;1melse[0m
2025-05-17T17:15:17.4774620Z [36;1m  echo ERROR: Failed find environment yml file.[0m
2025-05-17T17:15:17.4774860Z [36;1m  exit 1[0m
2025-05-17T17:15:17.4775010Z [36;1mfi[0m
2025-05-17T17:15:17.4775120Z [36;1m[0m
2025-05-17T17:15:17.4775340Z [36;1mif [[ true = "true" ]]; then[0m
2025-05-17T17:15:17.4775530Z [36;1m  invoke lint[0m
2025-05-17T17:15:17.4775970Z [36;1mfi;[0m
2025-05-17T17:15:17.4776120Z [36;1m[0m
2025-05-17T17:15:17.4776270Z [36;1mif [[ true = "true" ]]; then[0m
2025-05-17T17:15:17.4776490Z [36;1m  python -m compas[0m
2025-05-17T17:15:17.4776690Z [36;1mfi;[0m
2025-05-17T17:15:17.4776900Z [36;1m[0m
2025-05-17T17:15:17.4777050Z [36;1mif [[ true = "true" ]]; then[0m
2025-05-17T17:15:17.4777320Z [36;1m  invoke test[0m
2025-05-17T17:15:17.4777470Z [36;1mfi;[0m
2025-05-17T17:15:17.4856890Z shell: /bin/bash -l {0}
2025-05-17T17:15:17.4857180Z env:
2025-05-17T17:15:17.4857350Z   INPUT_RUN_POST: true
2025-05-17T17:15:17.4857530Z   CONDA: /Users/runner/miniconda3
2025-05-17T17:15:17.4857840Z   CONDA_PKGS_DIR: /Users/runner/conda_pkgs_dir
2025-05-17T17:15:17.4858070Z ##[endgroup]
2025-05-17T17:15:20.2605890Z This is a conda package.
2025-05-17T17:15:20.2606600Z using environment.yml
2025-05-17T17:15:21.0530740Z /Users/runner/miniconda3/lib/python3.13/argparse.py:1255: FutureWarning: `remote_definition` is deprecated and will be removed in 25.9. Use `conda env create --file=URL` instead.
2025-05-17T17:15:21.0531850Z   subnamespace, arg_strings = subparser.parse_known_args(arg_strings, None)
2025-05-17T17:15:21.7661710Z Channels:
2025-05-17T17:15:21.7722610Z  - conda-forge
2025-05-17T17:15:21.7730580Z  - defaults
2025-05-17T17:15:21.7731280Z Platform: osx-64
2025-05-17T17:15:28.8817920Z Collecting package metadata (repodata.json): - \ | / - \ | done
2025-05-17T17:15:31.6462070Z Solving environment: - done
2025-05-17T17:15:31.7336730Z 
2025-05-17T17:15:31.7444060Z Downloading and Extracting Packages: ...working...
2025-05-17T17:15:31.7547550Z scipy-1.13.1         | 14.9 MB   |            |   0% 
2025-05-17T17:15:31.7590450Z 
2025-05-17T17:15:31.7591230Z python-3.9.10        | 12.5 MB   |            |   0% [A
2025-05-17T17:15:31.7591630Z 
2025-05-17T17:15:31.7591730Z 
2025-05-17T17:15:31.7591950Z numpy-2.0.2          | 6.6 MB    |            |   0% [A[A
2025-05-17T17:15:31.7592320Z 
2025-05-17T17:15:31.7592410Z 
2025-05-17T17:15:31.7592500Z 
2025-05-17T17:15:31.7592900Z libopenblas-0.3.29   | 5.9 MB    |            |   0% [A[A[A
2025-05-17T17:15:31.7593320Z 
2025-05-17T17:15:31.7593480Z 
2025-05-17T17:15:31.7593570Z 
2025-05-17T17:15:31.7594000Z 
2025-05-17T17:15:31.7594450Z compas-2.11.0        | 1.4 MB    |            |   0% [A[A[A[A
2025-05-17T17:15:31.7594780Z 
2025-05-17T17:15:31.7594790Z 
2025-05-17T17:15:31.7594790Z 
2025-05-17T17:15:31.7594790Z 
2025-05-17T17:15:31.7594800Z 
2025-05-17T17:15:31.7595100Z libgfortran5-14.2.0  | 1.2 MB    |            |   0% [A[A[A[A[A
2025-05-17T17:15:31.7595370Z 
2025-05-17T17:15:31.7595370Z 
2025-05-17T17:15:31.7595370Z 
2025-05-17T17:15:31.7595370Z 
2025-05-17T17:15:31.7595380Z 
2025-05-17T17:15:31.7595380Z 
2025-05-17T17:15:31.7595670Z networkx-3.2.1       | 1.1 MB    |            |   0% [A[A[A[A[A[A
2025-05-17T17:15:31.7595860Z 
2025-05-17T17:15:31.7595870Z 
2025-05-17T17:15:31.7595870Z 
2025-05-17T17:15:31.7595870Z 
2025-05-17T17:15:31.7595880Z 
2025-05-17T17:15:31.7595880Z 
2025-05-17T17:15:31.7595880Z 
2025-05-17T17:15:31.7596130Z sqlite-3.49.2        | 919 KB    |            |   0% [A[A[A[A[A[A[A
2025-05-17T17:15:31.7596360Z 
2025-05-17T17:15:31.7596370Z 
2025-05-17T17:15:31.7596370Z 
2025-05-17T17:15:31.7596370Z 
2025-05-17T17:15:31.7596370Z 
2025-05-17T17:15:31.7596370Z 
2025-05-17T17:15:31.7596380Z 
2025-05-17T17:15:31.7596380Z 
2025-05-17T17:15:31.7596530Z libcxx-20.1.5        | 549 KB    |            |   0% [A[A[A[A[A[A[A[A
2025-05-17T17:15:31.7596850Z 
2025-05-17T17:15:31.7597510Z 
2025-05-17T17:15:31.7597550Z 
2025-05-17T17:15:31.7597720Z 
2025-05-17T17:15:31.7604850Z 
2025-05-17T17:15:31.7604980Z 
2025-05-17T17:15:31.7605090Z 
2025-05-17T17:15:31.7605190Z 
2025-05-17T17:15:31.7605290Z 
2025-05-17T17:15:31.7605730Z rpds-py-0.25.0       | 370 KB    |            |   0% [A[A[A[A[A[A[A[A[A
2025-05-17T17:15:31.7606070Z 
2025-05-17T17:15:31.7606290Z 
2025-05-17T17:15:31.7606390Z 
2025-05-17T17:15:31.7606760Z 
2025-05-17T17:15:31.7606860Z 
2025-05-17T17:15:31.7606960Z 
2025-05-17T17:15:31.7607060Z 
2025-05-17T17:15:31.7607160Z 
2025-05-17T17:15:31.7607260Z 
2025-05-17T17:15:31.7607360Z 
2025-05-17T17:15:31.7607760Z llvm-openmp-20.1.5   | 299 KB    |            |   0% [A[A[A[A[A[A[A[A[A[A
2025-05-17T17:15:31.7608200Z 
2025-05-17T17:15:31.7608370Z 
2025-05-17T17:15:31.7608480Z 
2025-05-17T17:15:31.7608580Z 
2025-05-17T17:15:31.7608680Z 
2025-05-17T17:15:31.7608780Z 
2025-05-17T17:15:31.7608880Z 
2025-05-17T17:15:31.7608980Z 
2025-05-17T17:15:31.7609080Z 
2025-05-17T17:15:31.7609190Z 
2025-05-17T17:15:31.7609290Z 
2025-05-17T17:15:31.7609640Z pyyaml-6.0.2         | 164 KB    |            |   0% [A[A[A[A[A[A[A[A[A[A[A
2025-05-17T17:15:31.7609930Z 
2025-05-17T17:15:31.7610030Z 
2025-05-17T17:15:31.7610130Z 
2025-05-17T17:15:31.7610220Z 
2025-05-17T17:15:31.7610320Z 
2025-05-17T17:15:31.7610420Z 
2025-05-17T17:15:31.7610520Z 
2025-05-17T17:15:31.7610620Z 
2025-05-17T17:15:31.7610800Z 
2025-05-17T17:15:31.7610900Z 
2025-05-17T17:15:31.7611000Z 
2025-05-17T17:15:31.7611100Z 
2025-05-17T17:15:31.7611370Z libgfortran-14.2.0   | 152 KB    |            |   0% [A[A[A[A[A[A[A[A[A[A[A[A
2025-05-17T17:15:31.7612220Z 
2025-05-17T17:15:31.7612330Z 
2025-05-17T17:15:31.7612640Z 
2025-05-17T17:15:31.7612820Z 
2025-05-17T17:15:31.7612920Z 
2025-05-17T17:15:31.7613070Z 
2025-05-17T17:15:31.7613100Z 
2025-05-17T17:15:31.7613130Z 
2025-05-17T17:15:31.7613140Z 
2025-05-17T17:15:31.7613140Z 
2025-05-17T17:15:31.7613140Z 
2025-05-17T17:15:31.7613140Z 
2025-05-17T17:15:31.7613150Z 
2025-05-17T17:15:31.7613450Z watchdog-6.0.0       | 119 KB    |            |   0% [A[A[A[A[A[A[A[A[A[A[A[A[A
2025-05-17T17:15:31.7613870Z 
2025-05-17T17:15:31.7613880Z 
2025-05-17T17:15:31.7613880Z 
2025-05-17T17:15:31.7613880Z 
2025-05-17T17:15:31.7613880Z 
2025-05-17T17:15:31.7613890Z 
2025-05-17T17:15:31.7613890Z 
2025-05-17T17:15:31.7613890Z 
2025-05-17T17:15:31.7613890Z 
2025-05-17T17:15:31.7613890Z 
2025-05-17T17:15:31.7613900Z 
2025-05-17T17:15:31.7613900Z 
2025-05-17T17:15:31.7613900Z 
2025-05-17T17:15:31.7613910Z 
2025-05-17T17:15:31.7614160Z liblzma-devel-5.8.1  | 114 KB    |            |   0% [A[A[A[A[A[A[A[A[A[A[A[A[A[A
2025-05-17T17:15:31.7614360Z 
2025-05-17T17:15:31.7614360Z 
2025-05-17T17:15:31.7614360Z 
2025-05-17T17:15:31.7614370Z 
2025-05-17T17:15:31.7614370Z 
2025-05-17T17:15:31.7614370Z 
2025-05-17T17:15:31.7614370Z 
2025-05-17T17:15:31.7614370Z 
2025-05-17T17:15:31.7614380Z 
2025-05-17T17:15:31.7614380Z 
2025-05-17T17:15:31.7614380Z 
2025-05-17T17:15:31.7614390Z 
2025-05-17T17:15:31.7614390Z 
2025-05-17T17:15:31.7614390Z 
2025-05-17T17:15:31.7614450Z 
2025-05-17T17:15:31.7614620Z xz-tools-5.8.1       | 84 KB     |            |   0% [A[A[A[A[A[A[A[A[A[A[A[A[A[A[A
2025-05-17T17:15:31.7614930Z 
2025-05-17T17:15:31.7614930Z 
2025-05-17T17:15:31.7614940Z 
2025-05-17T17:15:31.7614960Z 
2025-05-17T17:15:31.7614970Z 
2025-05-17T17:15:31.7614970Z 
2025-05-17T17:15:31.7614970Z 
2025-05-17T17:15:31.7614980Z 
2025-05-17T17:15:31.7614980Z 
2025-05-17T17:15:31.7614980Z 
2025-05-17T17:15:31.7614980Z 
2025-05-17T17:15:31.7614980Z 
2025-05-17T17:15:31.7614990Z 
2025-05-17T17:15:31.7614990Z 
2025-05-17T17:15:31.7614990Z 
2025-05-17T17:15:31.7614990Z 
2025-05-17T17:15:31.7615200Z yaml-0.2.5           | 82 KB     |            |   0% [A[A[A[A[A[A[A[A[A[A[A[A[A[A[A[A
2025-05-17T17:15:31.7615430Z 
2025-05-17T17:15:31.7615440Z 
2025-05-17T17:15:31.7615440Z 
2025-05-17T17:15:31.7615440Z 
2025-05-17T17:15:31.7615450Z 
2025-05-17T17:15:31.7615450Z 
2025-05-17T17:15:31.7615600Z 
2025-05-17T17:15:31.7615610Z 
2025-05-17T17:15:31.7615610Z 
2025-05-17T17:15:31.7615610Z 
2025-05-17T17:15:31.7615610Z 
2025-05-17T17:15:31.7615610Z 
2025-05-17T17:15:31.7615620Z 
2025-05-17T17:15:31.7615620Z 
2025-05-17T17:15:31.7615620Z 
2025-05-17T17:15:31.7615620Z 
2025-05-17T17:15:31.7615620Z 
2025-05-17T17:15:31.7615910Z jsonschema-4.23.0    | 73 KB     |            |   0% [A[A[A[A[A[A[A[A[A[A[A[A[A[A[A[A[A
2025-05-17T17:15:31.7616300Z 
2025-05-17T17:15:31.7616300Z 
2025-05-17T17:15:31.7616310Z 
2025-05-17T17:15:31.7616310Z 
2025-05-17T17:15:31.7616310Z 
2025-05-17T17:15:31.7616310Z 
2025-05-17T17:15:31.7616320Z 
2025-05-17T17:15:31.7616320Z 
2025-05-17T17:15:31.7616320Z 
2025-05-17T17:15:31.7616320Z 
2025-05-17T17:15:31.7616320Z 
2025-05-17T17:15:31.7616380Z 
2025-05-17T17:15:31.7616380Z 
2025-05-17T17:15:31.7616380Z 
2025-05-17T17:15:31.7616390Z 
2025-05-17T17:15:31.7616390Z 
2025-05-17T17:15:31.7616390Z 
2025-05-17T17:15:31.7616390Z 
2025-05-17T17:15:31.7616590Z attrs-25.3.0         | 56 KB     |            |   0% [A[A[A[A[A[A[A[A[A[A[A[A[A[A[A[A[A[A
2025-05-17T17:15:31.7616830Z 
2025-05-17T17:15:31.7616830Z 
2025-05-17T17:15:31.7616830Z 
2025-05-17T17:15:31.7616840Z 
2025-05-17T17:15:31.7616840Z 
2025-05-17T17:15:31.7616840Z 
2025-05-17T17:15:31.7616840Z 
2025-05-17T17:15:31.7616850Z 
2025-05-17T17:15:31.7616850Z 
2025-05-17T17:15:31.7616850Z 
2025-05-17T17:15:31.7616860Z 
2025-05-17T17:15:31.7616860Z 
2025-05-17T17:15:31.7616860Z 
2025-05-17T17:15:31.7616860Z 
2025-05-17T17:15:31.7616860Z 
2025-05-17T17:15:31.7616860Z 
2025-05-17T17:15:31.7616870Z 
2025-05-17T17:15:31.7616870Z 
2025-05-17T17:15:31.7616870Z 
2025-05-17T17:15:31.8345830Z  ... (more hidden) ...[A[A[A[A[A[A[A[A[A[A[A[A[A[A[A[A[A[A[A
2025-05-17T17:15:31.8550250Z scipy-1.13.1         | 14.9 MB   | 1          |   1% 
2025-05-17T17:15:31.8651330Z 
2025-05-17T17:15:31.8752080Z 
2025-05-17T17:15:31.8854180Z numpy-2.0.2          | 6.6 MB    | 1          |   2% [A[A
2025-05-17T17:15:31.8954890Z 
2025-05-17T17:15:31.9056460Z 
2025-05-17T17:15:31.9343100Z 
2025-05-17T17:15:31.9378600Z libopenblas-0.3.29   | 5.9 MB    |            |   0% [A[A[A
2025-05-17T17:15:31.9494650Z 
2025-05-17T17:15:31.9595910Z 
2025-05-17T17:15:31.9697650Z 
2025-05-17T17:15:32.0001250Z 
2025-05-17T17:15:32.0140260Z compas-2.11.0        | 1.4 MB    | 1          |   1% [A[A[A[A
2025-05-17T17:15:32.0341130Z scipy-1.13.1         | 14.9 MB   | ##7        |  28% 
2025-05-17T17:15:32.0441650Z 
2025-05-17T17:15:32.0542360Z 
2025-05-17T17:15:32.0643480Z numpy-2.0.2          | 6.6 MB    | #####8     |  59% [A[A
2025-05-17T17:15:32.0745110Z 
2025-05-17T17:15:32.0845610Z 
2025-05-17T17:15:32.0946140Z 
2025-05-17T17:15:32.1046700Z 
2025-05-17T17:15:32.1146390Z compas-2.11.0        | 1.4 MB    | #########5 |  96% [A[A[A[A
2025-05-17T17:15:32.1146720Z 
2025-05-17T17:15:32.1146730Z 
2025-05-17T17:15:32.1146730Z 
2025-05-17T17:15:32.1146950Z libopenblas-0.3.29   | 5.9 MB    | ####       |  41% [A[A[A
2025-05-17T17:15:32.1147150Z 
2025-05-17T17:15:32.1147160Z 
2025-05-17T17:15:32.1147160Z 
2025-05-17T17:15:32.1147160Z 
2025-05-17T17:15:32.1147430Z compas-2.11.0        | 1.4 MB    | ########## | 100% [A[A[A[A
2025-05-17T17:15:32.1248400Z scipy-1.13.1         | 14.9 MB   | #####8     |  58% 
2025-05-17T17:15:32.1348620Z 
2025-05-17T17:15:32.1448910Z 
2025-05-17T17:15:32.1550000Z 
2025-05-17T17:15:32.1651610Z libopenblas-0.3.29   | 5.9 MB    | ########5  |  85% [A[A[A
2025-05-17T17:15:32.1751740Z 
2025-05-17T17:15:32.1852200Z 
2025-05-17T17:15:32.1952780Z 
2025-05-17T17:15:32.2053440Z 
2025-05-17T17:15:32.2153680Z 
2025-05-17T17:15:32.2254960Z libgfortran5-14.2.0  | 1.2 MB    | 1          |   1% [A[A[A[A[A
2025-05-17T17:15:32.2355250Z scipy-1.13.1         | 14.9 MB   | ########   |  81% 
2025-05-17T17:15:32.2456010Z 
2025-05-17T17:15:32.2556450Z 
2025-05-17T17:15:32.2658690Z 
2025-05-17T17:15:32.2700260Z 
2025-05-17T17:15:32.2708000Z 
2025-05-17T17:15:32.2717620Z libgfortran5-14.2.0  | 1.2 MB    | ########## | 100% [A[A[A[A[A
2025-05-17T17:15:32.2728920Z 
2025-05-17T17:15:32.2737760Z 
2025-05-17T17:15:32.2748150Z 
2025-05-17T17:15:32.2775690Z 
2025-05-17T17:15:32.2781560Z 
2025-05-17T17:15:32.2788440Z 
2025-05-17T17:15:32.2796930Z networkx-3.2.1       | 1.1 MB    | 1          |   1% [A[A[A[A[A[A
2025-05-17T17:15:32.2799110Z 
2025-05-17T17:15:32.2799190Z 
2025-05-17T17:15:32.2799570Z numpy-2.0.2          | 6.6 MB    | ########## | 100% [A[A
2025-05-17T17:15:32.2800200Z 
2025-05-17T17:15:32.2800280Z 
2025-05-17T17:15:32.2800510Z numpy-2.0.2          | 6.6 MB    | ########## | 100% [A[A
2025-05-17T17:15:32.2800830Z 
2025-05-17T17:15:32.2800910Z 
2025-05-17T17:15:32.2800990Z 
2025-05-17T17:15:32.2999690Z libopenblas-0.3.29   | 5.9 MB    | ########## | 100% [A[A[A
2025-05-17T17:15:32.3000100Z 
2025-05-17T17:15:32.3000220Z 
2025-05-17T17:15:32.3000650Z 
2025-05-17T17:15:32.3000720Z 
2025-05-17T17:15:32.3000770Z 
2025-05-17T17:15:32.3000850Z 
2025-05-17T17:15:32.3260980Z networkx-3.2.1       | 1.1 MB    | ########## | 100% [A[A[A[A[A[A
2025-05-17T17:15:32.3263270Z 
2025-05-17T17:15:32.3263340Z 
2025-05-17T17:15:32.3263700Z 
2025-05-17T17:15:32.3263780Z 
2025-05-17T17:15:32.3264180Z 
2025-05-17T17:15:32.3282540Z 
2025-05-17T17:15:32.3302570Z 
2025-05-17T17:15:32.3572450Z sqlite-3.49.2        | 919 KB    | 1          |   2% [A[A[A[A[A[A[A
2025-05-17T17:15:32.3573370Z 
2025-05-17T17:15:32.3573660Z 
2025-05-17T17:15:32.3575040Z 
2025-05-17T17:15:32.3575180Z 
2025-05-17T17:15:32.3575180Z 
2025-05-17T17:15:32.3575190Z 
2025-05-17T17:15:32.3575190Z 
2025-05-17T17:15:32.3575190Z 
2025-05-17T17:15:32.3575340Z 
2025-05-17T17:15:32.3711930Z rpds-py-0.25.0       | 370 KB    | 4          |   4% [A[A[A[A[A[A[A[A[A
2025-05-17T17:15:32.3712380Z 
2025-05-17T17:15:32.3712690Z 
2025-05-17T17:15:32.3712790Z 
2025-05-17T17:15:32.3712910Z 
2025-05-17T17:15:32.3713040Z 
2025-05-17T17:15:32.3713050Z 
2025-05-17T17:15:32.3713050Z 
2025-05-17T17:15:32.3714710Z 
2025-05-17T17:15:32.3872360Z libcxx-20.1.5        | 549 KB    | 2          |   3% [A[A[A[A[A[A[A[A
2025-05-17T17:15:32.3872700Z 
2025-05-17T17:15:32.3872700Z 
2025-05-17T17:15:32.3872700Z 
2025-05-17T17:15:32.3872710Z 
2025-05-17T17:15:32.3872710Z 
2025-05-17T17:15:32.3872710Z 
2025-05-17T17:15:32.3872710Z 
2025-05-17T17:15:32.3872720Z 
2025-05-17T17:15:32.3882000Z 
2025-05-17T17:15:32.3893470Z rpds-py-0.25.0       | 370 KB    | ########## | 100% [A[A[A[A[A[A[A[A[A
2025-05-17T17:15:32.3894430Z 
2025-05-17T17:15:32.3894810Z 
2025-05-17T17:15:32.3895970Z 
2025-05-17T17:15:32.3896060Z 
2025-05-17T17:15:32.3896070Z 
2025-05-17T17:15:32.3916590Z libgfortran5-14.2.0  | 1.2 MB    | ########## | 100% [A[A[A[A[A
2025-05-17T17:15:32.3917720Z 
2025-05-17T17:15:32.3918180Z 
2025-05-17T17:15:32.3919570Z 
2025-05-17T17:15:32.3919730Z 
2025-05-17T17:15:32.3919860Z 
2025-05-17T17:15:32.3986800Z libgfortran5-14.2.0  | 1.2 MB    | ########## | 100% [A[A[A[A[A
2025-05-17T17:15:32.3987700Z 
2025-05-17T17:15:32.3987980Z 
2025-05-17T17:15:32.3988880Z 
2025-05-17T17:15:32.3990690Z 
2025-05-17T17:15:32.3993110Z 
2025-05-17T17:15:32.3993200Z 
2025-05-17T17:15:32.3993330Z 
2025-05-17T17:15:32.4228040Z sqlite-3.49.2        | 919 KB    | ########## | 100% [A[A[A[A[A[A[A
2025-05-17T17:15:32.4228750Z 
2025-05-17T17:15:32.4228840Z 
2025-05-17T17:15:32.4228840Z 
2025-05-17T17:15:32.4229090Z 
2025-05-17T17:15:32.4229180Z 
2025-05-17T17:15:32.4229530Z 
2025-05-17T17:15:32.4229970Z 
2025-05-17T17:15:32.4231110Z 
2025-05-17T17:15:32.4691160Z libcxx-20.1.5        | 549 KB    | ########## | 100% [A[A[A[A[A[A[A[A
2025-05-17T17:15:32.4793400Z 
2025-05-17T17:15:32.4893550Z 
2025-05-17T17:15:32.4994110Z 
2025-05-17T17:15:32.5094580Z 
2025-05-17T17:15:32.5133840Z 
2025-05-17T17:15:32.5174480Z 
2025-05-17T17:15:32.5174860Z 
2025-05-17T17:15:32.5177220Z 
2025-05-17T17:15:32.5177380Z 
2025-05-17T17:15:32.5178630Z 
2025-05-17T17:15:32.5182040Z llvm-openmp-20.1.5   | 299 KB    | 5          |   5% [A[A[A[A[A[A[A[A[A[A
2025-05-17T17:15:32.5183920Z 
2025-05-17T17:15:32.5185050Z 
2025-05-17T17:15:32.5185170Z 
2025-05-17T17:15:32.5185270Z 
2025-05-17T17:15:32.5185370Z 
2025-05-17T17:15:32.5185470Z 
2025-05-17T17:15:32.5186440Z 
2025-05-17T17:15:32.5196390Z 
2025-05-17T17:15:32.5196810Z 
2025-05-17T17:15:32.5197390Z 
2025-05-17T17:15:32.5198810Z 
2025-05-17T17:15:32.5200240Z pyyaml-6.0.2         | 164 KB    | 9          |  10% [A[A[A[A[A[A[A[A[A[A[A
2025-05-17T17:15:32.5201170Z 
2025-05-17T17:15:32.5201600Z 
2025-05-17T17:15:32.5203050Z 
2025-05-17T17:15:32.5203160Z 
2025-05-17T17:15:32.5203260Z 
2025-05-17T17:15:32.5203360Z 
2025-05-17T17:15:32.5203460Z 
2025-05-17T17:15:32.5203560Z 
2025-05-17T17:15:32.5203660Z 
2025-05-17T17:15:32.5204320Z 
2025-05-17T17:15:32.5209840Z 
2025-05-17T17:15:32.5212220Z pyyaml-6.0.2         | 164 KB    | ########## | 100% [A[A[A[A[A[A[A[A[A[A[A
2025-05-17T17:15:32.5213370Z 
2025-05-17T17:15:32.5213480Z 
2025-05-17T17:15:32.5216490Z 
2025-05-17T17:15:32.5216610Z 
2025-05-17T17:15:32.5216610Z 
2025-05-17T17:15:32.5216620Z 
2025-05-17T17:15:32.5216630Z 
2025-05-17T17:15:32.5216640Z 
2025-05-17T17:15:32.5216640Z 
2025-05-17T17:15:32.5216640Z 
2025-05-17T17:15:32.5216900Z llvm-openmp-20.1.5   | 299 KB    | ########## | 100% [A[A[A[A[A[A[A[A[A[A
2025-05-17T17:15:32.5217100Z 
2025-05-17T17:15:32.5217100Z 
2025-05-17T17:15:32.5217100Z 
2025-05-17T17:15:32.5217110Z 
2025-05-17T17:15:32.5217110Z 
2025-05-17T17:15:32.5217110Z 
2025-05-17T17:15:32.5217170Z 
2025-05-17T17:15:32.5217170Z 
2025-05-17T17:15:32.5217170Z 
2025-05-17T17:15:32.5217180Z 
2025-05-17T17:15:32.5217180Z 
2025-05-17T17:15:32.5217180Z 
2025-05-17T17:15:32.5217370Z libgfortran-14.2.0   | 152 KB    | #          |  11% [A[A[A[A[A[A[A[A[A[A[A[A
2025-05-17T17:15:32.5217630Z 
2025-05-17T17:15:32.5217630Z 
2025-05-17T17:15:32.5217640Z 
2025-05-17T17:15:32.5217640Z 
2025-05-17T17:15:32.5217640Z 
2025-05-17T17:15:32.5217650Z 
2025-05-17T17:15:32.5217650Z 
2025-05-17T17:15:32.5217710Z 
2025-05-17T17:15:32.5217710Z 
2025-05-17T17:15:32.5217720Z 
2025-05-17T17:15:32.5217720Z 
2025-05-17T17:15:32.5217720Z 
2025-05-17T17:15:32.5318540Z libgfortran-14.2.0   | 152 KB    | ########## | 100% [A[A[A[A[A[A[A[A[A[A[A[A
2025-05-17T17:15:32.5319870Z 
2025-05-17T17:15:32.5319890Z 
2025-05-17T17:15:32.5319890Z 
2025-05-17T17:15:32.5319890Z 
2025-05-17T17:15:32.5319890Z 
2025-05-17T17:15:32.5319890Z 
2025-05-17T17:15:32.5319900Z 
2025-05-17T17:15:32.5319900Z 
2025-05-17T17:15:32.5319910Z 
2025-05-17T17:15:32.5320010Z 
2025-05-17T17:15:32.5320010Z 
2025-05-17T17:15:32.5320010Z 
2025-05-17T17:15:32.5322380Z 
2025-05-17T17:15:32.5397910Z watchdog-6.0.0       | 119 KB    | #3         |  13% [A[A[A[A[A[A[A[A[A[A[A[A[A
2025-05-17T17:15:32.5398460Z 
2025-05-17T17:15:32.5438880Z python-3.9.10        | 12.5 MB   |            |   0% [A
2025-05-17T17:15:32.5439160Z 
2025-05-17T17:15:32.5439380Z 
2025-05-17T17:15:32.5439390Z 
2025-05-17T17:15:32.5439390Z 
2025-05-17T17:15:32.5439390Z 
2025-05-17T17:15:32.5439390Z 
2025-05-17T17:15:32.5439410Z 
2025-05-17T17:15:32.5439420Z 
2025-05-17T17:15:32.5439420Z 
2025-05-17T17:15:32.5439430Z 
2025-05-17T17:15:32.5439430Z 
2025-05-17T17:15:32.5439440Z 
2025-05-17T17:15:32.5439440Z 
2025-05-17T17:15:32.5439540Z 
2025-05-17T17:15:32.5498230Z liblzma-devel-5.8.1  | 114 KB    | #4         |  14% [A[A[A[A[A[A[A[A[A[A[A[A[A[A
2025-05-17T17:15:32.5498590Z 
2025-05-17T17:15:32.5498870Z 
2025-05-17T17:15:32.5499030Z 
2025-05-17T17:15:32.5499160Z 
2025-05-17T17:15:32.5499580Z 
2025-05-17T17:15:32.5499670Z 
2025-05-17T17:15:32.5499720Z 
2025-05-17T17:15:32.5499770Z 
2025-05-17T17:15:32.5500210Z 
2025-05-17T17:15:32.5500600Z 
2025-05-17T17:15:32.5500670Z 
2025-05-17T17:15:32.5500720Z 
2025-05-17T17:15:32.5500920Z 
2025-05-17T17:15:32.5555400Z watchdog-6.0.0       | 119 KB    | ########## | 100% [A[A[A[A[A[A[A[A[A[A[A[A[A
2025-05-17T17:15:32.5555740Z 
2025-05-17T17:15:32.5555870Z 
2025-05-17T17:15:32.5555870Z 
2025-05-17T17:15:32.5555880Z 
2025-05-17T17:15:32.5555880Z 
2025-05-17T17:15:32.5556040Z 
2025-05-17T17:15:32.5556040Z 
2025-05-17T17:15:32.5556040Z 
2025-05-17T17:15:32.5556040Z 
2025-05-17T17:15:32.5556050Z 
2025-05-17T17:15:32.5556050Z 
2025-05-17T17:15:32.5556050Z 
2025-05-17T17:15:32.5556050Z 
2025-05-17T17:15:32.5556070Z 
2025-05-17T17:15:32.5805950Z liblzma-devel-5.8.1  | 114 KB    | ########## | 100% [A[A[A[A[A[A[A[A[A[A[A[A[A[A
2025-05-17T17:15:32.5806410Z 
2025-05-17T17:15:32.5807760Z 
2025-05-17T17:15:32.5808080Z 
2025-05-17T17:15:32.5809880Z 
2025-05-17T17:15:32.5809930Z 
2025-05-17T17:15:32.5809970Z 
2025-05-17T17:15:32.5810020Z 
2025-05-17T17:15:32.5810070Z 
2025-05-17T17:15:32.5810170Z 
2025-05-17T17:15:32.5813000Z 
2025-05-17T17:15:32.5815610Z 
2025-05-17T17:15:32.5815810Z 
2025-05-17T17:15:32.5818560Z 
2025-05-17T17:15:32.5818620Z 
2025-05-17T17:15:32.5819330Z 
2025-05-17T17:15:32.5883890Z xz-tools-5.8.1       | 84 KB     | #9         |  19% [A[A[A[A[A[A[A[A[A[A[A[A[A[A[A
2025-05-17T17:15:32.5885430Z 
2025-05-17T17:15:32.5885490Z 
2025-05-17T17:15:32.5885550Z 
2025-05-17T17:15:32.5885600Z 
2025-05-17T17:15:32.5885750Z 
2025-05-17T17:15:32.5885770Z 
2025-05-17T17:15:32.5885770Z 
2025-05-17T17:15:32.5885770Z 
2025-05-17T17:15:32.5885770Z 
2025-05-17T17:15:32.5885780Z 
2025-05-17T17:15:32.5885780Z 
2025-05-17T17:15:32.5885780Z 
2025-05-17T17:15:32.5885780Z 
2025-05-17T17:15:32.5885780Z 
2025-05-17T17:15:32.5886220Z 
2025-05-17T17:15:32.6050370Z xz-tools-5.8.1       | 84 KB     | ########## | 100% [A[A[A[A[A[A[A[A[A[A[A[A[A[A[A
2025-05-17T17:15:32.6050770Z 
2025-05-17T17:15:32.6051010Z 
2025-05-17T17:15:32.6051100Z 
2025-05-17T17:15:32.6051150Z 
2025-05-17T17:15:32.6051750Z 
2025-05-17T17:15:32.6052070Z 
2025-05-17T17:15:32.6052220Z 
2025-05-17T17:15:32.6052230Z 
2025-05-17T17:15:32.6052240Z 
2025-05-17T17:15:32.6052300Z 
2025-05-17T17:15:32.6052310Z 
2025-05-17T17:15:32.6052310Z 
2025-05-17T17:15:32.6052310Z 
2025-05-17T17:15:32.6052310Z 
2025-05-17T17:15:32.6052340Z 
2025-05-17T17:15:32.6052410Z 
2025-05-17T17:15:32.6054960Z 
2025-05-17T17:15:32.6076510Z jsonschema-4.23.0    | 73 KB     | ##2        |  22% [A[A[A[A[A[A[A[A[A[A[A[A[A[A[A[A[A
2025-05-17T17:15:32.6076770Z 
2025-05-17T17:15:32.6076770Z 
2025-05-17T17:15:32.6076780Z 
2025-05-17T17:15:32.6076780Z 
2025-05-17T17:15:32.6076780Z 
2025-05-17T17:15:32.6076780Z 
2025-05-17T17:15:32.6076780Z 
2025-05-17T17:15:32.6076790Z 
2025-05-17T17:15:32.6076790Z 
2025-05-17T17:15:32.6076790Z 
2025-05-17T17:15:32.6076810Z 
2025-05-17T17:15:32.6076810Z 
2025-05-17T17:15:32.6076810Z 
2025-05-17T17:15:32.6076870Z 
2025-05-17T17:15:32.6076870Z 
2025-05-17T17:15:32.6077110Z 
2025-05-17T17:15:32.6170760Z yaml-0.2.5           | 82 KB     | #9         |  19% [A[A[A[A[A[A[A[A[A[A[A[A[A[A[A[A
2025-05-17T17:15:32.6171090Z 
2025-05-17T17:15:32.6171650Z 
2025-05-17T17:15:32.6171670Z 
2025-05-17T17:15:32.6171680Z 
2025-05-17T17:15:32.6171680Z 
2025-05-17T17:15:32.6171680Z 
2025-05-17T17:15:32.6171690Z 
2025-05-17T17:15:32.6171690Z 
2025-05-17T17:15:32.6171690Z 
2025-05-17T17:15:32.6171710Z 
2025-05-17T17:15:32.6171760Z 
2025-05-17T17:15:32.6171760Z 
2025-05-17T17:15:32.6171770Z 
2025-05-17T17:15:32.6171770Z 
2025-05-17T17:15:32.6171770Z 
2025-05-17T17:15:32.6171770Z 
2025-05-17T17:15:32.6173250Z 
2025-05-17T17:15:32.6175760Z jsonschema-4.23.0    | 73 KB     | ########## | 100% [A[A[A[A[A[A[A[A[A[A[A[A[A[A[A[A[A
2025-05-17T17:15:32.6176160Z 
2025-05-17T17:15:32.6176330Z 
2025-05-17T17:15:32.6176690Z 
2025-05-17T17:15:32.6177740Z 
2025-05-17T17:15:32.6178130Z 
2025-05-17T17:15:32.6178130Z 
2025-05-17T17:15:32.6178130Z 
2025-05-17T17:15:32.6178140Z 
2025-05-17T17:15:32.6178150Z 
2025-05-17T17:15:32.6178150Z 
2025-05-17T17:15:32.6178150Z 
2025-05-17T17:15:32.6178150Z 
2025-05-17T17:15:32.6178150Z 
2025-05-17T17:15:32.6178160Z 
2025-05-17T17:15:32.6178160Z 
2025-05-17T17:15:32.6180340Z 
2025-05-17T17:15:32.6398750Z yaml-0.2.5           | 82 KB     | ########## | 100% [A[A[A[A[A[A[A[A[A[A[A[A[A[A[A[A
2025-05-17T17:15:32.6399180Z 
2025-05-17T17:15:32.6411270Z python-3.9.10        | 12.5 MB   | 2          |   2% [A
2025-05-17T17:15:32.6411640Z 
2025-05-17T17:15:32.6411870Z 
2025-05-17T17:15:32.6411960Z 
2025-05-17T17:15:32.6411970Z 
2025-05-17T17:15:32.6411970Z 
2025-05-17T17:15:32.6411970Z 
2025-05-17T17:15:32.6411970Z 
2025-05-17T17:15:32.6411980Z 
2025-05-17T17:15:32.6411980Z 
2025-05-17T17:15:32.6411980Z 
2025-05-17T17:15:32.6411980Z 
2025-05-17T17:15:32.6411980Z 
2025-05-17T17:15:32.6412130Z 
2025-05-17T17:15:32.6412130Z 
2025-05-17T17:15:32.6412140Z 
2025-05-17T17:15:32.6412140Z 
2025-05-17T17:15:32.6412140Z 
2025-05-17T17:15:32.6412160Z 
2025-05-17T17:15:32.6503090Z attrs-25.3.0         | 56 KB     | ##8        |  29% [A[A[A[A[A[A[A[A[A[A[A[A[A[A[A[A[A[A
2025-05-17T17:15:32.6504220Z 
2025-05-17T17:15:32.6504280Z 
2025-05-17T17:15:32.6504330Z 
2025-05-17T17:15:32.6504380Z 
2025-05-17T17:15:32.6504420Z 
2025-05-17T17:15:32.6504470Z 
2025-05-17T17:15:32.6504520Z 
2025-05-17T17:15:32.6504560Z 
2025-05-17T17:15:32.6504610Z 
2025-05-17T17:15:32.6505060Z 
2025-05-17T17:15:32.6505890Z 
2025-05-17T17:15:32.6506470Z 
2025-05-17T17:15:32.6506640Z 
2025-05-17T17:15:32.6506690Z 
2025-05-17T17:15:32.6506840Z 
2025-05-17T17:15:32.6506900Z 
2025-05-17T17:15:32.6506950Z 
2025-05-17T17:15:32.6508290Z 
2025-05-17T17:15:32.6606810Z attrs-25.3.0         | 56 KB     | ########## | 100% [A[A[A[A[A[A[A[A[A[A[A[A[A[A[A[A[A[A
2025-05-17T17:15:32.6608360Z 
2025-05-17T17:15:32.6608550Z 
2025-05-17T17:15:32.6610060Z 
2025-05-17T17:15:32.6610130Z 
2025-05-17T17:15:32.6610170Z 
2025-05-17T17:15:32.6610220Z 
2025-05-17T17:15:32.6610270Z 
2025-05-17T17:15:32.6610410Z 
2025-05-17T17:15:32.6610460Z 
2025-05-17T17:15:32.6610510Z 
2025-05-17T17:15:32.6610550Z 
2025-05-17T17:15:32.6610600Z 
2025-05-17T17:15:32.6610640Z 
2025-05-17T17:15:32.6610690Z 
2025-05-17T17:15:32.6610740Z 
2025-05-17T17:15:32.6610780Z 
2025-05-17T17:15:32.6610830Z 
2025-05-17T17:15:32.6610870Z 
2025-05-17T17:15:32.6611670Z 
2025-05-17T17:15:32.6674680Z  ... (more hidden) ...[A[A[A[A[A[A[A[A[A[A[A[A[A[A[A[A[A[A[A
2025-05-17T17:15:32.6678140Z 
2025-05-17T17:15:32.6678220Z 
2025-05-17T17:15:32.6678330Z 
2025-05-17T17:15:32.6678380Z 
2025-05-17T17:15:32.6678430Z 
2025-05-17T17:15:32.6678860Z 
2025-05-17T17:15:32.6678870Z 
2025-05-17T17:15:32.6678870Z 
2025-05-17T17:15:32.6678880Z 
2025-05-17T17:15:32.6678880Z 
2025-05-17T17:15:32.6678880Z 
2025-05-17T17:15:32.6678880Z 
2025-05-17T17:15:32.6678880Z 
2025-05-17T17:15:32.6678900Z 
2025-05-17T17:15:32.6678900Z 
2025-05-17T17:15:32.6678900Z 
2025-05-17T17:15:32.6678900Z 
2025-05-17T17:15:32.6678900Z 
2025-05-17T17:15:32.6678910Z 
2025-05-17T17:15:32.7382090Z  ... (more hidden) ...[A[A[A[A[A[A[A[A[A[A[A[A[A[A[A[A[A[A[A
2025-05-17T17:15:32.7444100Z scipy-1.13.1         | 14.9 MB   | ########## | 100% 
2025-05-17T17:15:32.7447950Z 
2025-05-17T17:15:32.8591060Z python-3.9.10        | 12.5 MB   | 7          |   7% [A
2025-05-17T17:15:32.8647450Z 
2025-05-17T17:15:32.9574030Z python-3.9.10        | 12.5 MB   | #8         |  18% [A
2025-05-17T17:15:32.9574510Z 
2025-05-17T17:15:33.0574430Z python-3.9.10        | 12.5 MB   | #####1     |  52% [A
2025-05-17T17:15:33.0574860Z 
2025-05-17T17:15:33.3423060Z python-3.9.10        | 12.5 MB   | #######8   |  79% [A
2025-05-17T17:15:33.3423670Z 
2025-05-17T17:15:33.3423680Z 
2025-05-17T17:15:33.3423680Z 
2025-05-17T17:15:33.3426250Z 
2025-05-17T17:15:33.4157290Z compas-2.11.0        | 1.4 MB    | ########## | 100% [A[A[A[A
2025-05-17T17:15:33.4157720Z 
2025-05-17T17:15:33.4158050Z python-3.9.10        | 12.5 MB   | ########## | 100% [A
2025-05-17T17:15:33.4158530Z 
2025-05-17T17:15:33.4829210Z python-3.9.10        | 12.5 MB   | ########## | 100% [A
2025-05-17T17:15:33.4829470Z 
2025-05-17T17:15:33.4829520Z 
2025-05-17T17:15:33.4829660Z 
2025-05-17T17:15:33.5495830Z libopenblas-0.3.29   | 5.9 MB    | ########## | 100% [A[A[A
2025-05-17T17:15:33.5496090Z 
2025-05-17T17:15:33.5496090Z 
2025-05-17T17:15:33.5496090Z 
2025-05-17T17:15:33.5496100Z 
2025-05-17T17:15:33.5496100Z 
2025-05-17T17:15:33.5496310Z 
2025-05-17T17:15:33.5496320Z 
2025-05-17T17:15:33.5496320Z 
2025-05-17T17:15:33.5496360Z 
2025-05-17T17:15:33.5506040Z rpds-py-0.25.0       | 370 KB    | ########## | 100% [A[A[A[A[A[A[A[A[A
2025-05-17T17:15:33.5506340Z 
2025-05-17T17:15:33.5506350Z 
2025-05-17T17:15:33.5506350Z 
2025-05-17T17:15:33.5506350Z 
2025-05-17T17:15:33.5506360Z 
2025-05-17T17:15:33.5506360Z 
2025-05-17T17:15:33.5506480Z 
2025-05-17T17:15:33.5506490Z 
2025-05-17T17:15:33.5506600Z 
2025-05-17T17:15:33.6020580Z rpds-py-0.25.0       | 370 KB    | ########## | 100% [A[A[A[A[A[A[A[A[A
2025-05-17T17:15:33.6020980Z 
2025-05-17T17:15:33.6020990Z 
2025-05-17T17:15:33.6020990Z 
2025-05-17T17:15:33.6020990Z 
2025-05-17T17:15:33.6020990Z 
2025-05-17T17:15:33.6021000Z 
2025-05-17T17:15:33.6021000Z 
2025-05-17T17:15:33.6032530Z sqlite-3.49.2        | 919 KB    | ########## | 100% [A[A[A[A[A[A[A
2025-05-17T17:15:33.6032740Z 
2025-05-17T17:15:33.6032920Z 
2025-05-17T17:15:33.6033150Z 
2025-05-17T17:15:33.6033300Z 
2025-05-17T17:15:33.6033520Z 
2025-05-17T17:15:33.6033630Z 
2025-05-17T17:15:33.6034480Z 
2025-05-17T17:15:33.8022690Z sqlite-3.49.2        | 919 KB    | ########## | 100% [A[A[A[A[A[A[A
2025-05-17T17:15:33.8023050Z 
2025-05-17T17:15:33.8023050Z 
2025-05-17T17:15:33.8023060Z 
2025-05-17T17:15:33.8023060Z 
2025-05-17T17:15:33.8023060Z 
2025-05-17T17:15:33.8023060Z 
2025-05-17T17:15:33.8023060Z 
2025-05-17T17:15:33.8023090Z 
2025-05-17T17:15:33.8033050Z libcxx-20.1.5        | 549 KB    | ########## | 100% [A[A[A[A[A[A[A[A
2025-05-17T17:15:33.8033370Z 
2025-05-17T17:15:33.8033380Z 
2025-05-17T17:15:33.8033380Z 
2025-05-17T17:15:33.8033390Z 
2025-05-17T17:15:33.8033390Z 
2025-05-17T17:15:33.8033390Z 
2025-05-17T17:15:33.8033390Z 
2025-05-17T17:15:33.8034140Z 
2025-05-17T17:15:33.8993320Z libcxx-20.1.5        | 549 KB    | ########## | 100% [A[A[A[A[A[A[A[A
2025-05-17T17:15:33.8995980Z 
2025-05-17T17:15:33.8998580Z 
2025-05-17T17:15:33.8998590Z 
2025-05-17T17:15:33.8998620Z 
2025-05-17T17:15:33.8998620Z 
2025-05-17T17:15:33.8998620Z 
2025-05-17T17:15:33.8998630Z 
2025-05-17T17:15:33.8998630Z 
2025-05-17T17:15:33.8998650Z 
2025-05-17T17:15:33.8998650Z 
2025-05-17T17:15:33.8998680Z 
2025-05-17T17:15:33.9006860Z pyyaml-6.0.2         | 164 KB    | ########## | 100% [A[A[A[A[A[A[A[A[A[A[A
2025-05-17T17:15:33.9007150Z 
2025-05-17T17:15:33.9007290Z 
2025-05-17T17:15:33.9007410Z 
2025-05-17T17:15:33.9007430Z 
2025-05-17T17:15:33.9007430Z 
2025-05-17T17:15:33.9007440Z 
2025-05-17T17:15:33.9007440Z 
2025-05-17T17:15:33.9007440Z 
2025-05-17T17:15:33.9007440Z 
2025-05-17T17:15:33.9007440Z 
2025-05-17T17:15:33.9008170Z 
2025-05-17T17:15:33.9543010Z pyyaml-6.0.2         | 164 KB    | ########## | 100% [A[A[A[A[A[A[A[A[A[A[A
2025-05-17T17:15:33.9543400Z 
2025-05-17T17:15:33.9543570Z 
2025-05-17T17:15:33.9543680Z 
2025-05-17T17:15:33.9543680Z 
2025-05-17T17:15:33.9543690Z 
2025-05-17T17:15:33.9543690Z 
2025-05-17T17:15:33.9543700Z 
2025-05-17T17:15:33.9543700Z 
2025-05-17T17:15:33.9543720Z 
2025-05-17T17:15:33.9543740Z 
2025-05-17T17:15:33.9549740Z llvm-openmp-20.1.5   | 299 KB    | ########## | 100% [A[A[A[A[A[A[A[A[A[A
2025-05-17T17:15:33.9550240Z 
2025-05-17T17:15:33.9550360Z 
2025-05-17T17:15:33.9550480Z 
2025-05-17T17:15:33.9550800Z 
2025-05-17T17:15:33.9550970Z 
2025-05-17T17:15:33.9551130Z 
2025-05-17T17:15:33.9551240Z 
2025-05-17T17:15:33.9551390Z 
2025-05-17T17:15:33.9551390Z 
2025-05-17T17:15:33.9551420Z 
2025-05-17T17:15:34.0090620Z llvm-openmp-20.1.5   | 299 KB    | ########## | 100% [A[A[A[A[A[A[A[A[A[A
2025-05-17T17:15:34.0091810Z 
2025-05-17T17:15:34.0092160Z 
2025-05-17T17:15:34.0092160Z 
2025-05-17T17:15:34.0092170Z 
2025-05-17T17:15:34.0092170Z 
2025-05-17T17:15:34.0092290Z 
2025-05-17T17:15:34.0103220Z 
2025-05-17T17:15:34.0103230Z 
2025-05-17T17:15:34.0103230Z 
2025-05-17T17:15:34.0103230Z 
2025-05-17T17:15:34.0103230Z 
2025-05-17T17:15:34.0103240Z 
2025-05-17T17:15:34.0103460Z libgfortran-14.2.0   | 152 KB    | ########## | 100% [A[A[A[A[A[A[A[A[A[A[A[A
2025-05-17T17:15:34.0103920Z 
2025-05-17T17:15:34.0103930Z 
2025-05-17T17:15:34.0103930Z 
2025-05-17T17:15:34.0103930Z 
2025-05-17T17:15:34.0103940Z 
2025-05-17T17:15:34.0103940Z 
2025-05-17T17:15:34.0103940Z 
2025-05-17T17:15:34.0103940Z 
2025-05-17T17:15:34.0103940Z 
2025-05-17T17:15:34.0103950Z 
2025-05-17T17:15:34.0103950Z 
2025-05-17T17:15:34.0104380Z 
2025-05-17T17:15:34.1334370Z libgfortran-14.2.0   | 152 KB    | ########## | 100% [A[A[A[A[A[A[A[A[A[A[A[A
2025-05-17T17:15:34.1335030Z 
2025-05-17T17:15:34.1335250Z 
2025-05-17T17:15:34.1335450Z 
2025-05-17T17:15:34.1335510Z 
2025-05-17T17:15:34.1335550Z 
2025-05-17T17:15:34.1335600Z 
2025-05-17T17:15:34.1335650Z 
2025-05-17T17:15:34.1335900Z 
2025-05-17T17:15:34.1336010Z 
2025-05-17T17:15:34.1336060Z 
2025-05-17T17:15:34.1336420Z 
2025-05-17T17:15:34.1336500Z 
2025-05-17T17:15:34.1336680Z 
2025-05-17T17:15:34.1343740Z watchdog-6.0.0       | 119 KB    | ########## | 100% [A[A[A[A[A[A[A[A[A[A[A[A[A
2025-05-17T17:15:34.1343980Z 
2025-05-17T17:15:34.1345540Z 
2025-05-17T17:15:34.1345680Z 
2025-05-17T17:15:34.1346340Z 
2025-05-17T17:15:34.1346680Z 
2025-05-17T17:15:34.1346680Z 
2025-05-17T17:15:34.1346690Z 
2025-05-17T17:15:34.1346690Z 
2025-05-17T17:15:34.1346690Z 
2025-05-17T17:15:34.1346690Z 
2025-05-17T17:15:34.1346690Z 
2025-05-17T17:15:34.1346700Z 
2025-05-17T17:15:34.1346710Z 
2025-05-17T17:15:34.1848270Z watchdog-6.0.0       | 119 KB    | ########## | 100% [A[A[A[A[A[A[A[A[A[A[A[A[A
2025-05-17T17:15:34.1848800Z 
2025-05-17T17:15:34.1849000Z 
2025-05-17T17:15:34.1849120Z 
2025-05-17T17:15:34.1849320Z 
2025-05-17T17:15:34.1849330Z 
2025-05-17T17:15:34.1849350Z 
2025-05-17T17:15:34.1856440Z networkx-3.2.1       | 1.1 MB    | ########## | 100% [A[A[A[A[A[A
2025-05-17T17:15:34.1857430Z 
2025-05-17T17:15:34.1860760Z 
2025-05-17T17:15:34.1861200Z 
2025-05-17T17:15:34.1861210Z 
2025-05-17T17:15:34.1861220Z 
2025-05-17T17:15:34.1861320Z 
2025-05-17T17:15:34.2236640Z networkx-3.2.1       | 1.1 MB    | ########## | 100% [A[A[A[A[A[A
2025-05-17T17:15:34.2236950Z 
2025-05-17T17:15:34.2239170Z 
2025-05-17T17:15:34.2239260Z 
2025-05-17T17:15:34.2239350Z 
2025-05-17T17:15:34.2239410Z 
2025-05-17T17:15:34.2239450Z 
2025-05-17T17:15:34.2239510Z 
2025-05-17T17:15:34.2239700Z 
2025-05-17T17:15:34.2239740Z 
2025-05-17T17:15:34.2240150Z 
2025-05-17T17:15:34.2240820Z 
2025-05-17T17:15:34.2241490Z 
2025-05-17T17:15:34.2242170Z 
2025-05-17T17:15:34.2242890Z 
2025-05-17T17:15:34.2256950Z liblzma-devel-5.8.1  | 114 KB    | ########## | 100% [A[A[A[A[A[A[A[A[A[A[A[A[A[A
2025-05-17T17:15:34.2258760Z 
2025-05-17T17:15:34.2259680Z 
2025-05-17T17:15:34.2259680Z 
2025-05-17T17:15:34.2259690Z 
2025-05-17T17:15:34.2259690Z 
2025-05-17T17:15:34.2259690Z 
2025-05-17T17:15:34.2259690Z 
2025-05-17T17:15:34.2259690Z 
2025-05-17T17:15:34.2259700Z 
2025-05-17T17:15:34.2259700Z 
2025-05-17T17:15:34.2259700Z 
2025-05-17T17:15:34.2259700Z 
2025-05-17T17:15:34.2259700Z 
2025-05-17T17:15:34.2259850Z 
2025-05-17T17:15:34.2437270Z liblzma-devel-5.8.1  | 114 KB    | ########## | 100% [A[A[A[A[A[A[A[A[A[A[A[A[A[A
2025-05-17T17:15:34.2437560Z 
2025-05-17T17:15:34.2437610Z 
2025-05-17T17:15:34.2437610Z 
2025-05-17T17:15:34.2437620Z 
2025-05-17T17:15:34.2437620Z 
2025-05-17T17:15:34.2437620Z 
2025-05-17T17:15:34.2437620Z 
2025-05-17T17:15:34.2437630Z 
2025-05-17T17:15:34.2437710Z 
2025-05-17T17:15:34.2437710Z 
2025-05-17T17:15:34.2437730Z 
2025-05-17T17:15:34.2437740Z 
2025-05-17T17:15:34.2437740Z 
2025-05-17T17:15:34.2437740Z 
2025-05-17T17:15:34.2437840Z 
2025-05-17T17:15:34.2442360Z xz-tools-5.8.1       | 84 KB     | ########## | 100% [A[A[A[A[A[A[A[A[A[A[A[A[A[A[A
2025-05-17T17:15:34.2442710Z 
2025-05-17T17:15:34.2442710Z 
2025-05-17T17:15:34.2442710Z 
2025-05-17T17:15:34.2442720Z 
2025-05-17T17:15:34.2442720Z 
2025-05-17T17:15:34.2442720Z 
2025-05-17T17:15:34.2442720Z 
2025-05-17T17:15:34.2442720Z 
2025-05-17T17:15:34.2442730Z 
2025-05-17T17:15:34.2442730Z 
2025-05-17T17:15:34.2442730Z 
2025-05-17T17:15:34.2442880Z 
2025-05-17T17:15:34.2442880Z 
2025-05-17T17:15:34.2442890Z 
2025-05-17T17:15:34.2443280Z 
2025-05-17T17:15:34.2793340Z xz-tools-5.8.1       | 84 KB     | ########## | 100% [A[A[A[A[A[A[A[A[A[A[A[A[A[A[A
2025-05-17T17:15:34.2793630Z 
2025-05-17T17:15:34.2793640Z 
2025-05-17T17:15:34.2793640Z 
2025-05-17T17:15:34.2793640Z 
2025-05-17T17:15:34.2793640Z 
2025-05-17T17:15:34.2793670Z 
2025-05-17T17:15:34.2793840Z 
2025-05-17T17:15:34.2793840Z 
2025-05-17T17:15:34.2793840Z 
2025-05-17T17:15:34.2793840Z 
2025-05-17T17:15:34.2793850Z 
2025-05-17T17:15:34.2793850Z 
2025-05-17T17:15:34.2793850Z 
2025-05-17T17:15:34.2793850Z 
2025-05-17T17:15:34.2793860Z 
2025-05-17T17:15:34.2793860Z 
2025-05-17T17:15:34.2803890Z yaml-0.2.5           | 82 KB     | ########## | 100% [A[A[A[A[A[A[A[A[A[A[A[A[A[A[A[A
2025-05-17T17:15:34.2804220Z 
2025-05-17T17:15:34.2804520Z 
2025-05-17T17:15:34.2804530Z 
2025-05-17T17:15:34.2804540Z 
2025-05-17T17:15:34.2804540Z 
2025-05-17T17:15:34.2804550Z 
2025-05-17T17:15:34.2804550Z 
2025-05-17T17:15:34.2804550Z 
2025-05-17T17:15:34.2804560Z 
2025-05-17T17:15:34.2804560Z 
2025-05-17T17:15:34.2804560Z 
2025-05-17T17:15:34.2804560Z 
2025-05-17T17:15:34.2804560Z 
2025-05-17T17:15:34.2804570Z 
2025-05-17T17:15:34.2804570Z 
2025-05-17T17:15:34.2804570Z 
2025-05-17T17:15:34.3288030Z yaml-0.2.5           | 82 KB     | ########## | 100% [A[A[A[A[A[A[A[A[A[A[A[A[A[A[A[A
2025-05-17T17:15:34.3288460Z 
2025-05-17T17:15:34.3288470Z 
2025-05-17T17:15:34.3288490Z 
2025-05-17T17:15:34.3288500Z 
2025-05-17T17:15:34.3288510Z 
2025-05-17T17:15:34.3288510Z 
2025-05-17T17:15:34.3288530Z 
2025-05-17T17:15:34.3288530Z 
2025-05-17T17:15:34.3288540Z 
2025-05-17T17:15:34.3288540Z 
2025-05-17T17:15:34.3288550Z 
2025-05-17T17:15:34.3288550Z 
2025-05-17T17:15:34.3288550Z 
2025-05-17T17:15:34.3288560Z 
2025-05-17T17:15:34.3288570Z 
2025-05-17T17:15:34.3290800Z 
2025-05-17T17:15:34.3290810Z 
2025-05-17T17:15:34.3298720Z jsonschema-4.23.0    | 73 KB     | ########## | 100% [A[A[A[A[A[A[A[A[A[A[A[A[A[A[A[A[A
2025-05-17T17:15:34.3312910Z 
2025-05-17T17:15:34.3312920Z 
2025-05-17T17:15:34.3312920Z 
2025-05-17T17:15:34.3312930Z 
2025-05-17T17:15:34.3312930Z 
2025-05-17T17:15:34.3312930Z 
2025-05-17T17:15:34.3313000Z 
2025-05-17T17:15:34.3314250Z 
2025-05-17T17:15:34.3314280Z 
2025-05-17T17:15:34.3314280Z 
2025-05-17T17:15:34.3314290Z 
2025-05-17T17:15:34.3314290Z 
2025-05-17T17:15:34.3314310Z 
2025-05-17T17:15:34.3314310Z 
2025-05-17T17:15:34.3314320Z 
2025-05-17T17:15:34.3314440Z 
2025-05-17T17:15:34.3315930Z 
2025-05-17T17:15:34.3552910Z jsonschema-4.23.0    | 73 KB     | ########## | 100% [A[A[A[A[A[A[A[A[A[A[A[A[A[A[A[A[A
2025-05-17T17:15:34.3553290Z 
2025-05-17T17:15:34.3553710Z 
2025-05-17T17:15:34.3553860Z 
2025-05-17T17:15:34.3554000Z 
2025-05-17T17:15:34.3554100Z 
2025-05-17T17:15:34.3554240Z 
2025-05-17T17:15:34.3554340Z 
2025-05-17T17:15:34.3554430Z 
2025-05-17T17:15:34.3554500Z 
2025-05-17T17:15:34.3554510Z 
2025-05-17T17:15:34.3554530Z 
2025-05-17T17:15:34.3554530Z 
2025-05-17T17:15:34.3554540Z 
2025-05-17T17:15:34.3554550Z 
2025-05-17T17:15:34.3554550Z 
2025-05-17T17:15:34.3554560Z 
2025-05-17T17:15:34.3554840Z 
2025-05-17T17:15:34.3554850Z 
2025-05-17T17:15:34.3566960Z attrs-25.3.0         | 56 KB     | ########## | 100% [A[A[A[A[A[A[A[A[A[A[A[A[A[A[A[A[A[A
2025-05-17T17:15:34.3567990Z 
2025-05-17T17:15:34.3569170Z 
2025-05-17T17:15:34.3569710Z 
2025-05-17T17:15:34.3570480Z 
2025-05-17T17:15:34.3570690Z 
2025-05-17T17:15:34.3570780Z 
2025-05-17T17:15:34.3571210Z 
2025-05-17T17:15:34.3571970Z 
2025-05-17T17:15:34.3572350Z 
2025-05-17T17:15:34.3573200Z 
2025-05-17T17:15:34.3574880Z 
2025-05-17T17:15:34.3575000Z 
2025-05-17T17:15:34.3575860Z 
2025-05-17T17:15:34.3576880Z 
2025-05-17T17:15:34.3577260Z 
2025-05-17T17:15:34.3578260Z 
2025-05-17T17:15:34.3578650Z 
2025-05-17T17:15:34.3578760Z 
2025-05-17T17:15:34.3664300Z attrs-25.3.0         | 56 KB     | ########## | 100% [A[A[A[A[A[A[A[A[A[A[A[A[A[A[A[A[A[A
2025-05-17T17:15:34.3665240Z 
2025-05-17T17:15:34.3666480Z 
2025-05-17T17:15:34.3669740Z 
2025-05-17T17:15:34.3669870Z 
2025-05-17T17:15:34.3669950Z 
2025-05-17T17:15:34.3670040Z 
2025-05-17T17:15:34.3670740Z 
2025-05-17T17:15:34.3673020Z 
2025-05-17T17:15:34.3673590Z 
2025-05-17T17:15:34.3674050Z 
2025-05-17T17:15:34.3674050Z 
2025-05-17T17:15:34.3674060Z 
2025-05-17T17:15:34.3674060Z 
2025-05-17T17:15:34.3674060Z 
2025-05-17T17:15:34.3674250Z 
2025-05-17T17:15:34.3674250Z 
2025-05-17T17:15:34.3674250Z 
2025-05-17T17:15:34.3674250Z 
2025-05-17T17:15:34.3674260Z 
2025-05-17T17:15:34.3674530Z  ... (more hidden) ...[A[A[A[A[A[A[A[A[A[A[A[A[A[A[A[A[A[A[A
2025-05-17T17:15:34.3674790Z 
2025-05-17T17:15:34.3674790Z 
2025-05-17T17:15:34.3674790Z 
2025-05-17T17:15:34.3674800Z 
2025-05-17T17:15:34.3674800Z 
2025-05-17T17:15:34.3674800Z 
2025-05-17T17:15:34.3674800Z 
2025-05-17T17:15:34.3674800Z 
2025-05-17T17:15:34.3674810Z 
2025-05-17T17:15:34.3674810Z 
2025-05-17T17:15:34.3674810Z 
2025-05-17T17:15:34.3674820Z 
2025-05-17T17:15:34.3674820Z 
2025-05-17T17:15:34.3674820Z 
2025-05-17T17:15:34.3674820Z 
2025-05-17T17:15:34.3674820Z 
2025-05-17T17:15:34.3674830Z 
2025-05-17T17:15:34.3674830Z 
2025-05-17T17:15:34.3674830Z 
2025-05-17T17:15:35.1792510Z  ... (more hidden) ...[A[A[A[A[A[A[A[A[A[A[A[A[A[A[A[A[A[A[A
2025-05-17T17:15:35.1792830Z 
2025-05-17T17:15:35.1794040Z 
2025-05-17T17:15:36.0594100Z numpy-2.0.2          | 6.6 MB    | ########## | 100% [A[A
2025-05-17T17:15:37.4417640Z scipy-1.13.1         | 14.9 MB   | ########## | 100% 
2025-05-17T17:15:37.4490410Z 
2025-05-17T17:15:37.4491240Z python-3.9.10        | 12.5 MB   | ########## | 100% [A
2025-05-17T17:15:37.4491560Z 
2025-05-17T17:15:37.4491650Z 
2025-05-17T17:15:37.4491770Z 
2025-05-17T17:15:37.4491860Z 
2025-05-17T17:15:37.4491940Z 
2025-05-17T17:15:37.4492030Z 
2025-05-17T17:15:37.4492120Z 
2025-05-17T17:15:37.4492200Z 
2025-05-17T17:15:37.4492320Z 
2025-05-17T17:15:37.4492420Z 
2025-05-17T17:15:37.4492520Z 
2025-05-17T17:15:37.4492610Z 
2025-05-17T17:15:37.4492700Z 
2025-05-17T17:15:37.4492780Z 
2025-05-17T17:15:37.4492870Z 
2025-05-17T17:15:37.4492960Z 
2025-05-17T17:15:37.4493080Z 
2025-05-17T17:15:37.4493170Z 
2025-05-17T17:15:37.4493260Z 
2025-05-17T17:15:37.4493460Z                       
2025-05-17T17:15:37.4493810Z [A[A[A[A[A[A[A[A[A[A[A[A[A[A[A[A[A[A[A
2025-05-17T17:15:37.4494220Z                                                      
2025-05-17T17:15:37.4494510Z 
2025-05-17T17:15:37.4494740Z                                                      [A
2025-05-17T17:15:37.4494960Z 
2025-05-17T17:15:37.4495050Z 
2025-05-17T17:15:37.4495290Z                                                      [A[A
2025-05-17T17:15:37.4495580Z 
2025-05-17T17:15:37.4495670Z 
2025-05-17T17:15:37.4495750Z 
2025-05-17T17:15:37.4496010Z                                                      [A[A[A
2025-05-17T17:15:37.4496230Z 
2025-05-17T17:15:37.4496350Z 
2025-05-17T17:15:37.4496450Z 
2025-05-17T17:15:37.4496540Z 
2025-05-17T17:15:37.4496820Z                                                      [A[A[A[A
2025-05-17T17:15:37.4497110Z 
2025-05-17T17:15:37.4497190Z 
2025-05-17T17:15:37.4497280Z 
2025-05-17T17:15:37.4497370Z 
2025-05-17T17:15:37.4497450Z 
2025-05-17T17:15:37.4497710Z                                                      [A[A[A[A[A
2025-05-17T17:15:37.4497940Z 
2025-05-17T17:15:37.4498030Z 
2025-05-17T17:15:37.4498120Z 
2025-05-17T17:15:37.4498200Z 
2025-05-17T17:15:37.4498290Z 
2025-05-17T17:15:37.4498370Z 
2025-05-17T17:15:37.4498640Z                                                      [A[A[A[A[A[A
2025-05-17T17:15:37.4498930Z 
2025-05-17T17:15:37.4499020Z 
2025-05-17T17:15:37.4499110Z 
2025-05-17T17:15:37.4499190Z 
2025-05-17T17:15:37.4499280Z 
2025-05-17T17:15:37.4499360Z 
2025-05-17T17:15:37.4499450Z 
2025-05-17T17:15:37.4499700Z                                                      [A[A[A[A[A[A[A
2025-05-17T17:15:37.4499940Z 
2025-05-17T17:15:37.4500020Z 
2025-05-17T17:15:37.4500400Z 
2025-05-17T17:15:37.4500480Z 
2025-05-17T17:15:37.4500570Z 
2025-05-17T17:15:37.4500710Z 
2025-05-17T17:15:37.4500790Z 
2025-05-17T17:15:37.4500880Z 
2025-05-17T17:15:37.4501090Z                                                      [A[A[A[A[A[A[A[A
2025-05-17T17:15:37.4501440Z 
2025-05-17T17:15:37.4501530Z 
2025-05-17T17:15:37.4501620Z 
2025-05-17T17:15:37.4501700Z 
2025-05-17T17:15:37.4501790Z 
2025-05-17T17:15:37.4502080Z 
2025-05-17T17:15:37.4502170Z 
2025-05-17T17:15:37.4502250Z 
2025-05-17T17:15:37.4502340Z 
2025-05-17T17:15:37.4502620Z                                                      [A[A[A[A[A[A[A[A[A
2025-05-17T17:15:37.4502920Z 
2025-05-17T17:15:37.4503010Z 
2025-05-17T17:15:37.4503130Z 
2025-05-17T17:15:37.4503220Z 
2025-05-17T17:15:37.4503310Z 
2025-05-17T17:15:37.4503410Z 
2025-05-17T17:15:37.4503500Z 
2025-05-17T17:15:37.4503590Z 
2025-05-17T17:15:37.4503670Z 
2025-05-17T17:15:37.4503760Z 
2025-05-17T17:15:37.4504010Z                                                      [A[A[A[A[A[A[A[A[A[A
2025-05-17T17:15:37.4504330Z 
2025-05-17T17:15:37.4504420Z 
2025-05-17T17:15:37.4504500Z 
2025-05-17T17:15:37.4504590Z 
2025-05-17T17:15:37.4504670Z 
2025-05-17T17:15:37.4504770Z 
2025-05-17T17:15:37.4504850Z 
2025-05-17T17:15:37.4504940Z 
2025-05-17T17:15:37.4505020Z 
2025-05-17T17:15:37.4505110Z 
2025-05-17T17:15:37.4505200Z 
2025-05-17T17:15:37.4505450Z                                                      [A[A[A[A[A[A[A[A[A[A[A
2025-05-17T17:15:37.4505770Z 
2025-05-17T17:15:37.4505850Z 
2025-05-17T17:15:37.4505940Z 
2025-05-17T17:15:37.4506030Z 
2025-05-17T17:15:37.4506110Z 
2025-05-17T17:15:37.4506200Z 
2025-05-17T17:15:37.4506290Z 
2025-05-17T17:15:37.4506370Z 
2025-05-17T17:15:37.4506460Z 
2025-05-17T17:15:37.4506540Z 
2025-05-17T17:15:37.4506630Z 
2025-05-17T17:15:37.4506720Z 
2025-05-17T17:15:37.4506970Z                                                      [A[A[A[A[A[A[A[A[A[A[A[A
2025-05-17T17:15:37.4507250Z 
2025-05-17T17:15:37.4507340Z 
2025-05-17T17:15:37.4507420Z 
2025-05-17T17:15:37.4507510Z 
2025-05-17T17:15:37.4507640Z 
2025-05-17T17:15:37.4507760Z 
2025-05-17T17:15:37.4507840Z 
2025-05-17T17:15:37.4507930Z 
2025-05-17T17:15:37.4508010Z 
2025-05-17T17:15:37.4508100Z 
2025-05-17T17:15:37.4508190Z 
2025-05-17T17:15:37.4508270Z 
2025-05-17T17:15:37.4508360Z 
2025-05-17T17:15:37.4508580Z                                                      [A[A[A[A[A[A[A[A[A[A[A[A[A
2025-05-17T17:15:37.4508900Z 
2025-05-17T17:15:37.4508990Z 
2025-05-17T17:15:37.4509070Z 
2025-05-17T17:15:37.4509160Z 
2025-05-17T17:15:37.4509250Z 
2025-05-17T17:15:37.4509330Z 
2025-05-17T17:15:37.4509420Z 
2025-05-17T17:15:37.4509500Z 
2025-05-17T17:15:37.4509590Z 
2025-05-17T17:15:37.4509810Z 
2025-05-17T17:15:37.4509920Z 
2025-05-17T17:15:37.4510000Z 
2025-05-17T17:15:37.4510090Z 
2025-05-17T17:15:37.4510180Z 
2025-05-17T17:15:37.4510410Z                                                      [A[A[A[A[A[A[A[A[A[A[A[A[A[A
2025-05-17T17:15:37.4510660Z 
2025-05-17T17:15:37.4510750Z 
2025-05-17T17:15:37.4510840Z 
2025-05-17T17:15:37.4510920Z 
2025-05-17T17:15:37.4511010Z 
2025-05-17T17:15:37.4511090Z 
2025-05-17T17:15:37.4511180Z 
2025-05-17T17:15:37.4511270Z 
2025-05-17T17:15:37.4511350Z 
2025-05-17T17:15:37.4511440Z 
2025-05-17T17:15:37.4511520Z 
2025-05-17T17:15:37.4511610Z 
2025-05-17T17:15:37.4511700Z 
2025-05-17T17:15:37.4511790Z 
2025-05-17T17:15:37.4511870Z 
2025-05-17T17:15:37.4512090Z                                                      [A[A[A[A[A[A[A[A[A[A[A[A[A[A[A
2025-05-17T17:15:37.4512330Z 
2025-05-17T17:15:37.4512420Z 
2025-05-17T17:15:37.4512510Z 
2025-05-17T17:15:37.4512590Z 
2025-05-17T17:15:37.4512680Z 
2025-05-17T17:15:37.4512770Z 
2025-05-17T17:15:37.4512850Z 
2025-05-17T17:15:37.4512940Z 
2025-05-17T17:15:37.4513020Z 
2025-05-17T17:15:37.4513110Z 
2025-05-17T17:15:37.4513200Z 
2025-05-17T17:15:37.4513280Z 
2025-05-17T17:15:37.4513370Z 
2025-05-17T17:15:37.4513450Z 
2025-05-17T17:15:37.4513650Z 
2025-05-17T17:15:37.4513880Z 
2025-05-17T17:15:37.4514120Z                                                      [A[A[A[A[A[A[A[A[A[A[A[A[A[A[A[A
2025-05-17T17:15:37.4514380Z 
2025-05-17T17:15:37.4514480Z 
2025-05-17T17:15:37.4514560Z 
2025-05-17T17:15:37.4514720Z 
2025-05-17T17:15:37.4514810Z 
2025-05-17T17:15:37.4514890Z 
2025-05-17T17:15:37.4514980Z 
2025-05-17T17:15:37.4515070Z 
2025-05-17T17:15:37.4515150Z 
2025-05-17T17:15:37.4515240Z 
2025-05-17T17:15:37.4515460Z 
2025-05-17T17:15:37.4515550Z 
2025-05-17T17:15:37.4515640Z 
2025-05-17T17:15:37.4515720Z 
2025-05-17T17:15:37.4515810Z 
2025-05-17T17:15:37.4515890Z 
2025-05-17T17:15:37.4515980Z 
2025-05-17T17:15:37.4516270Z                                                      [A[A[A[A[A[A[A[A[A[A[A[A[A[A[A[A[A
2025-05-17T17:15:37.4516720Z 
2025-05-17T17:15:37.4516790Z 
2025-05-17T17:15:37.4516850Z 
2025-05-17T17:15:37.4516980Z 
2025-05-17T17:15:37.4517070Z 
2025-05-17T17:15:37.4517140Z 
2025-05-17T17:15:37.4517200Z 
2025-05-17T17:15:37.4517270Z 
2025-05-17T17:15:37.4517330Z 
2025-05-17T17:15:37.4517400Z 
2025-05-17T17:15:37.4517460Z 
2025-05-17T17:15:37.4517530Z 
2025-05-17T17:15:37.4517590Z 
2025-05-17T17:15:37.4517650Z 
2025-05-17T17:15:37.4517720Z 
2025-05-17T17:15:37.4517780Z 
2025-05-17T17:15:37.4517850Z 
2025-05-17T17:15:37.4517910Z 
2025-05-17T17:15:37.4518200Z                                                      [A[A[A[A[A[A[A[A[A[A[A[A[A[A[A[A[A[A
2025-05-17T17:15:37.4518490Z 
2025-05-17T17:15:37.4518560Z 
2025-05-17T17:15:37.4518750Z [A
2025-05-17T17:15:37.4518970Z 
2025-05-17T17:15:37.4519030Z 
2025-05-17T17:15:37.4519170Z [A[A
2025-05-17T17:15:37.4519390Z 
2025-05-17T17:15:37.4519450Z 
2025-05-17T17:15:37.4519520Z 
2025-05-17T17:15:37.4519700Z [A[A[A
2025-05-17T17:15:37.4519920Z 
2025-05-17T17:15:37.4519990Z 
2025-05-17T17:15:37.4520050Z 
2025-05-17T17:15:37.4520120Z 
2025-05-17T17:15:37.4520250Z [A[A[A[A
2025-05-17T17:15:37.4520480Z 
2025-05-17T17:15:37.4520550Z 
2025-05-17T17:15:37.4520610Z 
2025-05-17T17:15:37.4520680Z 
2025-05-17T17:15:37.4520740Z 
2025-05-17T17:15:37.4520930Z [A[A[A[A[A
2025-05-17T17:15:37.4521110Z 
2025-05-17T17:15:37.4521230Z 
2025-05-17T17:15:37.4521320Z 
2025-05-17T17:15:37.4521390Z 
2025-05-17T17:15:37.4521450Z 
2025-05-17T17:15:37.4521520Z 
2025-05-17T17:15:37.4521660Z [A[A[A[A[A[A
2025-05-17T17:15:37.4521890Z 
2025-05-17T17:15:37.4521950Z 
2025-05-17T17:15:37.4522020Z 
2025-05-17T17:15:37.4522080Z 
2025-05-17T17:15:37.4522150Z 
2025-05-17T17:15:37.4522210Z 
2025-05-17T17:15:37.4522280Z 
2025-05-17T17:15:37.4522470Z [A[A[A[A[A[A[A
2025-05-17T17:15:37.4522720Z 
2025-05-17T17:15:37.4522780Z 
2025-05-17T17:15:37.4522850Z 
2025-05-17T17:15:37.4522910Z 
2025-05-17T17:15:37.4522970Z 
2025-05-17T17:15:37.4523040Z 
2025-05-17T17:15:37.4523100Z 
2025-05-17T17:15:37.4523160Z 
2025-05-17T17:15:37.4523310Z [A[A[A[A[A[A[A[A
2025-05-17T17:15:37.4523550Z 
2025-05-17T17:15:37.4523620Z 
2025-05-17T17:15:37.4523680Z 
2025-05-17T17:15:37.4523750Z 
2025-05-17T17:15:37.4523810Z 
2025-05-17T17:15:37.4523880Z 
2025-05-17T17:15:37.4523940Z 
2025-05-17T17:15:37.4524010Z 
2025-05-17T17:15:37.4524080Z 
2025-05-17T17:15:37.4524420Z [A[A[A[A[A[A[A[A[A
2025-05-17T17:15:37.4524700Z 
2025-05-17T17:15:37.4524760Z 
2025-05-17T17:15:37.4524830Z 
2025-05-17T17:15:37.4524890Z 
2025-05-17T17:15:37.4525020Z 
2025-05-17T17:15:37.4525150Z 
2025-05-17T17:15:37.4525230Z 
2025-05-17T17:15:37.4525300Z 
2025-05-17T17:15:37.4525430Z 
2025-05-17T17:15:37.4525560Z 
2025-05-17T17:15:37.4525720Z [A[A[A[A[A[A[A[A[A[A
2025-05-17T17:15:37.4525980Z 
2025-05-17T17:15:37.4526040Z 
2025-05-17T17:15:37.4526090Z 
2025-05-17T17:15:37.4526140Z 
2025-05-17T17:15:37.4526200Z 
2025-05-17T17:15:37.4526250Z 
2025-05-17T17:15:37.4526300Z 
2025-05-17T17:15:37.4526360Z 
2025-05-17T17:15:37.4526410Z 
2025-05-17T17:15:37.4526460Z 
2025-05-17T17:15:37.4526520Z 
2025-05-17T17:15:37.4526720Z [A[A[A[A[A[A[A[A[A[A[A done
2025-05-17T17:15:37.8389810Z Preparing transaction: | / - done
2025-05-17T17:15:38.7811250Z Verifying transaction: | / - \ done
2025-05-17T17:15:47.9360290Z Executing transaction: / - \ | / - \ | / - \ | / - \ | / - \ | / - \ | / - \ | / - \ | / - \ | / - \ | / - \ | / - \ | / - \ done
2025-05-17T17:17:22.1470620Z Pip subprocess error:
2025-05-17T17:17:22.1536950Z Installing pip dependencies: / - \ | / - \ | / - \ | / - \ | / - \ | / - \ | / - \ | / - \ | / - \ | / - \ | / - \ | / - \ | / - \ | / - \ | / - \ | / - \ | / - \ | / - \ | / - \ | / - \ | / - \ | / - \ | / - \ | / - \ | / - \ | / - \ | / - \ | / - \ | / - \ | / - \ | / - \ | / - \ | / - \ | / - \ | / - \ | / - \ | / - \ | / - \ | / - \ | / - \ | / - \ | / - \ | / - \ | / - \ | / - \ | / - \ | / - \ | / - \ | / - \ | / - \ | / - \ | / - \ | / - \ | / - \ | / - \ | / - \ | / - \ | / - \ | / - \ | / - \ | / - \ | / - \ | / - \ | / - \ | / - \ | / - \ | / - \ | / - \ | / - \ | / - \ | / - \ | / - \ | / - \ | / - \ | / - \ | / - \ | / - \ | / - \ | / - \ | / - \ | / - \ | / - \ | / - \ | / - \ | / - \ | / - \ | / - \ | / - \ | / - \ | / - \ | / - \ | / - \ | / - \ | / - \ | / - \ | / - \ | / - \ | / - \ | / - \ | / - \ | / - \ | / - \ | / - \ | / - \ | / - \ | / - \ | / - \ | / - \ | / - \ | / - \ | / - \ | / - \ | / - \ | / - \ | / - \ | / - \ | / - \ | / - \ | / - \ | / - \ | / - \ | / - \ | / - \ | / - \ | / - \ | / - \ | / - \ | / - \ | / - \ | / - \ | / - \ | / - \ | / - \ Ran pip subprocess with arguments:
2025-05-17T17:17:22.1565170Z   error: subprocess-exited-with-error
2025-05-17T17:17:22.1566880Z   
2025-05-17T17:17:22.1567990Z   × Building wheel for compas_occt (pyproject.toml) did not run successfully.
2025-05-17T17:17:22.1568800Z   │ exit code: 1
2025-05-17T17:17:22.1569560Z   ╰─> [33 lines of output]
2025-05-17T17:17:22.1574120Z       *** scikit-build-core 0.11.3 using CMake 3.31.6 (wheel)
2025-05-17T17:17:22.1574480Z       *** Configuring CMake...
2025-05-17T17:17:22.1575280Z       loading initial cache file build/cp39-cp39-macosx_14_0_x86_64/CMakeInit.txt
2025-05-17T17:17:22.1575900Z       -- The CXX compiler identification is AppleClang 15.0.0.15000309
2025-05-17T17:17:22.1576220Z       -- Detecting CXX compiler ABI info
2025-05-17T17:17:22.1576540Z       -- Detecting CXX compiler ABI info - done
2025-05-17T17:17:22.1577120Z       -- Check for working CXX compiler: /Applications/Xcode_15.4.app/Contents/Developer/Toolchains/XcodeDefault.xctoolchain/usr/bin/clang++ - skipped
2025-05-17T17:17:22.1578500Z       -- Detecting CXX compile features
2025-05-17T17:17:22.1578840Z       -- Detecting CXX compile features - done
2025-05-17T17:17:22.1579190Z       -- Downloading Eigen...
2025-05-17T17:17:22.1580470Z       -- Found Python: /Users/runner/miniconda3/envs/compas/bin/python (found suitable version "3.9.10", minimum required is "3.8") found components: Interpreter Development.Module Development.SABIModule
2025-05-17T17:17:22.1581170Z       -- Performing Test CMAKE_HAVE_LIBC_PTHREAD
2025-05-17T17:17:22.1590020Z       -- Performing Test CMAKE_HAVE_LIBC_PTHREAD - Success
2025-05-17T17:17:22.1590510Z       -- Found Threads: TRUE
2025-05-17T17:17:22.1590890Z       -- Using standard OCCT lib directory
2025-05-17T17:17:22.1591410Z       -- OCCT library directory: /Users/runner/work/compas_occt/compas_occt/external/occt-install/lib
2025-05-17T17:17:22.1592190Z       -- Using OCCT lib dir: /Users/runner/work/compas_occt/compas_occt/external/occt-build/mac64/clang/lib
2025-05-17T17:17:22.1593250Z       -- Using OCCT lib dir: /Users/runner/work/compas_occt/compas_occt/external/occt-build/mac64/clang/lib
2025-05-17T17:17:22.1594160Z       -- ============= Build Configuration =============
2025-05-17T17:17:22.1594560Z       -- Build Type: Release
2025-05-17T17:17:22.1594860Z       -- C++ Standard: C++20
2025-05-17T17:17:22.1595810Z       -- Eigen Include Dir: /Users/runner/work/compas_occt/compas_occt/external/eigen
2025-05-17T17:17:22.1598540Z       -- OCCT Source Dir: /Users/runner/work/compas_occt/compas_occt/external/occt
2025-05-17T17:17:22.1599460Z       -- OCCT Install Dir: /Users/runner/work/compas_occt/compas_occt/external/occt-install
2025-05-17T17:17:22.1601200Z       -- OCCT Library Dir: /Users/runner/work/compas_occt/compas_occt/external/occt-install/lib
2025-05-17T17:17:22.1601730Z       -- =======================================
2025-05-17T17:17:22.1603030Z       -- Configuring done (69.1s)
2025-05-17T17:17:22.1603440Z       -- Generating done (0.0s)
2025-05-17T17:17:22.1605060Z       -- Build files have been written to: /Users/runner/work/compas_occt/compas_occt/build/cp39-cp39-macosx_14_0_x86_64
2025-05-17T17:17:22.1605710Z       *** Building project with Ninja...
2025-05-17T17:17:22.1606610Z       ninja: error: '/Users/runner/work/compas_occt/compas_occt/external/occt-build/mac64/clang/lib/libTKernel.a', needed by '_primitives.cpython-39-darwin.so', missing and no known rule to make it
2025-05-17T17:17:22.1607550Z       
2025-05-17T17:17:22.1607730Z       *** CMake build failed
2025-05-17T17:17:22.1607990Z       [end of output]
2025-05-17T17:17:22.1608600Z   
2025-05-17T17:17:22.1608950Z   note: This error originates from a subprocess, and is likely not a problem with pip.
2025-05-17T17:17:22.1609480Z   ERROR: Failed building wheel for compas_occt
2025-05-17T17:17:22.1610240Z ERROR: Failed to build installable wheels for some pyproject.toml based projects (compas_occt)
2025-05-17T17:17:22.1610590Z 
2025-05-17T17:17:22.1611410Z ['/Users/runner/miniconda3/envs/compas/bin/python', '-m', 'pip', 'install', '-U', '-r', '/Users/runner/work/compas_occt/compas_occt/condaenv.cz4gh449.requirements.txt', '--exists-action=b']
2025-05-17T17:17:22.1612290Z Pip subprocess output:
2025-05-17T17:17:22.1612580Z Processing /Users/runner/work/compas_occt/compas_occt
2025-05-17T17:17:22.1613400Z   Installing build dependencies: started
2025-05-17T17:17:22.1613710Z   Installing build dependencies: finished with status 'done'
2025-05-17T17:17:22.1614280Z   Getting requirements to build wheel: started
2025-05-17T17:17:22.1614920Z   Getting requirements to build wheel: finished with status 'done'
2025-05-17T17:17:22.1615270Z   Preparing metadata (pyproject.toml): started
2025-05-17T17:17:22.1615740Z   Preparing metadata (pyproject.toml): finished with status 'done'
2025-05-17T17:17:22.1616590Z Requirement already satisfied: attrs>=17.4 in /Users/runner/miniconda3/envs/compas/lib/python3.9/site-packages (from -r /Users/runner/work/compas_occt/compas_occt/requirements-dev.txt (line 1)) (25.3.0)
2025-05-17T17:17:22.1617580Z Collecting black>=22.12.0 (from -r /Users/runner/work/compas_occt/compas_occt/requirements-dev.txt (line 2))
2025-05-17T17:17:22.1618240Z   Downloading black-25.1.0-cp39-cp39-macosx_10_9_x86_64.whl.metadata (81 kB)
2025-05-17T17:17:22.1618820Z Collecting bump-my-version (from -r /Users/runner/work/compas_occt/compas_occt/requirements-dev.txt (line 3))
2025-05-17T17:17:22.1619420Z   Downloading bump_my_version-1.1.3-py3-none-any.whl.metadata (15 kB)
2025-05-17T17:17:22.1620060Z Collecting compas_invocations2 (from -r /Users/runner/work/compas_occt/compas_occt/requirements-dev.txt (line 4))
2025-05-17T17:17:22.1621820Z   Downloading compas_invocations2-0.3.2-py3-none-any.whl.metadata (3.1 kB)
2025-05-17T17:17:22.1622920Z Collecting invoke>=0.14 (from -r /Users/runner/work/compas_occt/compas_occt/requirements-dev.txt (line 5))
2025-05-17T17:17:22.1623610Z   Downloading invoke-2.2.0-py3-none-any.whl.metadata (3.3 kB)
2025-05-17T17:17:22.1624580Z Collecting ruff (from -r /Users/runner/work/compas_occt/compas_occt/requirements-dev.txt (line 6))
2025-05-17T17:17:22.1625230Z   Downloading ruff-0.11.10-py3-none-macosx_10_12_x86_64.whl.metadata (25 kB)
2025-05-17T17:17:22.1626250Z Collecting sphinx_compas2_theme (from -r /Users/runner/work/compas_occt/compas_occt/requirements-dev.txt (line 7))
2025-05-17T17:17:22.1627280Z   Downloading sphinx_compas2_theme-0.1.10-py2.py3-none-any.whl.metadata (3.3 kB)
2025-05-17T17:17:22.1627850Z Collecting twine (from -r /Users/runner/work/compas_occt/compas_occt/requirements-dev.txt (line 8))
2025-05-17T17:17:22.1628390Z   Downloading twine-6.1.0-py3-none-any.whl.metadata (3.7 kB)
2025-05-17T17:17:22.1629350Z Requirement already satisfied: wheel in /Users/runner/miniconda3/envs/compas/lib/python3.9/site-packages (from -r /Users/runner/work/compas_occt/compas_occt/requirements-dev.txt (line 9)) (0.45.1)
2025-05-17T17:17:22.1630770Z Collecting scikit-build-core (from -r /Users/runner/work/compas_occt/compas_occt/requirements-dev.txt (line 10))
2025-05-17T17:17:22.1631490Z   Using cached scikit_build_core-0.11.3-py3-none-any.whl.metadata (21 kB)
2025-05-17T17:17:22.1632000Z Collecting nanobind (from -r /Users/runner/work/compas_occt/compas_occt/requirements-dev.txt (line 11))
2025-05-17T17:17:22.1632580Z   Using cached nanobind-2.7.0-py3-none-any.whl.metadata (1.8 kB)
2025-05-17T17:17:22.1633120Z Collecting cmake (from -r /Users/runner/work/compas_occt/compas_occt/requirements-dev.txt (line 12))
2025-05-17T17:17:22.1633710Z   Downloading cmake-4.0.2-py3-none-macosx_10_10_universal2.whl.metadata (6.3 kB)
2025-05-17T17:17:22.1634260Z Collecting build (from -r /Users/runner/work/compas_occt/compas_occt/requirements-dev.txt (line 13))
2025-05-17T17:17:22.1634790Z   Downloading build-1.2.2.post1-py3-none-any.whl.metadata (6.5 kB)
2025-05-17T17:17:22.1637180Z Requirement already satisfied: numpy>=1.21.0 in /Users/runner/miniconda3/envs/compas/lib/python3.9/site-packages (from compas_occt==0.1.1->-r /Users/runner/work/compas_occt/compas_occt/condaenv.cz4gh449.requirements.txt (line 2)) (2.0.2)
2025-05-17T17:17:22.1638230Z Collecting click>=8.0.0 (from black>=22.12.0->-r /Users/runner/work/compas_occt/compas_occt/requirements-dev.txt (line 2))
2025-05-17T17:17:22.1638810Z   Downloading click-8.1.8-py3-none-any.whl.metadata (2.3 kB)
2025-05-17T17:17:22.1639380Z Collecting mypy-extensions>=0.4.3 (from black>=22.12.0->-r /Users/runner/work/compas_occt/compas_occt/requirements-dev.txt (line 2))
2025-05-17T17:17:22.1639980Z   Downloading mypy_extensions-1.1.0-py3-none-any.whl.metadata (1.1 kB)
2025-05-17T17:17:22.1640730Z Collecting packaging>=22.0 (from black>=22.12.0->-r /Users/runner/work/compas_occt/compas_occt/requirements-dev.txt (line 2))
2025-05-17T17:17:22.1641250Z   Using cached packaging-25.0-py3-none-any.whl.metadata (3.3 kB)
2025-05-17T17:17:22.1641880Z Collecting pathspec>=0.9.0 (from black>=22.12.0->-r /Users/runner/work/compas_occt/compas_occt/requirements-dev.txt (line 2))
2025-05-17T17:17:22.1642540Z   Using cached pathspec-0.12.1-py3-none-any.whl.metadata (21 kB)
2025-05-17T17:17:22.1643120Z Collecting platformdirs>=2 (from black>=22.12.0->-r /Users/runner/work/compas_occt/compas_occt/requirements-dev.txt (line 2))
2025-05-17T17:17:22.1643780Z   Downloading platformdirs-4.3.8-py3-none-any.whl.metadata (12 kB)
2025-05-17T17:17:22.1644370Z Collecting tomli>=1.1.0 (from black>=22.12.0->-r /Users/runner/work/compas_occt/compas_occt/requirements-dev.txt (line 2))
2025-05-17T17:17:22.1645090Z   Using cached tomli-2.2.1-py3-none-any.whl.metadata (10 kB)
2025-05-17T17:17:22.1646150Z Requirement already satisfied: typing-extensions>=4.0.1 in /Users/runner/miniconda3/envs/compas/lib/python3.9/site-packages (from black>=22.12.0->-r /Users/runner/work/compas_occt/compas_occt/requirements-dev.txt (line 2)) (4.13.2)
2025-05-17T17:17:22.1647510Z Collecting httpx>=0.28.1 (from bump-my-version->-r /Users/runner/work/compas_occt/compas_occt/requirements-dev.txt (line 3))
2025-05-17T17:17:22.1648160Z   Downloading httpx-0.28.1-py3-none-any.whl.metadata (7.1 kB)
2025-05-17T17:17:22.1649260Z Collecting pydantic-settings (from bump-my-version->-r /Users/runner/work/compas_occt/compas_occt/requirements-dev.txt (line 3))
2025-05-17T17:17:22.1650160Z   Downloading pydantic_settings-2.9.1-py3-none-any.whl.metadata (3.8 kB)
2025-05-17T17:17:22.1651230Z Collecting pydantic>=2.0.0 (from bump-my-version->-r /Users/runner/work/compas_occt/compas_occt/requirements-dev.txt (line 3))
2025-05-17T17:17:22.1652150Z   Downloading pydantic-2.11.4-py3-none-any.whl.metadata (66 kB)
2025-05-17T17:17:22.1652950Z Collecting questionary (from bump-my-version->-r /Users/runner/work/compas_occt/compas_occt/requirements-dev.txt (line 3))
2025-05-17T17:17:22.1653720Z   Downloading questionary-2.1.0-py3-none-any.whl.metadata (5.4 kB)
2025-05-17T17:17:22.1655500Z Collecting rich (from bump-my-version->-r /Users/runner/work/compas_occt/compas_occt/requirements-dev.txt (line 3))
2025-05-17T17:17:22.1656480Z   Downloading rich-14.0.0-py3-none-any.whl.metadata (18 kB)
2025-05-17T17:17:22.1657120Z Collecting rich-click (from bump-my-version->-r /Users/runner/work/compas_occt/compas_occt/requirements-dev.txt (line 3))
2025-05-17T17:17:22.1658050Z   Downloading rich_click-1.8.8-py3-none-any.whl.metadata (7.9 kB)
2025-05-17T17:17:22.1658760Z Collecting tomlkit (from bump-my-version->-r /Users/runner/work/compas_occt/compas_occt/requirements-dev.txt (line 3))
2025-05-17T17:17:22.1659410Z   Downloading tomlkit-0.13.2-py3-none-any.whl.metadata (2.7 kB)
2025-05-17T17:17:22.1660440Z Collecting wcmatch>=8.5.1 (from bump-my-version->-r /Users/runner/work/compas_occt/compas_occt/requirements-dev.txt (line 3))
2025-05-17T17:17:22.1661340Z   Downloading wcmatch-10.0-py3-none-any.whl.metadata (5.0 kB)
2025-05-17T17:17:22.1662570Z Requirement already satisfied: compas in /Users/runner/miniconda3/envs/compas/lib/python3.9/site-packages (from sphinx_compas2_theme->-r /Users/runner/work/compas_occt/compas_occt/requirements-dev.txt (line 7)) (2.11.0)
2025-05-17T17:17:22.1664210Z Collecting jinja2>=3.0 (from sphinx_compas2_theme->-r /Users/runner/work/compas_occt/compas_occt/requirements-dev.txt (line 7))
2025-05-17T17:17:22.1665290Z   Downloading jinja2-3.1.6-py3-none-any.whl.metadata (2.9 kB)
2025-05-17T17:17:22.1666220Z Collecting numpydoc (from sphinx_compas2_theme->-r /Users/runner/work/compas_occt/compas_occt/requirements-dev.txt (line 7))
2025-05-17T17:17:22.1667090Z   Downloading numpydoc-1.8.0-py3-none-any.whl.metadata (4.3 kB)
2025-05-17T17:17:22.1668330Z Collecting pydata-sphinx-theme<0.14,>=0.13 (from sphinx_compas2_theme->-r /Users/runner/work/compas_occt/compas_occt/requirements-dev.txt (line 7))
2025-05-17T17:17:22.1669240Z   Downloading pydata_sphinx_theme-0.13.3-py3-none-any.whl.metadata (6.8 kB)
2025-05-17T17:17:22.1669870Z Collecting pydocstyle (from sphinx_compas2_theme->-r /Users/runner/work/compas_occt/compas_occt/requirements-dev.txt (line 7))
2025-05-17T17:17:22.1670870Z   Downloading pydocstyle-6.3.0-py3-none-any.whl.metadata (3.7 kB)
2025-05-17T17:17:22.1671730Z Collecting pytest (from sphinx_compas2_theme->-r /Users/runner/work/compas_occt/compas_occt/requirements-dev.txt (line 7))
2025-05-17T17:17:22.1673250Z   Downloading pytest-8.3.5-py3-none-any.whl.metadata (7.6 kB)
2025-05-17T17:17:22.1673800Z Collecting pytest-mock (from sphinx_compas2_theme->-r /Users/runner/work/compas_occt/compas_occt/requirements-dev.txt (line 7))
2025-05-17T17:17:22.1674530Z   Downloading pytest_mock-3.14.0-py3-none-any.whl.metadata (3.8 kB)
2025-05-17T17:17:22.1675160Z Collecting sphinx (from sphinx_compas2_theme->-r /Users/runner/work/compas_occt/compas_occt/requirements-dev.txt (line 7))
2025-05-17T17:17:22.1675990Z   Downloading sphinx-7.4.7-py3-none-any.whl.metadata (6.1 kB)
2025-05-17T17:17:22.1676780Z Collecting sphinx-book-theme (from sphinx_compas2_theme->-r /Users/runner/work/compas_occt/compas_occt/requirements-dev.txt (line 7))
2025-05-17T17:17:22.1677340Z   Downloading sphinx_book_theme-1.1.4-py3-none-any.whl.metadata (5.8 kB)
2025-05-17T17:17:22.1677940Z Collecting sphinx-copybutton (from sphinx_compas2_theme->-r /Users/runner/work/compas_occt/compas_occt/requirements-dev.txt (line 7))
2025-05-17T17:17:22.1678790Z   Downloading sphinx_copybutton-0.5.2-py3-none-any.whl.metadata (3.2 kB)
2025-05-17T17:17:22.1679550Z Collecting sphinx-design (from sphinx_compas2_theme->-r /Users/runner/work/compas_occt/compas_occt/requirements-dev.txt (line 7))
2025-05-17T17:17:22.1680300Z   Downloading sphinx_design-0.6.1-py3-none-any.whl.metadata (5.5 kB)
2025-05-17T17:17:22.1680910Z Collecting sphinx-favicon (from sphinx_compas2_theme->-r /Users/runner/work/compas_occt/compas_occt/requirements-dev.txt (line 7))
2025-05-17T17:17:22.1681620Z   Downloading sphinx_favicon-1.0.1-py3-none-any.whl.metadata (5.2 kB)
2025-05-17T17:17:22.1682270Z Collecting sphinx-inline-tabs (from sphinx_compas2_theme->-r /Users/runner/work/compas_occt/compas_occt/requirements-dev.txt (line 7))
2025-05-17T17:17:22.1682870Z   Downloading sphinx_inline_tabs-2023.4.21-py3-none-any.whl.metadata (1.8 kB)
2025-05-17T17:17:22.1683600Z Collecting sphinx-remove-toctrees (from sphinx_compas2_theme->-r /Users/runner/work/compas_occt/compas_occt/requirements-dev.txt (line 7))
2025-05-17T17:17:22.1684190Z   Downloading sphinx_remove_toctrees-1.0.0.post1-py3-none-any.whl.metadata (5.8 kB)
2025-05-17T17:17:22.1684890Z Collecting sphinx-togglebutton (from sphinx_compas2_theme->-r /Users/runner/work/compas_occt/compas_occt/requirements-dev.txt (line 7))
2025-05-17T17:17:22.1685520Z   Downloading sphinx_togglebutton-0.3.2-py3-none-any.whl.metadata (2.4 kB)
2025-05-17T17:17:22.1686340Z Collecting sphinxcontrib-bibtex (from sphinx_compas2_theme->-r /Users/runner/work/compas_occt/compas_occt/requirements-dev.txt (line 7))
2025-05-17T17:17:22.1686980Z   Downloading sphinxcontrib_bibtex-2.6.3-py3-none-any.whl.metadata (6.3 kB)
2025-05-17T17:17:22.1687580Z Collecting sphinxcontrib-youtube (from sphinx_compas2_theme->-r /Users/runner/work/compas_occt/compas_occt/requirements-dev.txt (line 7))
2025-05-17T17:17:22.1688370Z   Downloading sphinxcontrib_youtube-1.4.1-py2.py3-none-any.whl.metadata (1.4 kB)
2025-05-17T17:17:22.1689070Z Collecting beautifulsoup4 (from pydata-sphinx-theme<0.14,>=0.13->sphinx_compas2_theme->-r /Users/runner/work/compas_occt/compas_occt/requirements-dev.txt (line 7))
2025-05-17T17:17:22.1689890Z   Downloading beautifulsoup4-4.13.4-py3-none-any.whl.metadata (3.8 kB)
2025-05-17T17:17:22.1690730Z Collecting docutils!=0.17.0 (from pydata-sphinx-theme<0.14,>=0.13->sphinx_compas2_theme->-r /Users/runner/work/compas_occt/compas_occt/requirements-dev.txt (line 7))
2025-05-17T17:17:22.1691360Z   Downloading docutils-0.21.2-py3-none-any.whl.metadata (2.8 kB)
2025-05-17T17:17:22.1692020Z Collecting Babel (from pydata-sphinx-theme<0.14,>=0.13->sphinx_compas2_theme->-r /Users/runner/work/compas_occt/compas_occt/requirements-dev.txt (line 7))
2025-05-17T17:17:22.1692910Z   Downloading babel-2.17.0-py3-none-any.whl.metadata (2.0 kB)
2025-05-17T17:17:22.1693490Z Collecting pygments>=2.7 (from pydata-sphinx-theme<0.14,>=0.13->sphinx_compas2_theme->-r /Users/runner/work/compas_occt/compas_occt/requirements-dev.txt (line 7))
2025-05-17T17:17:22.1694220Z   Downloading pygments-2.19.1-py3-none-any.whl.metadata (2.5 kB)
2025-05-17T17:17:22.1695150Z Collecting accessible-pygments (from pydata-sphinx-theme<0.14,>=0.13->sphinx_compas2_theme->-r /Users/runner/work/compas_occt/compas_occt/requirements-dev.txt (line 7))
2025-05-17T17:17:22.1696010Z   Downloading accessible_pygments-0.0.5-py3-none-any.whl.metadata (10 kB)
2025-05-17T17:17:22.1696590Z Collecting readme-renderer>=35.0 (from twine->-r /Users/runner/work/compas_occt/compas_occt/requirements-dev.txt (line 8))
2025-05-17T17:17:22.1697420Z   Downloading readme_renderer-44.0-py3-none-any.whl.metadata (2.8 kB)
2025-05-17T17:17:22.1698020Z Collecting requests>=2.20 (from twine->-r /Users/runner/work/compas_occt/compas_occt/requirements-dev.txt (line 8))
2025-05-17T17:17:22.1698530Z   Downloading requests-2.32.3-py3-none-any.whl.metadata (4.6 kB)
2025-05-17T17:17:22.1699040Z Collecting requests-toolbelt!=0.9.0,>=0.8.0 (from twine->-r /Users/runner/work/compas_occt/compas_occt/requirements-dev.txt (line 8))
2025-05-17T17:17:22.1699840Z   Downloading requests_toolbelt-1.0.0-py2.py3-none-any.whl.metadata (14 kB)
2025-05-17T17:17:22.1700500Z Collecting urllib3>=1.26.0 (from twine->-r /Users/runner/work/compas_occt/compas_occt/requirements-dev.txt (line 8))
2025-05-17T17:17:22.1701190Z   Downloading urllib3-2.4.0-py3-none-any.whl.metadata (6.5 kB)
2025-05-17T17:17:22.1701800Z Collecting importlib-metadata>=3.6 (from twine->-r /Users/runner/work/compas_occt/compas_occt/requirements-dev.txt (line 8))
2025-05-17T17:17:22.1702370Z   Downloading importlib_metadata-8.7.0-py3-none-any.whl.metadata (4.8 kB)
2025-05-17T17:17:22.1702880Z Collecting keyring>=15.1 (from twine->-r /Users/runner/work/compas_occt/compas_occt/requirements-dev.txt (line 8))
2025-05-17T17:17:22.1703470Z   Downloading keyring-25.6.0-py3-none-any.whl.metadata (20 kB)
2025-05-17T17:17:22.1703950Z Collecting rfc3986>=1.4.0 (from twine->-r /Users/runner/work/compas_occt/compas_occt/requirements-dev.txt (line 8))
2025-05-17T17:17:22.1704440Z   Downloading rfc3986-2.0.0-py2.py3-none-any.whl.metadata (6.6 kB)
2025-05-17T17:17:22.1705180Z Collecting id (from twine->-r /Users/runner/work/compas_occt/compas_occt/requirements-dev.txt (line 8))
2025-05-17T17:17:22.1705630Z   Downloading id-1.5.0-py3-none-any.whl.metadata (5.2 kB)
2025-05-17T17:17:22.1706330Z Collecting exceptiongroup>=1.0 (from scikit-build-core->-r /Users/runner/work/compas_occt/compas_occt/requirements-dev.txt (line 10))
2025-05-17T17:17:22.1707210Z   Using cached exceptiongroup-1.3.0-py3-none-any.whl.metadata (6.7 kB)
2025-05-17T17:17:22.1707780Z Collecting pyproject_hooks (from build->-r /Users/runner/work/compas_occt/compas_occt/requirements-dev.txt (line 13))
2025-05-17T17:17:22.1708360Z   Downloading pyproject_hooks-1.2.0-py3-none-any.whl.metadata (1.3 kB)
2025-05-17T17:17:22.1708880Z Collecting anyio (from httpx>=0.28.1->bump-my-version->-r /Users/runner/work/compas_occt/compas_occt/requirements-dev.txt (line 3))
2025-05-17T17:17:22.1709650Z   Downloading anyio-4.9.0-py3-none-any.whl.metadata (4.7 kB)
2025-05-17T17:17:22.1710210Z Collecting certifi (from httpx>=0.28.1->bump-my-version->-r /Users/runner/work/compas_occt/compas_occt/requirements-dev.txt (line 3))
2025-05-17T17:17:22.1710840Z   Using cached certifi-2025.4.26-py3-none-any.whl.metadata (2.5 kB)
2025-05-17T17:17:22.1711620Z Collecting httpcore==1.* (from httpx>=0.28.1->bump-my-version->-r /Users/runner/work/compas_occt/compas_occt/requirements-dev.txt (line 3))
2025-05-17T17:17:22.1712300Z   Downloading httpcore-1.0.9-py3-none-any.whl.metadata (21 kB)
2025-05-17T17:17:22.1712900Z Collecting idna (from httpx>=0.28.1->bump-my-version->-r /Users/runner/work/compas_occt/compas_occt/requirements-dev.txt (line 3))
2025-05-17T17:17:22.1713430Z   Downloading idna-3.10-py3-none-any.whl.metadata (10 kB)
2025-05-17T17:17:22.1714030Z Collecting h11>=0.16 (from httpcore==1.*->httpx>=0.28.1->bump-my-version->-r /Users/runner/work/compas_occt/compas_occt/requirements-dev.txt (line 3))
2025-05-17T17:17:22.1714600Z   Downloading h11-0.16.0-py3-none-any.whl.metadata (8.3 kB)
2025-05-17T17:17:22.1715400Z Requirement already satisfied: zipp>=3.20 in /Users/runner/miniconda3/envs/compas/lib/python3.9/site-packages (from importlib-metadata>=3.6->twine->-r /Users/runner/work/compas_occt/compas_occt/requirements-dev.txt (line 8)) (3.21.0)
2025-05-17T17:17:22.1716600Z Collecting MarkupSafe>=2.0 (from jinja2>=3.0->sphinx_compas2_theme->-r /Users/runner/work/compas_occt/compas_occt/requirements-dev.txt (line 7))
2025-05-17T17:17:22.1717190Z   Downloading MarkupSafe-3.0.2-cp39-cp39-macosx_10_9_universal2.whl.metadata (4.0 kB)
2025-05-17T17:17:22.1718430Z Collecting jaraco.classes (from keyring>=15.1->twine->-r /Users/runner/work/compas_occt/compas_occt/requirements-dev.txt (line 8))
2025-05-17T17:17:22.1719170Z   Downloading jaraco.classes-3.4.0-py3-none-any.whl.metadata (2.6 kB)
2025-05-17T17:17:22.1719820Z Collecting jaraco.functools (from keyring>=15.1->twine->-r /Users/runner/work/compas_occt/compas_occt/requirements-dev.txt (line 8))
2025-05-17T17:17:22.1720630Z   Downloading jaraco.functools-4.1.0-py3-none-any.whl.metadata (2.9 kB)
2025-05-17T17:17:22.1721520Z Collecting jaraco.context (from keyring>=15.1->twine->-r /Users/runner/work/compas_occt/compas_occt/requirements-dev.txt (line 8))
2025-05-17T17:17:22.1722200Z   Downloading jaraco.context-6.0.1-py3-none-any.whl.metadata (4.1 kB)
2025-05-17T17:17:22.1722930Z Collecting annotated-types>=0.6.0 (from pydantic>=2.0.0->bump-my-version->-r /Users/runner/work/compas_occt/compas_occt/requirements-dev.txt (line 3))
2025-05-17T17:17:22.1723810Z   Downloading annotated_types-0.7.0-py3-none-any.whl.metadata (15 kB)
2025-05-17T17:17:22.1724450Z Collecting pydantic-core==2.33.2 (from pydantic>=2.0.0->bump-my-version->-r /Users/runner/work/compas_occt/compas_occt/requirements-dev.txt (line 3))
2025-05-17T17:17:22.1763740Z   Downloading pydantic_core-2.33.2-cp39-cp39-macosx_10_12_x86_64.whl.metadata (6.8 kB)
2025-05-17T17:17:22.1764670Z Collecting typing-inspection>=0.4.0 (from pydantic>=2.0.0->bump-my-version->-r /Users/runner/work/compas_occt/compas_occt/requirements-dev.txt (line 3))
2025-05-17T17:17:22.1765300Z   Downloading typing_inspection-0.4.0-py3-none-any.whl.metadata (2.6 kB)
2025-05-17T17:17:22.1765870Z Collecting nh3>=0.2.14 (from readme-renderer>=35.0->twine->-r /Users/runner/work/compas_occt/compas_occt/requirements-dev.txt (line 8))
2025-05-17T17:17:22.1766500Z   Downloading nh3-0.2.21-cp38-abi3-macosx_10_12_x86_64.macosx_11_0_arm64.macosx_10_12_universal2.whl.metadata (2.0 kB)
2025-05-17T17:17:22.1767230Z Collecting charset-normalizer<4,>=2 (from requests>=2.20->twine->-r /Users/runner/work/compas_occt/compas_occt/requirements-dev.txt (line 8))
2025-05-17T17:17:22.1767910Z   Downloading charset_normalizer-3.4.2-cp39-cp39-macosx_10_9_universal2.whl.metadata (35 kB)
2025-05-17T17:17:22.1768510Z Collecting markdown-it-py>=2.2.0 (from rich->bump-my-version->-r /Users/runner/work/compas_occt/compas_occt/requirements-dev.txt (line 3))
2025-05-17T17:17:22.1769270Z   Downloading markdown_it_py-3.0.0-py3-none-any.whl.metadata (6.9 kB)
2025-05-17T17:17:22.1769940Z Collecting mdurl~=0.1 (from markdown-it-py>=2.2.0->rich->bump-my-version->-r /Users/runner/work/compas_occt/compas_occt/requirements-dev.txt (line 3))
2025-05-17T17:17:22.1770550Z   Downloading mdurl-0.1.2-py3-none-any.whl.metadata (1.6 kB)
2025-05-17T17:17:22.1771410Z Collecting sphinxcontrib-applehelp (from sphinx->sphinx_compas2_theme->-r /Users/runner/work/compas_occt/compas_occt/requirements-dev.txt (line 7))
2025-05-17T17:17:22.1772090Z   Downloading sphinxcontrib_applehelp-2.0.0-py3-none-any.whl.metadata (2.3 kB)
2025-05-17T17:17:22.1772780Z Collecting sphinxcontrib-devhelp (from sphinx->sphinx_compas2_theme->-r /Users/runner/work/compas_occt/compas_occt/requirements-dev.txt (line 7))
2025-05-17T17:17:22.1773480Z   Downloading sphinxcontrib_devhelp-2.0.0-py3-none-any.whl.metadata (2.3 kB)
2025-05-17T17:17:22.1774190Z Collecting sphinxcontrib-jsmath (from sphinx->sphinx_compas2_theme->-r /Users/runner/work/compas_occt/compas_occt/requirements-dev.txt (line 7))
2025-05-17T17:17:22.1774890Z   Downloading sphinxcontrib_jsmath-1.0.1-py2.py3-none-any.whl.metadata (1.4 kB)
2025-05-17T17:17:22.1775520Z Collecting sphinxcontrib-htmlhelp>=2.0.0 (from sphinx->sphinx_compas2_theme->-r /Users/runner/work/compas_occt/compas_occt/requirements-dev.txt (line 7))
2025-05-17T17:17:22.1776260Z   Downloading sphinxcontrib_htmlhelp-2.1.0-py3-none-any.whl.metadata (2.3 kB)
2025-05-17T17:17:22.1776950Z Collecting sphinxcontrib-serializinghtml>=1.1.9 (from sphinx->sphinx_compas2_theme->-r /Users/runner/work/compas_occt/compas_occt/requirements-dev.txt (line 7))
2025-05-17T17:17:22.1777900Z   Downloading sphinxcontrib_serializinghtml-2.0.0-py3-none-any.whl.metadata (2.4 kB)
2025-05-17T17:17:22.1778710Z Collecting sphinxcontrib-qthelp (from sphinx->sphinx_compas2_theme->-r /Users/runner/work/compas_occt/compas_occt/requirements-dev.txt (line 7))
2025-05-17T17:17:22.1779400Z   Downloading sphinxcontrib_qthelp-2.0.0-py3-none-any.whl.metadata (2.3 kB)
2025-05-17T17:17:22.1780540Z Collecting snowballstemmer>=2.2 (from sphinx->sphinx_compas2_theme->-r /Users/runner/work/compas_occt/compas_occt/requirements-dev.txt (line 7))
2025-05-17T17:17:22.1781100Z   Downloading snowballstemmer-3.0.1-py3-none-any.whl.metadata (7.9 kB)
2025-05-17T17:17:22.1781850Z Collecting alabaster~=0.7.14 (from sphinx->sphinx_compas2_theme->-r /Users/runner/work/compas_occt/compas_occt/requirements-dev.txt (line 7))
2025-05-17T17:17:22.1782500Z   Downloading alabaster-0.7.16-py3-none-any.whl.metadata (2.9 kB)
2025-05-17T17:17:22.1783110Z Collecting imagesize>=1.3 (from sphinx->sphinx_compas2_theme->-r /Users/runner/work/compas_occt/compas_occt/requirements-dev.txt (line 7))
2025-05-17T17:17:22.1783860Z   Downloading imagesize-1.4.1-py2.py3-none-any.whl.metadata (1.5 kB)
2025-05-17T17:17:22.1784440Z Collecting bracex>=2.1.1 (from wcmatch>=8.5.1->bump-my-version->-r /Users/runner/work/compas_occt/compas_occt/requirements-dev.txt (line 3))
2025-05-17T17:17:22.1785080Z   Downloading bracex-2.5.post1-py3-none-any.whl.metadata (3.5 kB)
2025-05-17T17:17:22.1785760Z Collecting sniffio>=1.1 (from anyio->httpx>=0.28.1->bump-my-version->-r /Users/runner/work/compas_occt/compas_occt/requirements-dev.txt (line 3))
2025-05-17T17:17:22.1786340Z   Downloading sniffio-1.3.1-py3-none-any.whl.metadata (3.9 kB)
2025-05-17T17:17:22.1786970Z Collecting soupsieve>1.2 (from beautifulsoup4->pydata-sphinx-theme<0.14,>=0.13->sphinx_compas2_theme->-r /Users/runner/work/compas_occt/compas_occt/requirements-dev.txt (line 7))
2025-05-17T17:17:22.1787770Z   Downloading soupsieve-2.7-py3-none-any.whl.metadata (4.6 kB)
2025-05-17T17:17:22.1788580Z Requirement already satisfied: jsonschema in /Users/runner/miniconda3/envs/compas/lib/python3.9/site-packages (from compas->sphinx_compas2_theme->-r /Users/runner/work/compas_occt/compas_occt/requirements-dev.txt (line 7)) (4.23.0)
2025-05-17T17:17:22.1789930Z Requirement already satisfied: networkx>=3.0 in /Users/runner/miniconda3/envs/compas/lib/python3.9/site-packages (from compas->sphinx_compas2_theme->-r /Users/runner/work/compas_occt/compas_occt/requirements-dev.txt (line 7)) (3.2.1)
2025-05-17T17:17:22.1791200Z Requirement already satisfied: scipy>=1.1 in /Users/runner/miniconda3/envs/compas/lib/python3.9/site-packages (from compas->sphinx_compas2_theme->-r /Users/runner/work/compas_occt/compas_occt/requirements-dev.txt (line 7)) (1.13.1)
2025-05-17T17:17:22.1792610Z Requirement already satisfied: watchdog in /Users/runner/miniconda3/envs/compas/lib/python3.9/site-packages (from compas->sphinx_compas2_theme->-r /Users/runner/work/compas_occt/compas_occt/requirements-dev.txt (line 7)) (6.0.0)
2025-05-17T17:17:22.1793590Z Collecting more-itertools (from jaraco.classes->keyring>=15.1->twine->-r /Users/runner/work/compas_occt/compas_occt/requirements-dev.txt (line 8))
2025-05-17T17:17:22.1794190Z   Downloading more_itertools-10.7.0-py3-none-any.whl.metadata (37 kB)
2025-05-17T17:17:22.1794950Z Collecting backports.tarfile (from jaraco.context->keyring>=15.1->twine->-r /Users/runner/work/compas_occt/compas_occt/requirements-dev.txt (line 8))
2025-05-17T17:17:22.1795590Z   Downloading backports.tarfile-1.2.0-py3-none-any.whl.metadata (2.0 kB)
2025-05-17T17:17:22.1796570Z Requirement already satisfied: jsonschema-specifications>=2023.03.6 in /Users/runner/miniconda3/envs/compas/lib/python3.9/site-packages (from jsonschema->compas->sphinx_compas2_theme->-r /Users/runner/work/compas_occt/compas_occt/requirements-dev.txt (line 7)) (2025.4.1)
2025-05-17T17:17:22.1798120Z Requirement already satisfied: referencing>=0.28.4 in /Users/runner/miniconda3/envs/compas/lib/python3.9/site-packages (from jsonschema->compas->sphinx_compas2_theme->-r /Users/runner/work/compas_occt/compas_occt/requirements-dev.txt (line 7)) (0.36.2)
2025-05-17T17:17:22.1799510Z Requirement already satisfied: rpds-py>=0.7.1 in /Users/runner/miniconda3/envs/compas/lib/python3.9/site-packages (from jsonschema->compas->sphinx_compas2_theme->-r /Users/runner/work/compas_occt/compas_occt/requirements-dev.txt (line 7)) (0.25.0)
2025-05-17T17:17:22.1801070Z Collecting tabulate>=0.8.10 (from numpydoc->sphinx_compas2_theme->-r /Users/runner/work/compas_occt/compas_occt/requirements-dev.txt (line 7))
2025-05-17T17:17:22.1801680Z   Downloading tabulate-0.9.0-py3-none-any.whl.metadata (34 kB)
2025-05-17T17:17:22.1802370Z Collecting python-dotenv>=0.21.0 (from pydantic-settings->bump-my-version->-r /Users/runner/work/compas_occt/compas_occt/requirements-dev.txt (line 3))
2025-05-17T17:17:22.1803000Z   Downloading python_dotenv-1.1.0-py3-none-any.whl.metadata (24 kB)
2025-05-17T17:17:22.1803610Z Collecting iniconfig (from pytest->sphinx_compas2_theme->-r /Users/runner/work/compas_occt/compas_occt/requirements-dev.txt (line 7))
2025-05-17T17:17:22.1804180Z   Downloading iniconfig-2.1.0-py3-none-any.whl.metadata (2.7 kB)
2025-05-17T17:17:22.1804750Z Collecting pluggy<2,>=1.5 (from pytest->sphinx_compas2_theme->-r /Users/runner/work/compas_occt/compas_occt/requirements-dev.txt (line 7))
2025-05-17T17:17:22.1805380Z   Downloading pluggy-1.6.0-py3-none-any.whl.metadata (4.8 kB)
2025-05-17T17:17:22.1806020Z Collecting prompt_toolkit<4.0,>=2.0 (from questionary->bump-my-version->-r /Users/runner/work/compas_occt/compas_occt/requirements-dev.txt (line 3))
2025-05-17T17:17:22.1806540Z   Downloading prompt_toolkit-3.0.51-py3-none-any.whl.metadata (6.4 kB)
2025-05-17T17:17:22.1807170Z Collecting wcwidth (from prompt_toolkit<4.0,>=2.0->questionary->bump-my-version->-r /Users/runner/work/compas_occt/compas_occt/requirements-dev.txt (line 3))
2025-05-17T17:17:22.1807840Z   Downloading wcwidth-0.2.13-py2.py3-none-any.whl.metadata (14 kB)
2025-05-17T17:17:22.1808430Z INFO: pip is looking at multiple versions of sphinx-book-theme to determine which version is compatible with other requirements. This could take a while.
2025-05-17T17:17:22.1809130Z Collecting sphinx-book-theme (from sphinx_compas2_theme->-r /Users/runner/work/compas_occt/compas_occt/requirements-dev.txt (line 7))
2025-05-17T17:17:22.1809620Z   Downloading sphinx_book_theme-1.1.3-py3-none-any.whl.metadata (5.7 kB)
2025-05-17T17:17:22.1810050Z   Downloading sphinx_book_theme-1.1.2-py3-none-any.whl.metadata (5.7 kB)
2025-05-17T17:17:22.1810610Z   Downloading sphinx_book_theme-1.1.1-py3-none-any.whl.metadata (5.7 kB)
2025-05-17T17:17:22.1810950Z   Downloading sphinx_book_theme-1.1.0-py3-none-any.whl.metadata (5.7 kB)
2025-05-17T17:17:22.1811630Z   Downloading sphinx_book_theme-1.0.1-py3-none-any.whl.metadata (5.8 kB)
2025-05-17T17:17:22.1812210Z Collecting sphinx (from sphinx_compas2_theme->-r /Users/runner/work/compas_occt/compas_occt/requirements-dev.txt (line 7))
2025-05-17T17:17:22.1812840Z   Downloading sphinx-6.2.1-py3-none-any.whl.metadata (6.2 kB)
2025-05-17T17:17:22.1813640Z INFO: pip is looking at multiple versions of sphinx to determine which version is compatible with other requirements. This could take a while.
2025-05-17T17:17:22.1814240Z   Downloading sphinx-6.2.0-py3-none-any.whl.metadata (6.2 kB)
2025-05-17T17:17:22.1814610Z   Downloading sphinx-6.1.3-py3-none-any.whl.metadata (6.1 kB)
2025-05-17T17:17:22.1815020Z   Downloading sphinx-6.1.2-py3-none-any.whl.metadata (6.1 kB)
2025-05-17T17:17:22.1815550Z   Downloading sphinx-6.1.1-py3-none-any.whl.metadata (6.1 kB)
2025-05-17T17:17:22.1815950Z   Downloading sphinx-6.1.0-py3-none-any.whl.metadata (6.1 kB)
2025-05-17T17:17:22.1816420Z   Downloading sphinx-6.0.1-py3-none-any.whl.metadata (6.2 kB)
2025-05-17T17:17:22.1816860Z   Downloading sphinx-6.0.0-py3-none-any.whl.metadata (6.2 kB)
2025-05-17T17:17:22.1817440Z INFO: pip is still looking at multiple versions of sphinx to determine which version is compatible with other requirements. This could take a while.
2025-05-17T17:17:22.1818370Z INFO: pip is still looking at multiple versions of sphinx-book-theme to determine which version is compatible with other requirements. This could take a while.
2025-05-17T17:17:22.1819160Z Collecting sphinx-book-theme (from sphinx_compas2_theme->-r /Users/runner/work/compas_occt/compas_occt/requirements-dev.txt (line 7))
2025-05-17T17:17:22.1819990Z   Downloading sphinx_book_theme-1.0.0-py3-none-any.whl.metadata (5.8 kB)
2025-05-17T17:17:22.1821170Z INFO: This is taking longer than usual. You might need to provide the dependency resolver with stricter constraints to reduce runtime. See https://pip.pypa.io/warnings/backtracking for guidance. If you want to abort this run, press Ctrl + C.
2025-05-17T17:17:22.1822390Z INFO: This is taking longer than usual. You might need to provide the dependency resolver with stricter constraints to reduce runtime. See https://pip.pypa.io/warnings/backtracking for guidance. If you want to abort this run, press Ctrl + C.
2025-05-17T17:17:22.1823250Z   Downloading sphinx_book_theme-0.3.3-py3-none-any.whl.metadata (5.7 kB)
2025-05-17T17:17:22.1823600Z   Downloading sphinx_book_theme-0.3.2-py3-none-any.whl.metadata (3.9 kB)
2025-05-17T17:17:22.1823930Z   Downloading sphinx_book_theme-0.3.1-py3-none-any.whl.metadata (3.9 kB)
2025-05-17T17:17:22.1824270Z   Downloading sphinx_book_theme-0.3.0-py3-none-any.whl.metadata (3.9 kB)
2025-05-17T17:17:22.1824610Z   Downloading sphinx_book_theme-0.2.0-py3-none-any.whl.metadata (4.3 kB)
2025-05-17T17:17:22.1824940Z   Downloading sphinx_book_theme-0.1.10-py3-none-any.whl.metadata (4.3 kB)
2025-05-17T17:17:22.1825300Z   Downloading sphinx_book_theme-0.1.9-py3-none-any.whl.metadata (4.3 kB)
2025-05-17T17:17:22.1825630Z   Downloading sphinx_book_theme-0.1.8-py3-none-any.whl.metadata (4.3 kB)
2025-05-17T17:17:22.1825960Z   Downloading sphinx_book_theme-0.1.7-py3-none-any.whl.metadata (4.2 kB)
2025-05-17T17:17:22.1826290Z   Downloading sphinx_book_theme-0.1.6-py3-none-any.whl.metadata (4.2 kB)
2025-05-17T17:17:22.1826650Z   Downloading sphinx_book_theme-0.1.5-py3-none-any.whl.metadata (4.2 kB)
2025-05-17T17:17:22.1826980Z   Downloading sphinx_book_theme-0.1.4-py3-none-any.whl.metadata (4.2 kB)
2025-05-17T17:17:22.1827310Z   Downloading sphinx_book_theme-0.1.3-py3-none-any.whl.metadata (4.2 kB)
2025-05-17T17:17:22.1828070Z Requirement already satisfied: pyyaml in /Users/runner/miniconda3/envs/compas/lib/python3.9/site-packages (from sphinx-book-theme->sphinx_compas2_theme->-r /Users/runner/work/compas_occt/compas_occt/requirements-dev.txt (line 7)) (6.0.2)
2025-05-17T17:17:22.1828880Z   Downloading sphinx_book_theme-0.1.2-py3-none-any.whl.metadata (4.1 kB)
2025-05-17T17:17:22.1829210Z   Downloading sphinx_book_theme-0.1.1-py3-none-any.whl.metadata (4.1 kB)
2025-05-17T17:17:22.1829540Z   Downloading sphinx_book_theme-0.1.0-py3-none-any.whl.metadata (4.1 kB)
2025-05-17T17:17:22.1829880Z   Downloading sphinx_book_theme-0.0.42-py3-none-any.whl.metadata (4.1 kB)
2025-05-17T17:17:22.1830220Z   Downloading sphinx_book_theme-0.0.41-py3-none-any.whl.metadata (4.1 kB)
2025-05-17T17:17:22.1830570Z   Downloading sphinx_book_theme-0.0.40-py3-none-any.whl.metadata (4.1 kB)
2025-05-17T17:17:22.1830920Z   Downloading sphinx_book_theme-0.0.39-py3-none-any.whl.metadata (4.0 kB)
2025-05-17T17:17:22.1831270Z   Downloading sphinx_book_theme-0.0.38-py3-none-any.whl.metadata (4.0 kB)
2025-05-17T17:17:22.1831610Z   Downloading sphinx_book_theme-0.0.37-py3-none-any.whl.metadata (4.0 kB)
2025-05-17T17:17:22.1831950Z   Downloading sphinx_book_theme-0.0.36-py3-none-any.whl.metadata (3.6 kB)
2025-05-17T17:17:22.1832720Z Requirement already satisfied: setuptools in /Users/runner/miniconda3/envs/compas/lib/python3.9/site-packages (from sphinx-book-theme->sphinx_compas2_theme->-r /Users/runner/work/compas_occt/compas_occt/requirements-dev.txt (line 7)) (80.1.0)
2025-05-17T17:17:22.1833670Z Collecting libsass (from sphinx-book-theme->sphinx_compas2_theme->-r /Users/runner/work/compas_occt/compas_occt/requirements-dev.txt (line 7))
2025-05-17T17:17:22.1834430Z   Downloading libsass-0.23.0-cp38-abi3-macosx_11_0_x86_64.whl.metadata (4.2 kB)
2025-05-17T17:17:22.1834930Z Collecting sphinx-book-theme (from sphinx_compas2_theme->-r /Users/runner/work/compas_occt/compas_occt/requirements-dev.txt (line 7))
2025-05-17T17:17:22.1835420Z   Downloading sphinx_book_theme-0.0.35-py3-none-any.whl.metadata (3.7 kB)
2025-05-17T17:17:22.1835860Z   Downloading sphinx_book_theme-0.0.34-py3-none-any.whl.metadata (3.6 kB)
2025-05-17T17:17:22.1836220Z   Downloading sphinx_book_theme-0.0.33-py3-none-any.whl.metadata (3.6 kB)
2025-05-17T17:17:22.1836560Z   Downloading sphinx_book_theme-0.0.32-py3-none-any.whl.metadata (3.6 kB)
2025-05-17T17:17:22.1836910Z   Downloading sphinx_book_theme-0.0.31-py3-none-any.whl.metadata (3.6 kB)
2025-05-17T17:17:22.1837300Z   Downloading sphinx_book_theme-0.0.30-py3-none-any.whl.metadata (3.6 kB)
2025-05-17T17:17:22.1837670Z   Downloading sphinx_book_theme-0.0.29-py3-none-any.whl.metadata (3.6 kB)
2025-05-17T17:17:22.1838020Z   Downloading sphinx_book_theme-0.0.28-py3-none-any.whl.metadata (3.6 kB)
2025-05-17T17:17:22.1838350Z   Downloading sphinx_book_theme-0.0.27-py3-none-any.whl.metadata (3.6 kB)
2025-05-17T17:17:22.1838690Z   Downloading sphinx_book_theme-0.0.26-py3-none-any.whl.metadata (3.6 kB)
2025-05-17T17:17:22.1839040Z   Downloading sphinx_book_theme-0.0.25-py3-none-any.whl.metadata (3.6 kB)
2025-05-17T17:17:22.1839390Z   Downloading sphinx_book_theme-0.0.24-py3-none-any.whl.metadata (3.6 kB)
2025-05-17T17:17:22.1839740Z   Downloading sphinx_book_theme-0.0.23-py3-none-any.whl.metadata (3.6 kB)
2025-05-17T17:17:22.1840080Z   Downloading sphinx_book_theme-0.0.22-py3-none-any.whl.metadata (3.6 kB)
2025-05-17T17:17:22.1840440Z   Downloading sphinx_book_theme-0.0.21-py3-none-any.whl.metadata (3.6 kB)
2025-05-17T17:17:22.1840790Z   Downloading sphinx_book_theme-0.0.20-py3-none-any.whl.metadata (3.6 kB)
2025-05-17T17:17:22.1841140Z   Downloading sphinx_book_theme-0.0.19-py3-none-any.whl.metadata (3.6 kB)
2025-05-17T17:17:22.1841490Z   Downloading sphinx_book_theme-0.0.18-py3-none-any.whl.metadata (3.6 kB)
2025-05-17T17:17:22.1841840Z   Downloading sphinx_book_theme-0.0.17-py3-none-any.whl.metadata (3.6 kB)
2025-05-17T17:17:22.1842180Z   Downloading sphinx_book_theme-0.0.16-py3-none-any.whl.metadata (2.3 kB)
2025-05-17T17:17:22.1842520Z   Downloading sphinx_book_theme-0.0.15-py3-none-any.whl.metadata (2.3 kB)
2025-05-17T17:17:22.1842880Z   Downloading sphinx_book_theme-0.0.14-py3-none-any.whl.metadata (2.3 kB)
2025-05-17T17:17:22.1843230Z   Downloading sphinx_book_theme-0.0.13-py3-none-any.whl.metadata (2.3 kB)
2025-05-17T17:17:22.1843570Z   Downloading sphinx_book_theme-0.0.12-py3-none-any.whl.metadata (2.3 kB)
2025-05-17T17:17:22.1843920Z   Downloading sphinx_book_theme-0.0.11-py3-none-any.whl.metadata (2.3 kB)
2025-05-17T17:17:22.1844450Z Collecting pybtex>=0.24 (from sphinxcontrib-bibtex->sphinx_compas2_theme->-r /Users/runner/work/compas_occt/compas_occt/requirements-dev.txt (line 7))
2025-05-17T17:17:22.1844960Z   Downloading pybtex-0.24.0-py2.py3-none-any.whl.metadata (2.0 kB)
2025-05-17T17:17:22.1845530Z Collecting pybtex-docutils>=1.0.0 (from sphinxcontrib-bibtex->sphinx_compas2_theme->-r /Users/runner/work/compas_occt/compas_occt/requirements-dev.txt (line 7))
2025-05-17T17:17:22.1846140Z   Downloading pybtex_docutils-1.0.3-py3-none-any.whl.metadata (4.3 kB)
2025-05-17T17:17:22.1846710Z Collecting latexcodec>=1.0.4 (from pybtex>=0.24->sphinxcontrib-bibtex->sphinx_compas2_theme->-r /Users/runner/work/compas_occt/compas_occt/requirements-dev.txt (line 7))
2025-05-17T17:17:22.1847260Z   Downloading latexcodec-3.0.0-py3-none-any.whl.metadata (4.9 kB)
2025-05-17T17:17:22.1847830Z Collecting six (from pybtex>=0.24->sphinxcontrib-bibtex->sphinx_compas2_theme->-r /Users/runner/work/compas_occt/compas_occt/requirements-dev.txt (line 7))
2025-05-17T17:17:22.1848350Z   Downloading six-1.17.0-py2.py3-none-any.whl.metadata (1.7 kB)
2025-05-17T17:17:22.1848650Z Downloading black-25.1.0-cp39-cp39-macosx_10_9_x86_64.whl (1.6 MB)
2025-05-17T17:17:22.1849400Z    ━━━━━━━━━━━━━━━━━━━━━━━━━━━━━━━━━━━━━━━━ 1.6/1.6 MB 35.1 MB/s eta 0:00:00
2025-05-17T17:17:22.1849810Z Downloading bump_my_version-1.1.3-py3-none-any.whl (59 kB)
2025-05-17T17:17:22.1850120Z Downloading compas_invocations2-0.3.2-py3-none-any.whl (10 kB)
2025-05-17T17:17:22.1850390Z Downloading invoke-2.2.0-py3-none-any.whl (160 kB)
2025-05-17T17:17:22.1850670Z Downloading ruff-0.11.10-py3-none-macosx_10_12_x86_64.whl (11.1 MB)
2025-05-17T17:17:22.1851340Z    ━━━━━━━━━━━━━━━━━━━━━━━━━━━━━━━━━━━━━━━━ 11.1/11.1 MB 165.6 MB/s eta 0:00:00
2025-05-17T17:17:22.1851630Z Downloading sphinx_compas2_theme-0.1.10-py2.py3-none-any.whl (77 kB)
2025-05-17T17:17:22.1851940Z Downloading pydata_sphinx_theme-0.13.3-py3-none-any.whl (2.0 MB)
2025-05-17T17:17:22.1852320Z    ━━━━━━━━━━━━━━━━━━━━━━━━━━━━━━━━━━━━━━━━ 2.0/2.0 MB 154.3 MB/s eta 0:00:00
2025-05-17T17:17:22.1852550Z Downloading twine-6.1.0-py3-none-any.whl (40 kB)
2025-05-17T17:17:22.1852810Z Using cached scikit_build_core-0.11.3-py3-none-any.whl (186 kB)
2025-05-17T17:17:22.1853090Z Using cached nanobind-2.7.0-py3-none-any.whl (241 kB)
2025-05-17T17:17:22.1853390Z Downloading cmake-4.0.2-py3-none-macosx_10_10_universal2.whl (48.7 MB)
2025-05-17T17:17:22.1853720Z    ━━━━━━━━━━━━━━━━━━━━━━━━━━━━━━━━━━━━━━━━ 48.7/48.7 MB 166.6 MB/s eta 0:00:00
2025-05-17T17:17:22.1853980Z Downloading build-1.2.2.post1-py3-none-any.whl (22 kB)
2025-05-17T17:17:22.1854260Z Downloading click-8.1.8-py3-none-any.whl (98 kB)
2025-05-17T17:17:22.1854500Z Downloading docutils-0.21.2-py3-none-any.whl (587 kB)
2025-05-17T17:17:22.1854820Z    ━━━━━━━━━━━━━━━━━━━━━━━━━━━━━━━━━━━━━━━━ 587.4/587.4 kB 34.6 MB/s eta 0:00:00
2025-05-17T17:17:22.1855090Z Using cached exceptiongroup-1.3.0-py3-none-any.whl (16 kB)
2025-05-17T17:17:22.1855340Z Downloading httpx-0.28.1-py3-none-any.whl (73 kB)
2025-05-17T17:17:22.1855570Z Downloading httpcore-1.0.9-py3-none-any.whl (78 kB)
2025-05-17T17:17:22.1855800Z Downloading h11-0.16.0-py3-none-any.whl (37 kB)
2025-05-17T17:17:22.1856080Z Downloading importlib_metadata-8.7.0-py3-none-any.whl (27 kB)
2025-05-17T17:17:22.1856350Z Downloading jinja2-3.1.6-py3-none-any.whl (134 kB)
2025-05-17T17:17:22.1856600Z Downloading keyring-25.6.0-py3-none-any.whl (39 kB)
2025-05-17T17:17:22.1856900Z Downloading MarkupSafe-3.0.2-cp39-cp39-macosx_10_9_universal2.whl (14 kB)
2025-05-17T17:17:22.1857220Z Downloading mypy_extensions-1.1.0-py3-none-any.whl (5.0 kB)
2025-05-17T17:17:22.1857490Z Using cached packaging-25.0-py3-none-any.whl (66 kB)
2025-05-17T17:17:22.1857740Z Using cached pathspec-0.12.1-py3-none-any.whl (31 kB)
2025-05-17T17:17:22.1857990Z Downloading platformdirs-4.3.8-py3-none-any.whl (18 kB)
2025-05-17T17:17:22.1858250Z Downloading pydantic-2.11.4-py3-none-any.whl (443 kB)
2025-05-17T17:17:22.1858560Z Downloading pydantic_core-2.33.2-cp39-cp39-macosx_10_12_x86_64.whl (2.0 MB)
2025-05-17T17:17:22.1858920Z    ━━━━━━━━━━━━━━━━━━━━━━━━━━━━━━━━━━━━━━━━ 2.0/2.0 MB 175.4 MB/s eta 0:00:00
2025-05-17T17:17:22.1859180Z Downloading annotated_types-0.7.0-py3-none-any.whl (13 kB)
2025-05-17T17:17:22.1859450Z Downloading pygments-2.19.1-py3-none-any.whl (1.2 MB)
2025-05-17T17:17:22.1859750Z    ━━━━━━━━━━━━━━━━━━━━━━━━━━━━━━━━━━━━━━━━ 1.2/1.2 MB 163.0 MB/s eta 0:00:00
2025-05-17T17:17:22.1860020Z Downloading readme_renderer-44.0-py3-none-any.whl (13 kB)
2025-05-17T17:17:22.1860400Z Downloading nh3-0.2.21-cp38-abi3-macosx_10_12_x86_64.macosx_11_0_arm64.macosx_10_12_universal2.whl (1.3 MB)
2025-05-17T17:17:22.1860820Z    ━━━━━━━━━━━━━━━━━━━━━━━━━━━━━━━━━━━━━━━━ 1.3/1.3 MB 36.3 MB/s eta 0:00:00
2025-05-17T17:17:22.1861060Z Downloading requests-2.32.3-py3-none-any.whl (64 kB)
2025-05-17T17:17:22.1861380Z Downloading charset_normalizer-3.4.2-cp39-cp39-macosx_10_9_universal2.whl (201 kB)
2025-05-17T17:17:22.1861710Z Downloading idna-3.10-py3-none-any.whl (70 kB)
2025-05-17T17:17:22.1861930Z Downloading urllib3-2.4.0-py3-none-any.whl (128 kB)
2025-05-17T17:17:22.1862180Z Using cached certifi-2025.4.26-py3-none-any.whl (159 kB)
2025-05-17T17:17:22.1862570Z Downloading requests_toolbelt-1.0.0-py2.py3-none-any.whl (54 kB)
2025-05-17T17:17:22.1862850Z Downloading rfc3986-2.0.0-py2.py3-none-any.whl (31 kB)
2025-05-17T17:17:22.1863090Z Downloading rich-14.0.0-py3-none-any.whl (243 kB)
2025-05-17T17:17:22.1863330Z Downloading markdown_it_py-3.0.0-py3-none-any.whl (87 kB)
2025-05-17T17:17:22.1863570Z Downloading mdurl-0.1.2-py3-none-any.whl (10.0 kB)
2025-05-17T17:17:22.1863870Z Downloading sphinx-7.4.7-py3-none-any.whl (3.4 MB)
2025-05-17T17:17:22.1864160Z    ━━━━━━━━━━━━━━━━━━━━━━━━━━━━━━━━━━━━━━━━ 3.4/3.4 MB 182.9 MB/s eta 0:00:00
2025-05-17T17:17:22.1864420Z Downloading alabaster-0.7.16-py3-none-any.whl (13 kB)
2025-05-17T17:17:22.1864660Z Downloading babel-2.17.0-py3-none-any.whl (10.2 MB)
2025-05-17T17:17:22.1864950Z    ━━━━━━━━━━━━━━━━━━━━━━━━━━━━━━━━━━━━━━━━ 10.2/10.2 MB 214.8 MB/s eta 0:00:00
2025-05-17T17:17:22.1865210Z Downloading imagesize-1.4.1-py2.py3-none-any.whl (8.8 kB)
2025-05-17T17:17:22.1865490Z Downloading snowballstemmer-3.0.1-py3-none-any.whl (103 kB)
2025-05-17T17:17:22.1865790Z Downloading sphinxcontrib_htmlhelp-2.1.0-py3-none-any.whl (98 kB)
2025-05-17T17:17:22.1866130Z Downloading sphinxcontrib_serializinghtml-2.0.0-py3-none-any.whl (92 kB)
2025-05-17T17:17:22.1866420Z Using cached tomli-2.2.1-py3-none-any.whl (14 kB)
2025-05-17T17:17:22.1866670Z Downloading typing_inspection-0.4.0-py3-none-any.whl (14 kB)
2025-05-17T17:17:22.1866950Z Downloading wcmatch-10.0-py3-none-any.whl (39 kB)
2025-05-17T17:17:22.1867200Z Downloading bracex-2.5.post1-py3-none-any.whl (11 kB)
2025-05-17T17:17:22.1867480Z Downloading accessible_pygments-0.0.5-py3-none-any.whl (1.4 MB)
2025-05-17T17:17:22.1867800Z    ━━━━━━━━━━━━━━━━━━━━━━━━━━━━━━━━━━━━━━━━ 1.4/1.4 MB 154.2 MB/s eta 0:00:00
2025-05-17T17:17:22.1868040Z Downloading anyio-4.9.0-py3-none-any.whl (100 kB)
2025-05-17T17:17:22.1868260Z Downloading sniffio-1.3.1-py3-none-any.whl (10 kB)
2025-05-17T17:17:22.1868520Z Downloading beautifulsoup4-4.13.4-py3-none-any.whl (187 kB)
2025-05-17T17:17:22.1868790Z Downloading soupsieve-2.7-py3-none-any.whl (36 kB)
2025-05-17T17:17:22.1869010Z Downloading id-1.5.0-py3-none-any.whl (13 kB)
2025-05-17T17:17:22.1869270Z Downloading jaraco.classes-3.4.0-py3-none-any.whl (6.8 kB)
2025-05-17T17:17:22.1869550Z Downloading jaraco.context-6.0.1-py3-none-any.whl (6.8 kB)
2025-05-17T17:17:22.1869830Z Downloading backports.tarfile-1.2.0-py3-none-any.whl (30 kB)
2025-05-17T17:17:22.1870130Z Downloading jaraco.functools-4.1.0-py3-none-any.whl (10 kB)
2025-05-17T17:17:22.1870410Z Downloading more_itertools-10.7.0-py3-none-any.whl (65 kB)
2025-05-17T17:17:22.1870670Z Downloading numpydoc-1.8.0-py3-none-any.whl (64 kB)
2025-05-17T17:17:22.1870900Z Downloading tabulate-0.9.0-py3-none-any.whl (35 kB)
2025-05-17T17:17:22.1871170Z Downloading pydantic_settings-2.9.1-py3-none-any.whl (44 kB)
2025-05-17T17:17:22.1871440Z Downloading python_dotenv-1.1.0-py3-none-any.whl (20 kB)
2025-05-17T17:17:22.1871710Z Downloading pydocstyle-6.3.0-py3-none-any.whl (38 kB)
2025-05-17T17:17:22.1871980Z Downloading pyproject_hooks-1.2.0-py3-none-any.whl (10 kB)
2025-05-17T17:17:22.1872240Z Downloading pytest-8.3.5-py3-none-any.whl (343 kB)
2025-05-17T17:17:22.1872470Z Downloading pluggy-1.6.0-py3-none-any.whl (20 kB)
2025-05-17T17:17:22.1872710Z Downloading iniconfig-2.1.0-py3-none-any.whl (6.0 kB)
2025-05-17T17:17:22.1872970Z Downloading pytest_mock-3.14.0-py3-none-any.whl (9.9 kB)
2025-05-17T17:17:22.1873220Z Downloading questionary-2.1.0-py3-none-any.whl (36 kB)
2025-05-17T17:17:22.1873490Z Downloading prompt_toolkit-3.0.51-py3-none-any.whl (387 kB)
2025-05-17T17:17:22.1873760Z Downloading rich_click-1.8.8-py3-none-any.whl (35 kB)
2025-05-17T17:17:22.1874020Z Downloading sphinx_book_theme-0.0.11-py3-none-any.whl (21 kB)
2025-05-17T17:17:22.1874330Z Downloading libsass-0.23.0-cp38-abi3-macosx_11_0_x86_64.whl (1.1 MB)
2025-05-17T17:17:22.1874680Z    ━━━━━━━━━━━━━━━━━━━━━━━━━━━━━━━━━━━━━━━━ 1.1/1.1 MB 121.9 MB/s eta 0:00:00
2025-05-17T17:17:22.1874960Z Downloading sphinx_copybutton-0.5.2-py3-none-any.whl (13 kB)
2025-05-17T17:17:22.1875360Z Downloading sphinx_design-0.6.1-py3-none-any.whl (2.2 MB)
2025-05-17T17:17:22.1875670Z    ━━━━━━━━━━━━━━━━━━━━━━━━━━━━━━━━━━━━━━━━ 2.2/2.2 MB 168.2 MB/s eta 0:00:00
2025-05-17T17:17:22.1875930Z Downloading sphinx_favicon-1.0.1-py3-none-any.whl (7.0 kB)
2025-05-17T17:17:22.1876220Z Downloading sphinx_inline_tabs-2023.4.21-py3-none-any.whl (6.8 kB)
2025-05-17T17:17:22.1876550Z Downloading sphinx_remove_toctrees-1.0.0.post1-py3-none-any.whl (5.2 kB)
2025-05-17T17:17:22.1876980Z Downloading sphinx_togglebutton-0.3.2-py3-none-any.whl (8.2 kB)
2025-05-17T17:17:22.1877300Z Downloading sphinxcontrib_applehelp-2.0.0-py3-none-any.whl (119 kB)
2025-05-17T17:17:22.1877620Z Downloading sphinxcontrib_bibtex-2.6.3-py3-none-any.whl (40 kB)
2025-05-17T17:17:22.1877910Z Downloading pybtex-0.24.0-py2.py3-none-any.whl (561 kB)
2025-05-17T17:17:22.1878210Z    ━━━━━━━━━━━━━━━━━━━━━━━━━━━━━━━━━━━━━━━━ 561.4/561.4 kB 74.5 MB/s eta 0:00:00
2025-05-17T17:17:22.1878460Z Downloading latexcodec-3.0.0-py3-none-any.whl (18 kB)
2025-05-17T17:17:22.1878740Z Downloading pybtex_docutils-1.0.3-py3-none-any.whl (6.4 kB)
2025-05-17T17:17:22.1879000Z Downloading six-1.17.0-py2.py3-none-any.whl (11 kB)
2025-05-17T17:17:22.1879280Z Downloading sphinxcontrib_devhelp-2.0.0-py3-none-any.whl (82 kB)
2025-05-17T17:17:22.1879600Z Downloading sphinxcontrib_jsmath-1.0.1-py2.py3-none-any.whl (5.1 kB)
2025-05-17T17:17:22.1879920Z Downloading sphinxcontrib_qthelp-2.0.0-py3-none-any.whl (88 kB)
2025-05-17T17:17:22.1880250Z Downloading sphinxcontrib_youtube-1.4.1-py2.py3-none-any.whl (6.5 kB)
2025-05-17T17:17:22.1880540Z Downloading tomlkit-0.13.2-py3-none-any.whl (37 kB)
2025-05-17T17:17:22.1880790Z Downloading wcwidth-0.2.13-py2.py3-none-any.whl (34 kB)
2025-05-17T17:17:22.1881040Z Building wheels for collected packages: compas_occt
2025-05-17T17:17:22.1881290Z   Building wheel for compas_occt (pyproject.toml): started
2025-05-17T17:17:22.1881570Z   Building wheel for compas_occt (pyproject.toml): still running...
2025-05-17T17:17:22.1881900Z   Building wheel for compas_occt (pyproject.toml): finished with status 'error'
2025-05-17T17:17:22.1882170Z Failed to build compas_occt
2025-05-17T17:17:22.2501650Z 
2025-05-17T17:17:22.2602610Z failed
2025-05-17T17:17:22.2630310Z 
2025-05-17T17:17:22.2630720Z CondaEnvException: Pip failed
2025-05-17T17:17:22.2630970Z 
2025-05-17T17:17:22.6368790Z ##[error]Process completed with exit code 1.
